Component: Arm Compiler for Embedded 6.19 Tool: armlink [5e73cb00]

==============================================================================

Section Cross References

    code.o(.text.handle_string) refers to strlen.o(.text) for strlen
    code.o(.text.handle_string) refers to code.o(.bss.green) for green
    code.o(.text.handle_string) refers to code.o(.bss.yellow) for yellow
    code.o(.text.handle_string) refers to code.o(.data.red) for red
    code.o(.text.handle_string) refers to code.o(.data.extra) for extra
    code.o(.text.handle_string) refers to code.o(.rodata.str1.1) for .L.str
    code.o(.text.handle_string) refers to sprintf.o(.text) for sprintf
    code.o(.text.handle_string) refers to code.o(.bss.traffic_monitor) for traffic_monitor
    code.o(.ARM.exidx.text.handle_string) refers to code.o(.text.handle_string) for [Anonymous Symbol]
    code.o(.text.handle_input) refers to code.o(.bss.u) for u
    code.o(.text.handle_input) refers to code.o(.bss.z) for z
    code.o(.text.handle_input) refers to code.o(.bss.y) for y
    code.o(.text.handle_input) refers to code.o(.rodata.str1.1) for .L.str.2
    code.o(.text.handle_input) refers to code.o(.bss.x) for x
    code.o(.text.handle_input) refers to code.o(.bss.w) for w
    code.o(.text.handle_input) refers to sscanf.o(.text) for sscanf
    code.o(.text.handle_input) refers to code.o(.bss.D) for D
    code.o(.text.handle_input) refers to strcmpv7em.o(.text) for strcmp
    code.o(.ARM.exidx.text.handle_input) refers to code.o(.text.handle_input) for [Anonymous Symbol]
    code.o(.text.process_output) refers to code.o(.bss.out_buffer) for out_buffer
    code.o(.text.process_output) refers to code.o(.text.handle_input) for handle_input
    code.o(.text.process_output) refers to code.o(.bss.w) for w
    code.o(.text.process_output) refers to code.o(.bss.green) for green
    code.o(.text.process_output) refers to code.o(.bss.y) for y
    code.o(.text.process_output) refers to code.o(.bss.yellow) for yellow
    code.o(.text.process_output) refers to code.o(.bss.z) for z
    code.o(.text.process_output) refers to code.o(.data.red) for red
    code.o(.text.process_output) refers to code.o(.bss.u) for u
    code.o(.text.process_output) refers to code.o(.data.extra) for extra
    code.o(.text.process_output) refers to code.o(.bss.D) for D
    code.o(.text.process_output) refers to code.o(.bss.traffic_monitor) for traffic_monitor
    code.o(.text.process_output) refers to code.o(.bss.traffic1) for traffic1
    code.o(.text.process_output) refers to code.o(.rodata.str1.1) for .L.str.7
    code.o(.text.process_output) refers to strcpy.o(.text) for strcpy
    code.o(.text.process_output) refers to code.o(.bss.traffic2) for traffic2
    code.o(.text.process_output) refers to code.o(.bss.traffic3) for traffic3
    code.o(.text.process_output) refers to code.o(.bss.tmp) for tmp
    code.o(.text.process_output) refers to code.o(.text.handle_string) for handle_string
    code.o(.text.process_output) refers to strcat.o(.text) for strcat
    code.o(.text.process_output) refers to code.o(.bss.x) for x
    code.o(.text.process_output) refers to usart.o(.text.UART_SendString) for UART_SendString
    code.o(.ARM.exidx.text.process_output) refers to code.o(.text.process_output) for [Anonymous Symbol]
    code.o(.text.intToString) refers to code.o(.bss.intToString.str) for intToString.str
    code.o(.text.intToString) refers to code.o(.rodata.str1.1) for .L.str.1
    code.o(.text.intToString) refers to sprintf.o(.text) for sprintf
    code.o(.ARM.exidx.text.intToString) refers to code.o(.text.intToString) for [Anonymous Symbol]
    code.o(.text.trafficGenerator) refers to rand.o(.emb_text) for rand
    code.o(.ARM.exidx.text.trafficGenerator) refers to code.o(.text.trafficGenerator) for [Anonymous Symbol]
    code.o(.text.read) refers to spi.o(.text.CS_Enable) for CS_Enable
    code.o(.text.read) refers to spi.o(.text.SPI2_Transmit) for SPI2_Transmit
    code.o(.text.read) refers to spi.o(.text.CS_Disable) for CS_Disable
    code.o(.ARM.exidx.text.read) refers to code.o(.text.read) for [Anonymous Symbol]
    code.o(.text.write) refers to spi.o(.text.CS_Enable) for CS_Enable
    code.o(.text.write) refers to spi.o(.text.SPI2_Transmit) for SPI2_Transmit
    code.o(.text.write) refers to spi.o(.text.CS_Disable) for CS_Disable
    code.o(.ARM.exidx.text.write) refers to code.o(.text.write) for [Anonymous Symbol]
    code.o(.text.main) refers to code.o(.bss.con_in) for con_in
    code.o(.text.main) refers to code.o(.bss.con_out) for con_out
    code.o(.text.main) refers to code.o(.bss.con_flag) for con_flag
    code.o(.text.main) refers to code.o(.bss.tim_flag) for tim_flag
    code.o(.text.main) refers to code.o(.bss.slave_flag) for slave_flag
    code.o(.text.main) refers to code.o(.bss.out) for out
    code.o(.text.main) refers to clock.o(.text.initClock) for initClock
    code.o(.text.main) refers to sys_init.o(.text.sysInit) for sysInit
[...]
    CL$$btod_emul                            0x08003f58   Section       42  btod.o(CL$$btod_emul)
    CL$$btod_emuld                           0x08003f82   Section       42  btod.o(CL$$btod_emuld)
    CL$$btod_mult_common                     0x08003fac   Section      580  btod.o(CL$$btod_mult_common)
    i.__ARM_fpclassify                       0x080041f0   Section        0  fpclassify.o(i.__ARM_fpclassify)
    i.__hardfp___mathlib_tofloat             0x08004220   Section        0  narrow.o(i.__hardfp___mathlib_tofloat)
    i.__hardfp_ldexp                         0x08004318   Section        0  ldexp.o(i.__hardfp_ldexp)
    i.__mathlib_dbl_overflow                 0x080043e8   Section        0  dunder.o(i.__mathlib_dbl_overflow)
    i.__mathlib_dbl_underflow                0x08004408   Section        0  dunder.o(i.__mathlib_dbl_underflow)
    i.__mathlib_narrow                       0x08004428   Section        0  narrow.o(i.__mathlib_narrow)
    i.__support_ldexp                        0x0800443a   Section        0  ldexp.o(i.__support_ldexp)
    i._is_digit                              0x0800444e   Section        0  __printf_wp.o(i._is_digit)
    i.frexp                                  0x08004460   Section        0  frexp.o(i.frexp)
    locale$$code                             0x080044ec   Section       44  lc_numeric_c.o(locale$$code)
    locale$$code                             0x08004518   Section       44  lc_ctype_c.o(locale$$code)
    $v0                                      0x08004544   Number         0  d2f.o(x$fpl$d2f)
    x$fpl$d2f                                0x08004544   Section       98  d2f.o(x$fpl$d2f)
    $v0                                      0x080045a8   Number         0  dcheck1.o(x$fpl$dcheck1)
    x$fpl$dcheck1                            0x080045a8   Section       16  dcheck1.o(x$fpl$dcheck1)
    $v0                                      0x080045b8   Number         0  dcmpi.o(x$fpl$dcmpinf)
    x$fpl$dcmpinf                            0x080045b8   Section       24  dcmpi.o(x$fpl$dcmpinf)
    $v0                                      0x080045d0   Number         0  deqf.o(x$fpl$deqf)
    x$fpl$deqf                               0x080045d0   Section      120  deqf.o(x$fpl$deqf)
    $v0                                      0x08004648   Number         0  dleqf.o(x$fpl$dleqf)
    x$fpl$dleqf                              0x08004648   Section      120  dleqf.o(x$fpl$dleqf)
    $v0                                      0x080046c0   Number         0  dmul.o(x$fpl$dmul)
    x$fpl$dmul                               0x080046c0   Section      340  dmul.o(x$fpl$dmul)
    $v0                                      0x08004814   Number         0  dnaninf.o(x$fpl$dnaninf)
    x$fpl$dnaninf                            0x08004814   Section      156  dnaninf.o(x$fpl$dnaninf)
    $v0                                      0x080048b0   Number         0  dretinf.o(x$fpl$dretinf)
    x$fpl$dretinf                            0x080048b0   Section       12  dretinf.o(x$fpl$dretinf)
    $v0                                      0x080048bc   Number         0  drleqf.o(x$fpl$drleqf)
    x$fpl$drleqf                             0x080048bc   Section      108  drleqf.o(x$fpl$drleqf)
    $v0                                      0x08004928   Number         0  fpinit.o(x$fpl$fpinit)
    x$fpl$fpinit                             0x08004928   Section       26  fpinit.o(x$fpl$fpinit)
    $v0                                      0x08004942   Number         0  fretinf.o(x$fpl$fretinf)
    x$fpl$fretinf                            0x08004942   Section       10  fretinf.o(x$fpl$fretinf)
    $v0                                      0x0800494c   Number         0  istatus.o(x$fpl$ieeestatus)
    x$fpl$ieeestatus                         0x0800494c   Section        6  istatus.o(x$fpl$ieeestatus)
    $v0                                      0x08004952   Number         0  printf1.o(x$fpl$printf1)
    x$fpl$printf1                            0x08004952   Section        4  printf1.o(x$fpl$printf1)
    $v0                                      0x08004956   Number         0  printf2.o(x$fpl$printf2)
    x$fpl$printf2                            0x08004956   Section        4  printf2.o(x$fpl$printf2)
    $v0                                      0x0800495a   Number         0  retnan.o(x$fpl$retnan)
    x$fpl$retnan                             0x0800495a   Section      100  retnan.o(x$fpl$retnan)
    $v0                                      0x080049be   Number         0  scalbn.o(x$fpl$scalbn)
    x$fpl$scalbn                             0x080049be   Section       92  scalbn.o(x$fpl$scalbn)
    $v0                                      0x08004a1a   Number         0  scanf1.o(x$fpl$scanf1)
    x$fpl$scanf1                             0x08004a1a   Section        4  scanf1.o(x$fpl$scanf1)
    $v0                                      0x08004a1e   Number         0  scanf2.o(x$fpl$scanf2)
    x$fpl$scanf2                             0x08004a1e   Section        8  scanf2.o(x$fpl$scanf2)
    $v0                                      0x08004a26   Number         0  trapv.o(x$fpl$trapveneer)
    x$fpl$trapveneer                         0x08004a26   Section       48  trapv.o(x$fpl$trapveneer)
    x$fpl$usenofp                            0x08004a56   Section        0  usenofp.o(x$fpl$usenofp)
    initial_mbstate                          0x08004a58   Data           8  _printf_wctomb.o(.constdata)
    .constdata                               0x08004a58   Section        8  _printf_wctomb.o(.constdata)
    uc_hextab                                0x08004a60   Data          20  _printf_hex_int_ll_ptr.o(.constdata)
    .constdata                               0x08004a60   Section       40  _printf_hex_int_ll_ptr.o(.constdata)
    lc_hextab                                0x08004a74   Data          20  _printf_hex_int_ll_ptr.o(.constdata)
    maptable                                 0x08004a88   Data          17  __printf_flags_ss_wp.o(.constdata)
    .constdata                               0x08004a88   Section       17  __printf_flags_ss_wp.o(.constdata)
    lc_hextab                                0x08004a99   Data          19  _printf_fp_hex.o(.constdata)
    .constdata                               0x08004a99   Section       38  _printf_fp_hex.o(.constdata)
    uc_hextab                                0x08004aac   Data          19  _printf_fp_hex.o(.constdata)
    tenpwrs_x                                0x08004ac0   Data          60  bigflt0.o(.constdata)
    .constdata                               0x08004ac0   Section      148  bigflt0.o(.constdata)
    tenpwrs_i                                0x08004afc   Data          64  bigflt0.o(.constdata)
    .L.str.3                                 0x08004b54   Data          27  code.o(.rodata.str1.1)
    [Anonymous Symbol]                       0x08004b54   Section        0  code.o(.rodata.str1.1)
    .L.str.6                                 0x08004b6f   Data          23  code.o(.rodata.str1.1)
    .L.str.5                                 0x08004b86   Data           6  code.o(.rodata.str1.1)
    .L.str.4                                 0x08004b8c   Data          22  code.o(.rodata.str1.1)
    .L.str.9                                 0x08004ba0   Data           2  code.o(.rodata.str1.1)
    .L.str.8                                 0x08004ba2   Data          18  code.o(.rodata.str1.1)
    .L.str.10                                0x08004bb4   Data          16  code.o(.rodata.str1.1)
    .L.str.2                                 0x08004bc4   Data          43  code.o(.rodata.str1.1)
    .L.str                                   0x08004bda   Data          21  code.o(.rodata.str1.1)
    .L.str.1                                 0x08004bec   Data           3  code.o(.rodata.str1.1)
    .L.str.2                                 0x08004bee   Data           1  code.o(.rodata.str1.1)
    .L.str.7                                 0x08004bee   Data           1  code.o(.rodata.str1.1)
    .L.str.1                                 0x08004bef   Data           5  timer.o(.rodata.str1.1)
    [Anonymous Symbol]                       0x08004bef   Section        0  timer.o(.rodata.str1.1)
    .L.str                                   0x08004bf4   Data          36  timer.o(.rodata.str1.1)
    c$$dinf                                  0x08004c38   Section        8  fpconst.o(c$$dinf)
    c$$dmax                                  0x08004c40   Section        8  fpconst.o(c$$dmax)
    locale$$data                             0x08004c48   Section       28  lc_numeric_c.o(locale$$data)
    __lcnum_c_name                           0x08004c4c   Data           2  lc_numeric_c.o(locale$$data)
    __lcnum_c_start                          0x08004c54   Data           0  lc_numeric_c.o(locale$$data)
    __lcnum_c_point                          0x08004c60   Data           0  lc_numeric_c.o(locale$$data)
    __lcnum_c_thousands                      0x08004c62   Data           0  lc_numeric_c.o(locale$$data)
    __lcnum_c_grouping                       0x08004c63   Data           0  lc_numeric_c.o(locale$$data)
    __lcnum_c_end                            0x08004c64   Data           0  lc_numeric_c.o(locale$$data)
    locale$$data                             0x08004c64   Section      272  lc_ctype_c.o(locale$$data)
    __lcctype_c_name                         0x08004c68   Data           2  lc_ctype_c.o(locale$$data)
    __lcctype_c_start                        0x08004c70   Data           0  lc_ctype_c.o(locale$$data)
    __lcctype_c_end                          0x08004d74   Data           0  lc_ctype_c.o(locale$$data)
    .bss                                     0x20000968   Section      228  rand.o(.bss)
    .bss                                     0x20000a4c   Section       96  libspace.o(.bss)
    msTicks                                  0x200010b0   Data           4  sys_init.o(.bss.msTicks)
    [Anonymous Symbol]                       0x200010b0   Section        0  sys_init.o(.bss.msTicks)
    Heap_Mem                                 0x20001590   Data         512  startup_stm32f446xx.o(HEAP)
    HEAP                                     0x20001590   Section      512  startup_stm32f446xx.o(HEAP)
    Stack_Mem                                0x20001790   Data        1024  startup_stm32f446xx.o(STACK)
    STACK                                    0x20001790   Section     1024  startup_stm32f446xx.o(STACK)
    __initial_sp                             0x20001b90   Data           0  startup_stm32f446xx.o(STACK)

    Global Symbols

    Symbol Name                              Value     Ov Type        Size  Object(Section)

    BuildAttributes$$THM_ISAv4$E$P$D$K$B$S$7EM$VFPi3$EXTD16$VFPS$VFMA$PE$A:L22UL41UL21$X:L11$S22US41US21$IEEE1$IW$~IW$USESV6$~STKCKD$USESV7$~SHL$OTIME$ROPI$IEEEX$EBA8$UX$STANDARDLIB$REQ8$PRES8$EABIv2 0x00000000   Number         0  anon$$obj.o ABSOLUTE
    _printf_flags                            0x00000000   Number         0  printf_stubs.o ABSOLUTE
    _printf_return_value                     0x00000000   Number         0  printf_stubs.o ABSOLUTE
    _printf_sizespec                         0x00000000   Number         0  printf_stubs.o ABSOLUTE
    _printf_widthprec                        0x00000000   Number         0  printf_stubs.o ABSOLUTE
    __ARM_exceptions_init                     - Undefined Weak Reference
    __alloca_initialize                       - Undefined Weak Reference
    __arm_preinit_                            - Undefined Weak Reference
    __arm_relocate_pie_                       - Undefined Weak Reference
    __cpp_initialize__aeabi_                  - Undefined Weak Reference
    __cxa_finalize                            - Undefined Weak Reference
    __sigvec_lookup                           - Undefined Weak Reference
    _atexit_init                              - Undefined Weak Reference
    _call_atexit_fns                          - Undefined Weak Reference
    _clock_init                               - Undefined Weak Reference
    _fp_trap_init                             - Undefined Weak Reference
    _fp_trap_shutdown                         - Undefined Weak Reference
    _get_lc_collate                           - Undefined Weak Reference
    _get_lc_monetary                          - Undefined Weak Reference
    _get_lc_time                              - Undefined Weak Reference
    _getenv_init                              - Undefined Weak Reference
    _handle_redirection                       - Undefined Weak Reference
    _init_alloc                               - Undefined Weak Reference
    _init_user_alloc                          - Undefined Weak Reference
    _initio                                   - Undefined Weak Reference
    _printf_mbtowc                            - Undefined Weak Reference
    _printf_wc                                - Undefined Weak Reference
    _signal_finish                            - Undefined Weak Reference
    _signal_init                              - Undefined Weak Reference
    _terminate_alloc                          - Undefined Weak Reference
    _terminate_user_alloc                     - Undefined Weak Reference
    _terminateio                              - Undefined Weak Reference
    __Vectors_Size                           0x000001c4   Number         0  startup_stm32f446xx.o ABSOLUTE
    __Vectors                                0x08000000   Data           4  startup_stm32f446xx.o(RESET)
    __Vectors_End                            0x080001c4   Data           0  startup_stm32f446xx.o(RESET)
    __main                                   0x080001c5   Thumb Code     8  __main.o(!!!main)
    __scatterload                            0x080001cd   Thumb Code     0  __scatter.o(!!!scatter)
    __scatterload_rt2                        0x080001cd   Thumb Code    44  __scatter.o(!!!scatter)
    __scatterload_rt2_thumb_only             0x080001cd   Thumb Code     0  __scatter.o(!!!scatter)
    __scatterload_null                       0x080001db   Thumb Code     0  __scatter.o(!!!scatter)
    __decompress                             0x08000201   Thumb Code    58  __dczerorl.o(!!dczerorl)
    __decompress0                            0x08000201   Thumb Code     0  __dczerorl.o(!!dczerorl)
    __scatterload_zeroinit                   0x0800023d   Thumb Code    28  __scatter_zi.o(!!handler_zi)
    _printf_n                                0x08000259   Thumb Code     0  _printf_n.o(.ARM.Collect$$_printf_percent$$00000001)
    _printf_percent                          0x08000259   Thumb Code     0  _printf_percent.o(.ARM.Collect$$_printf_percent$$00000000)
    _printf_p                                0x0800025f   Thumb Code     0  _printf_p.o(.ARM.Collect$$_printf_percent$$00000002)
    _printf_f                                0x08000265   Thumb Code     0  _printf_f.o(.ARM.Collect$$_printf_percent$$00000003)
    _printf_e                                0x0800026b   Thumb Code     0  _printf_e.o(.ARM.Collect$$_printf_percent$$00000004)
    _printf_g                                0x08000271   Thumb Code     0  _printf_g.o(.ARM.Collect$$_printf_percent$$00000005)
    _printf_a                                0x08000277   Thumb Code     0  _printf_a.o(.ARM.Collect$$_printf_percent$$00000006)
    _printf_ll                               0x0800027d   Thumb Code     0  _printf_ll.o(.ARM.Collect$$_printf_percent$$00000007)
    _printf_i                                0x08000287   Thumb Code     0  _printf_i.o(.ARM.Collect$$_printf_percent$$00000008)
    _printf_d                                0x0800028d   Thumb Code     0  _printf_d.o(.ARM.Collect$$_printf_percent$$00000009)
    _printf_u                                0x08000293   Thumb Code     0  _printf_u.o(.ARM.Collect$$_printf_percent$$0000000A)
    _printf_o                                0x08000299   Thumb Code     0  _printf_o.o(.ARM.Collect$$_printf_percent$$0000000B)
    _printf_x                                0x0800029f   Thumb Code     0  _printf_x.o(.ARM.Collect$$_printf_percent$$0000000C)
    _printf_lli                              0x080002a5   Thumb Code     0  _printf_lli.o(.ARM.Collect$$_printf_percent$$0000000D)
    _printf_lld                              0x080002ab   Thumb Code     0  _printf_lld.o(.ARM.Collect$$_printf_percent$$0000000E)
    _printf_llu                              0x080002b1   Thumb Code     0  _printf_llu.o(.ARM.Collect$$_printf_percent$$0000000F)
    _printf_llo                              0x080002b7   Thumb Code     0  _printf_llo.o(.ARM.Collect$$_printf_percent$$00000010)
    _printf_llx                              0x080002bd   Thumb Code     0  _printf_llx.o(.ARM.Collect$$_printf_percent$$00000011)
    _printf_l                                0x080002c3   Thumb Code     0  _printf_l.o(.ARM.Collect$$_printf_percent$$00000012)
    _printf_c                                0x080002cd   Thumb Code     0  _printf_c.o(.ARM.Collect$$_printf_percent$$00000013)
    _printf_s                                0x080002d3   Thumb Code     0  _printf_s.o(.ARM.Collect$$_printf_percent$$00000014)
    _printf_lc                               0x080002d9   Thumb Code     0  _printf_lc.o(.ARM.Collect$$_printf_percent$$00000015)
    _printf_ls                               0x080002df   Thumb Code     0  _printf_ls.o(.ARM.Collect$$_printf_percent$$00000016)
    _printf_percent_end                      0x080002e5   Thumb Code     0  _printf_percent_end.o(.ARM.Collect$$_printf_percent$$00000017)
    __rt_lib_init                            0x080002e9   Thumb Code     0  libinit.o(.ARM.Collect$$libinit$$00000000)
    __rt_lib_init_fp_1                       0x080002eb   Thumb Code     0  libinit2.o(.ARM.Collect$$libinit$$00000001)
    __rt_lib_init_heap_1                     0x080002ef   Thumb Code     0  libinit2.o(.ARM.Collect$$libinit$$0000000C)
    __rt_lib_init_preinit_1                  0x080002ef   Thumb Code     0  libinit2.o(.ARM.Collect$$libinit$$00000006)
    __rt_lib_init_rand_2                     0x080002ef   Thumb Code     0  libinit2.o(.ARM.Collect$$libinit$$0000000F)
    __rt_lib_init_relocate_pie_1             0x080002ef   Thumb Code     0  libinit2.o(.ARM.Collect$$libinit$$00000004)
    __rt_lib_init_user_alloc_1               0x080002ef   Thumb Code     0  libinit2.o(.ARM.Collect$$libinit$$0000000E)
    __rt_lib_init_lc_common                  0x080002f3   Thumb Code     0  libinit2.o(.ARM.Collect$$libinit$$00000011)
    __rt_lib_init_rand_1                     0x080002f3   Thumb Code     0  libinit2.o(.ARM.Collect$$libinit$$00000010)
    __rt_lib_init_lc_collate_1               0x080002f9   Thumb Code     0  libinit2.o(.ARM.Collect$$libinit$$00000013)
    __rt_lib_init_lc_ctype_2                 0x080002f9   Thumb Code     0  libinit2.o(.ARM.Collect$$libinit$$00000014)
    __rt_lib_init_lc_ctype_1                 0x08000305   Thumb Code     0  libinit2.o(.ARM.Collect$$libinit$$00000015)
    __rt_lib_init_lc_monetary_1              0x08000305   Thumb Code     0  libinit2.o(.ARM.Collect$$libinit$$00000017)
    __rt_lib_init_lc_numeric_2               0x08000305   Thumb Code     0  libinit2.o(.ARM.Collect$$libinit$$00000018)
    __rt_lib_init_alloca_1                   0x0800030f   Thumb Code     0  libinit2.o(.ARM.Collect$$libinit$$00000030)
    __rt_lib_init_argv_1                     0x0800030f   Thumb Code     0  libinit2.o(.ARM.Collect$$libinit$$0000002E)
    __rt_lib_init_atexit_1                   0x0800030f   Thumb Code     0  libinit2.o(.ARM.Collect$$libinit$$0000001D)
    __rt_lib_init_clock_1                    0x0800030f   Thumb Code     0  libinit2.o(.ARM.Collect$$libinit$$00000023)
    __rt_lib_init_cpp_1                      0x0800030f   Thumb Code     0  libinit2.o(.ARM.Collect$$libinit$$00000034)
    __rt_lib_init_exceptions_1               0x0800030f   Thumb Code     0  libinit2.o(.ARM.Collect$$libinit$$00000032)
    __rt_lib_init_fp_trap_1                  0x0800030f   Thumb Code     0  libinit2.o(.ARM.Collect$$libinit$$00000021)
    __rt_lib_init_getenv_1                   0x0800030f   Thumb Code     0  libinit2.o(.ARM.Collect$$libinit$$00000025)
    __rt_lib_init_lc_numeric_1               0x0800030f   Thumb Code     0  libinit2.o(.ARM.Collect$$libinit$$00000019)
    __rt_lib_init_lc_time_1                  0x0800030f   Thumb Code     0  libinit2.o(.ARM.Collect$$libinit$$0000001B)
    __rt_lib_init_return                     0x0800030f   Thumb Code     0  libinit2.o(.ARM.Collect$$libinit$$00000035)
    __rt_lib_init_signal_1                   0x0800030f   Thumb Code     0  libinit2.o(.ARM.Collect$$libinit$$0000001F)
    __rt_lib_init_stdio_1                    0x0800030f   Thumb Code     0  libinit2.o(.ARM.Collect$$libinit$$00000027)
    __rt_lib_shutdown                        0x08000311   Thumb Code     0  libshutdown.o(.ARM.Collect$$libshutdown$$00000000)
    __rt_lib_shutdown_cpp_1                  0x08000313   Thumb Code     0  libshutdown2.o(.ARM.Collect$$libshutdown$$00000002)
    __rt_lib_shutdown_fp_trap_1              0x08000313   Thumb Code     0  libshutdown2.o(.ARM.Collect$$libshutdown$$00000007)
    __rt_lib_shutdown_heap_1                 0x08000313   Thumb Code     0  libshutdown2.o(.ARM.Collect$$libshutdown$$0000000F)
    __rt_lib_shutdown_return                 0x08000313   Thumb Code     0  libshutdown2.o(.ARM.Collect$$libshutdown$$00000010)
    __rt_lib_shutdown_signal_1               0x08000313   Thumb Code     0  libshutdown2.o(.ARM.Collect$$libshutdown$$0000000A)
    __rt_lib_shutdown_stdio_1                0x08000313   Thumb Code     0  libshutdown2.o(.ARM.Collect$$libshutdown$$00000004)
    __rt_lib_shutdown_user_alloc_1           0x08000313   Thumb Code     0  libshutdown2.o(.ARM.Collect$$libshutdown$$0000000C)
    __rt_entry                               0x08000315   Thumb Code     0  __rtentry.o(.ARM.Collect$$rtentry$$00000000)
    __rt_entry_presh_1                       0x08000315   Thumb Code     0  __rtentry2.o(.ARM.Collect$$rtentry$$00000002)
    __rt_entry_sh                            0x08000315   Thumb Code     0  __rtentry4.o(.ARM.Collect$$rtentry$$00000004)
    __rt_entry_li                            0x0800031b   Thumb Code     0  __rtentry2.o(.ARM.Collect$$rtentry$$0000000A)
    __rt_entry_postsh_1                      0x0800031b   Thumb Code     0  __rtentry2.o(.ARM.Collect$$rtentry$$00000009)
    __rt_entry_main                          0x0800031f   Thumb Code     0  __rtentry2.o(.ARM.Collect$$rtentry$$0000000D)
    __rt_entry_postli_1                      0x0800031f   Thumb Code     0  __rtentry2.o(.ARM.Collect$$rtentry$$0000000C)
    __rt_exit                                0x08000327   Thumb Code     0  rtexit.o(.ARM.Collect$$rtexit$$00000000)
    __rt_exit_ls                             0x08000329   Thumb Code     0  rtexit2.o(.ARM.Collect$$rtexit$$00000003)
    __rt_exit_prels_1                        0x08000329   Thumb Code     0  rtexit2.o(.ARM.Collect$$rtexit$$00000002)
    __rt_exit_exit                           0x0800032d   Thumb Code     0  rtexit2.o(.ARM.Collect$$rtexit$$00000004)
    rand                                     0x08000335   Thumb Code    48  rand.o(.emb_text)
    Reset_Handler                            0x08000369   Thumb Code     8  startup_stm32f446xx.o(.text)
    NMI_Handler                              0x08000371   Thumb Code     2  startup_stm32f446xx.o(.text)
    HardFault_Handler                        0x08000373   Thumb Code     2  startup_stm32f446xx.o(.text)
    MemManage_Handler                        0x08000375   Thumb Code     2  startup_stm32f446xx.o(.text)
    BusFault_Handler                         0x08000377   Thumb Code     2  startup_stm32f446xx.o(.text)
    UsageFault_Handler                       0x08000379   Thumb Code     2  startup_stm32f446xx.o(.text)
    SVC_Handler                              0x0800037b   Thumb Code     2  startup_stm32f446xx.o(.text)
    DebugMon_Handler                         0x0800037d   Thumb Code     2  startup_stm32f446xx.o(.text)
    PendSV_Handler                           0x0800037f   Thumb Code     2  startup_stm32f446xx.o(.text)
    ADC_IRQHandler                           0x08000383   Thumb Code     0  startup_stm32f446xx.o(.text)
    CAN1_RX0_IRQHandler                      0x08000383   Thumb Code     0  startup_stm32f446xx.o(.text)
    CAN1_RX1_IRQHandler                      0x08000383   Thumb Code     0  startup_stm32f446xx.o(.text)
    CAN1_SCE_IRQHandler                      0x08000383   Thumb Code     0  startup_stm32f446xx.o(.text)
    CAN1_TX_IRQHandler                       0x08000383   Thumb Code     0  startup_stm32f446xx.o(.text)
    CAN2_RX0_IRQHandler                      0x08000383   Thumb Code     0  startup_stm32f446xx.o(.text)
    CAN2_RX1_IRQHandler                      0x08000383   Thumb Code     0  startup_stm32f446xx.o(.text)
    CAN2_SCE_IRQHandler                      0x08000383   Thumb Code     0  startup_stm32f446xx.o(.text)
    CAN2_TX_IRQHandler                       0x08000383   Thumb Code     0  startup_stm32f446xx.o(.text)
    CEC_IRQHandler                           0x08000383   Thumb Code     0  startup_stm32f446xx.o(.text)
    DCMI_IRQHandler                          0x08000383   Thumb Code     0  startup_stm32f446xx.o(.text)
    DMA1_Stream0_IRQHandler                  0x08000383   Thumb Code     0  startup_stm32f446xx.o(.text)
    DMA1_Stream1_IRQHandler                  0x08000383   Thumb Code     0  startup_stm32f446xx.o(.text)
    DMA1_Stream2_IRQHandler                  0x08000383   Thumb Code     0  startup_stm32f446xx.o(.text)
    DMA1_Stream3_IRQHandler                  0x08000383   Thumb Code     0  startup_stm32f446xx.o(.text)
    DMA1_Stream4_IRQHandler                  0x08000383   Thumb Code     0  startup_stm32f446xx.o(.text)
    DMA1_Stream5_IRQHandler                  0x08000383   Thumb Code     0  startup_stm32f446xx.o(.text)
    DMA1_Stream6_IRQHandler                  0x08000383   Thumb Code     0  startup_stm32f446xx.o(.text)
    DMA1_Stream7_IRQHandler                  0x08000383   Thumb Code     0  startup_stm32f446xx.o(.text)
    DMA2_Stream0_IRQHandler                  0x08000383   Thumb Code     0  startup_stm32f446xx.o(.text)
    DMA2_Stream1_IRQHandler                  0x08000383   Thumb Code     0  startup_stm32f446xx.o(.text)
    DMA2_Stream2_IRQHandler                  0x08000383   Thumb Code     0  startup_stm32f446xx.o(.text)
    DMA2_Stream3_IRQHandler                  0x08000383   Thumb Code     0  startup_stm32f446xx.o(.text)
    DMA2_Stream4_IRQHandler                  0x08000383   Thumb Code     0  startup_stm32f446xx.o(.text)
    DMA2_Stream5_IRQHandler                  0x08000383   Thumb Code     0  startup_stm32f446xx.o(.text)
    DMA2_Stream6_IRQHandler                  0x08000383   Thumb Code     0  startup_stm32f446xx.o(.text)
    DMA2_Stream7_IRQHandler                  0x08000383   Thumb Code     0  startup_stm32f446xx.o(.text)
    EXTI0_IRQHandler                         0x08000383   Thumb Code     0  startup_stm32f446xx.o(.text)
    EXTI15_10_IRQHandler                     0x08000383   Thumb Code     0  startup_stm32f446xx.o(.text)
    EXTI1_IRQHandler                         0x08000383   Thumb Code     0  startup_stm32f446xx.o(.text)
    EXTI2_IRQHandler                         0x08000383   Thumb Code     0  startup_stm32f446xx.o(.text)
    EXTI3_IRQHandler                         0x08000383   Thumb Code     0  startup_stm32f446xx.o(.text)
    EXTI4_IRQHandler                         0x08000383   Thumb Code     0  startup_stm32f446xx.o(.text)
    EXTI9_5_IRQHandler                       0x08000383   Thumb Code     0  startup_stm32f446xx.o(.text)
    FLASH_IRQHandler                         0x08000383   Thumb Code     0  startup_stm32f446xx.o(.text)
    FMC_IRQHandler                           0x08000383   Thumb Code     0  startup_stm32f446xx.o(.text)
    FMPI2C1_ER_IRQHandler                    0x08000383   Thumb Code     0  startup_stm32f446xx.o(.text)
    FMPI2C1_EV_IRQHandler                    0x08000383   Thumb Code     0  startup_stm32f446xx.o(.text)
    FPU_IRQHandler                           0x08000383   Thumb Code     0  startup_stm32f446xx.o(.text)
    I2C1_ER_IRQHandler                       0x08000383   Thumb Code     0  startup_stm32f446xx.o(.text)
    I2C1_EV_IRQHandler                       0x08000383   Thumb Code     0  startup_stm32f446xx.o(.text)
    I2C2_ER_IRQHandler                       0x08000383   Thumb Code     0  startup_stm32f446xx.o(.text)
    I2C2_EV_IRQHandler                       0x08000383   Thumb Code     0  startup_stm32f446xx.o(.text)
    I2C3_ER_IRQHandler                       0x08000383   Thumb Code     0  startup_stm32f446xx.o(.text)
    I2C3_EV_IRQHandler                       0x08000383   Thumb Code     0  startup_stm32f446xx.o(.text)
    OTG_FS_IRQHandler                        0x08000383   Thumb Code     0  startup_stm32f446xx.o(.text)
    OTG_FS_WKUP_IRQHandler                   0x08000383   Thumb Code     0  startup_stm32f446xx.o(.text)
    OTG_HS_EP1_IN_IRQHandler                 0x08000383   Thumb Code     0  startup_stm32f446xx.o(.text)
    OTG_HS_EP1_OUT_IRQHandler                0x08000383   Thumb Code     0  startup_stm32f446xx.o(.text)
    OTG_HS_IRQHandler                        0x08000383   Thumb Code     0  startup_stm32f446xx.o(.text)
    OTG_HS_WKUP_IRQHandler                   0x08000383   Thumb Code     0  startup_stm32f446xx.o(.text)
    PVD_IRQHandler                           0x08000383   Thumb Code     0  startup_stm32f446xx.o(.text)
    QUADSPI_IRQHandler                       0x08000383   Thumb Code     0  startup_stm32f446xx.o(.text)
    RCC_IRQHandler                           0x08000383   Thumb Code     0  startup_stm32f446xx.o(.text)
    RTC_Alarm_IRQHandler                     0x08000383   Thumb Code     0  startup_stm32f446xx.o(.text)
    RTC_WKUP_IRQHandler                      0x08000383   Thumb Code     0  startup_stm32f446xx.o(.text)
    SAI1_IRQHandler                          0x08000383   Thumb Code     0  startup_stm32f446xx.o(.text)
    SAI2_IRQHandler                          0x08000383   Thumb Code     0  startup_stm32f446xx.o(.text)
    SDIO_IRQHandler                          0x08000383   Thumb Code     0  startup_stm32f446xx.o(.text)
    SPDIF_RX_IRQHandler                      0x08000383   Thumb Code     0  startup_stm32f446xx.o(.text)
    SPI1_IRQHandler                          0x08000383   Thumb Code     0  startup_stm32f446xx.o(.text)
    SPI2_IRQHandler                          0x08000383   Thumb Code     0  startup_stm32f446xx.o(.text)
    SPI4_IRQHandler                          0x08000383   Thumb Code     0  startup_stm32f446xx.o(.text)
    TAMP_STAMP_IRQHandler                    0x08000383   Thumb Code     0  startup_stm32f446xx.o(.text)
    TIM1_BRK_TIM9_IRQHandler                 0x08000383   Thumb Code     0  startup_stm32f446xx.o(.text)
    TIM1_CC_IRQHandler                       0x08000383   Thumb Code     0  startup_stm32f446xx.o(.text)
    TIM1_TRG_COM_TIM11_IRQHandler            0x08000383   Thumb Code     0  startup_stm32f446xx.o(.text)
    TIM1_UP_TIM10_IRQHandler                 0x08000383   Thumb Code     0  startup_stm32f446xx.o(.text)
    TIM2_IRQHandler                          0x08000383   Thumb Code     0  startup_stm32f446xx.o(.text)
    TIM3_IRQHandler                          0x08000383   Thumb Code     0  startup_stm32f446xx.o(.text)
    TIM4_IRQHandler                          0x08000383   Thumb Code     0  startup_stm32f446xx.o(.text)
    TIM5_IRQHandler                          0x08000383   Thumb Code     0  startup_stm32f446xx.o(.text)
    TIM7_IRQHandler                          0x08000383   Thumb Code     0  startup_stm32f446xx.o(.text)
    TIM8_BRK_TIM12_IRQHandler                0x08000383   Thumb Code     0  startup_stm32f446xx.o(.text)
    TIM8_CC_IRQHandler                       0x08000383   Thumb Code     0  startup_stm32f446xx.o(.text)
    TIM8_TRG_COM_TIM14_IRQHandler            0x08000383   Thumb Code     0  startup_stm32f446xx.o(.text)
    TIM8_UP_TIM13_IRQHandler                 0x08000383   Thumb Code     0  startup_stm32f446xx.o(.text)
    UART4_IRQHandler                         0x08000383   Thumb Code     0  startup_stm32f446xx.o(.text)
    UART5_IRQHandler                         0x08000383   Thumb Code     0  startup_stm32f446xx.o(.text)
    USART1_IRQHandler                        0x08000383   Thumb Code     0  startup_stm32f446xx.o(.text)
    USART3_IRQHandler                        0x08000383   Thumb Code     0  startup_stm32f446xx.o(.text)
    USART6_IRQHandler                        0x08000383   Thumb Code     0  startup_stm32f446xx.o(.text)
    WWDG_IRQHandler                          0x08000383   Thumb Code     0  startup_stm32f446xx.o(.text)
    __user_initial_stackheap                 0x08000385   Thumb Code     0  startup_stm32f446xx.o(.text)
    sprintf                                  0x080003a9   Thumb Code    38  sprintf.o(.text)
    sscanf                                   0x080003d5   Thumb Code    52  sscanf.o(.text)
    srand                                    0x08000411   Thumb Code    42  rand.o(.text)
    _rand_init                               0x0800043b   Thumb Code     4  rand.o(.text)
    strcpy                                   0x0800044d   Thumb Code    72  strcpy.o(.text)
    strlen                                   0x08000495   Thumb Code    62  strlen.o(.text)
    strcat                                   0x080004d3   Thumb Code    24  strcat.o(.text)
    strcmp                                   0x080004f1   Thumb Code   124  strcmpv7em.o(.text)
    __use_two_region_memory                  0x0800056d   Thumb Code     2  heapauxi.o(.text)
    __rt_heap_escrow$2region                 0x0800056f   Thumb Code     2  heapauxi.o(.text)
    __rt_heap_expand$2region                 0x08000571   Thumb Code     2  heapauxi.o(.text)
    _printf_pre_padding                      0x08000573   Thumb Code    44  _printf_pad.o(.text)
    _printf_post_padding                     0x0800059f   Thumb Code    34  _printf_pad.o(.text)
    _printf_truncate_signed                  0x080005c1   Thumb Code    18  _printf_truncate.o(.text)
    _printf_truncate_unsigned                0x080005d3   Thumb Code    18  _printf_truncate.o(.text)
    _printf_str                              0x080005e5   Thumb Code    82  _printf_str.o(.text)
    _printf_int_dec                          0x08000639   Thumb Code   104  _printf_dec.o(.text)
    _printf_charcount                        0x080006b1   Thumb Code    40  _printf_charcount.o(.text)
    _printf_char_common                      0x080006e3   Thumb Code    32  _printf_char_common.o(.text)
    _sputc                                   0x08000709   Thumb Code    10  _sputc.o(.text)
    _printf_wctomb                           0x08000715   Thumb Code   182  _printf_wctomb.o(.text)
    _printf_longlong_dec                     0x080007d1   Thumb Code   108  _printf_longlong_dec.o(.text)
    _printf_longlong_oct                     0x0800084d   Thumb Code    68  _printf_oct_int_ll.o(.text)
    _printf_int_oct                          0x08000891   Thumb Code    24  _printf_oct_int_ll.o(.text)
    _printf_ll_oct                           0x080008a9   Thumb Code    12  _printf_oct_int_ll.o(.text)
    _printf_longlong_hex                     0x080008bd   Thumb Code    86  _printf_hex_int_ll_ptr.o(.text)
    _printf_int_hex                          0x08000913   Thumb Code    28  _printf_hex_int_ll_ptr.o(.text)
    _printf_ll_hex                           0x0800092f   Thumb Code    12  _printf_hex_int_ll_ptr.o(.text)
    _printf_hex_ptr                          0x0800093b   Thumb Code    18  _printf_hex_int_ll_ptr.o(.text)
    __printf                                 0x08000951   Thumb Code   388  __printf_flags_ss_wp.o(.text)
    _scanf_longlong                          0x08000ad9   Thumb Code   342  _scanf_longlong.o(.text)
    _scanf_int                               0x08000c2f   Thumb Code   332  _scanf_int.o(.text)
    _scanf_string                            0x08000d7b   Thumb Code   224  _scanf_str.o(.text)
    __vfscanf_char                           0x08000e69   Thumb Code    24  scanf_char.o(.text)
    _sgetc                                   0x08000e89   Thumb Code    30  _sgetc.o(.text)
    _sbackspace                              0x08000ea7   Thumb Code    34  _sgetc.o(.text)
    _scanf_mbtowc                            0x08000ec9   Thumb Code   276  _scanf_mbtowc.o(.text)
    _scanf_wctomb                            0x08000fdd   Thumb Code   232  _scanf_wctomb.o(.text)
    _scanf_wstring                           0x080010c5   Thumb Code   208  _scanf_wstr.o(.text)
    _ll_udiv10                               0x08001195   Thumb Code   138  lludiv10.o(.text)
    isspace                                  0x0800121f   Thumb Code    18  isspace.o(.text)
    _printf_int_common                       0x08001231   Thumb Code   178  _printf_intcommon.o(.text)
    _printf_fp_dec_real                      0x08001493   Thumb Code   620  _printf_fp_dec.o(.text)
    _printf_fp_hex_real                      0x08001701   Thumb Code   756  _printf_fp_hex.o(.text)
    _printf_cs_common                        0x080019fd   Thumb Code    20  _printf_char.o(.text)
    _printf_char                             0x08001a11   Thumb Code    16  _printf_char.o(.text)
    _printf_string                           0x08001a21   Thumb Code     8  _printf_char.o(.text)
    _printf_lcs_common                       0x08001a29   Thumb Code    20  _printf_wchar.o(.text)
    _printf_wchar                            0x08001a3d   Thumb Code    16  _printf_wchar.o(.text)
    _printf_wstring                          0x08001a4d   Thumb Code     8  _printf_wchar.o(.text)
    _chval                                   0x08001a55   Thumb Code    28  _chval.o(.text)
    __vfscanf                                0x08001a71   Thumb Code   878  _scanf.o(.text)
    _scanf_really_real                       0x08002031   Thumb Code   684  scanf_fp.o(.text)
    _scanf_wcharmap                          0x080022dd   Thumb Code    30  _scanf_wcharmap.o(.text)
    _mbrtoc16                                0x080022fb   Thumb Code    64  _mbrtoc16.o(.text)
    _mbrtowc                                 0x080022fb   Thumb Code     0  _mbrtoc16.o(.text)
    _c16rtomb                                0x0800233b   Thumb Code    72  _c16rtomb.o(.text)
    _wcrtomb                                 0x0800233b   Thumb Code     0  _c16rtomb.o(.text)
    __user_setup_stackheap                   0x08002383   Thumb Code    74  sys_stackheap_outer.o(.text)
    __rt_ctype_table                         0x080023cd   Thumb Code    16  rt_ctype_table.o(.text)
    __rt_locale                              0x080023dd   Thumb Code     8  rt_locale_intlibspace.o(.text)
    __aeabi_errno_addr                       0x080023e5   Thumb Code     8  rt_errno_addr_intlibspace.o(.text)
    __errno$intlibspace                      0x080023e5   Thumb Code     0  rt_errno_addr_intlibspace.o(.text)
    __rt_errno_addr$intlibspace              0x080023e5   Thumb Code     0  rt_errno_addr_intlibspace.o(.text)
    __aeabi_llsl                             0x080023ed   Thumb Code     0  llshl.o(.text)
    _ll_shift_l                              0x080023ed   Thumb Code    38  llshl.o(.text)
    _printf_fp_infnan                        0x08002415   Thumb Code   112  _printf_fp_infnan.o(.text)
    _btod_etento                             0x08002495   Thumb Code   224  bigflt0.o(.text)
    exit                                     0x08002579   Thumb Code    18  exit.o(.text)
    __user_libspace                          0x0800258d   Thumb Code     8  libspace.o(.text)
    __user_perproc_libspace                  0x0800258d   Thumb Code     0  libspace.o(.text)
    __user_perthread_libspace                0x0800258d   Thumb Code     0  libspace.o(.text)
    __read_errno                             0x08002595   Thumb Code    10  _rserrno.o(.text)
    __set_errno                              0x0800259f   Thumb Code    12  _rserrno.o(.text)
    _scanf_really_hex_real                   0x080025ad   Thumb Code   786  scanf_hexfp.o(.text)
    _scanf_really_infnan                     0x080028cd   Thumb Code   292  scanf_infnan.o(.text)
    __I$use$semihosting                      0x08002a01   Thumb Code     0  use_no_semi.o(.text)
    __use_no_semihosting_swi                 0x08002a01   Thumb Code     2  use_no_semi.o(.text)
    __semihosting_library_function           0x08002a03   Thumb Code     0  indicate_semi.o(.text)
    _sys_exit                                0x08002a05   Thumb Code     8  sys_exit.o(.text)
    SPI3_Config                              0x08002a11   Thumb Code   102  spi.o(.text.SPI3_Config)
    SPI3_Enable                              0x08002a79   Thumb Code    18  spi.o(.text.SPI3_Enable)
    SPI3_IRQHandler                          0x08002a8d   Thumb Code   140  interrupthandler.o(.text.SPI3_IRQHandler)
    SysTick_Handler                          0x08002b6d   Thumb Code    16  sys_init.o(.text.SysTick_Handler)
    SystemInit                               0x08002b7d   Thumb Code    18  system_stm32f4xx.o(.text.SystemInit)
    TIM6_DAC_IRQHandler                      0x08002b91   Thumb Code   648  timer.o(.text.TIM6_DAC_IRQHandler)
    UART2_Config                             0x08002e19   Thumb Code   178  usart.o(.text.UART2_Config)
    UART_SendChar                            0x08002ecd   Thumb Code    36  usart.o(.text.UART_SendChar)
    UART_SendString                          0x08002ef1   Thumb Code    48  usart.o(.text.UART_SendString)
    USART2_IRQHandler                        0x08002f21   Thumb Code   268  interrupthandler.o(.text.USART2_IRQHandler)
    gpio_usart_init                          0x080030d1   Thumb Code   268  gpio.o(.text.gpio_usart_init)
    handle_input                             0x080031dd   Thumb Code   208  code.o(.text.handle_input)
    handle_string                            0x080032ad   Thumb Code   158  code.o(.text.handle_string)
    initClock                                0x0800334d   Thumb Code   214  clock.o(.text.initClock)
    main                                     0x08003425   Thumb Code   822  code.o(.text.main)
    ms_delay                                 0x0800375d   Thumb Code    48  sys_init.o(.text.ms_delay)
    process_output                           0x0800378d   Thumb Code   472  code.o(.text.process_output)
    sysInit                                  0x08003965   Thumb Code    16  sys_init.o(.text.sysInit)
    trafficGenerator                         0x08003975   Thumb Code    18  code.o(.text.trafficGenerator)
    _btod_d2e                                0x08003987   Thumb Code    62  btod.o(CL$$btod_d2e)
    _d2e_denorm_low                          0x080039c5   Thumb Code    70  btod.o(CL$$btod_d2e_denorm_low)
    _d2e_norm_op1                            0x08003a0b   Thumb Code    96  btod.o(CL$$btod_d2e_norm_op1)
    __btod_div_common                        0x08003a6d   Thumb Code   696  btod.o(CL$$btod_div_common)
    _e2d                                     0x08003da5   Thumb Code   122  btod.o(CL$$btod_e2d)
    _e2e                                     0x08003e29   Thumb Code   220  btod.o(CL$$btod_e2e)
    _btod_ediv                               0x08003f05   Thumb Code    42  btod.o(CL$$btod_ediv)
    _btod_edivd                              0x08003f2f   Thumb Code    42  btod.o(CL$$btod_edivd)
    _btod_emul                               0x08003f59   Thumb Code    42  btod.o(CL$$btod_emul)
    _btod_emuld                              0x08003f83   Thumb Code    42  btod.o(CL$$btod_emuld)
    __btod_mult_common                       0x08003fad   Thumb Code   580  btod.o(CL$$btod_mult_common)
    __ARM_fpclassify                         0x080041f1   Thumb Code    48  fpclassify.o(i.__ARM_fpclassify)
    __hardfp___mathlib_tofloat               0x08004221   Thumb Code   232  narrow.o(i.__hardfp___mathlib_tofloat)
    __hardfp_ldexp                           0x08004319   Thumb Code   200  ldexp.o(i.__hardfp_ldexp)
    __mathlib_dbl_overflow                   0x080043e9   Thumb Code    24  dunder.o(i.__mathlib_dbl_overflow)
    __mathlib_dbl_underflow                  0x08004409   Thumb Code    24  dunder.o(i.__mathlib_dbl_underflow)
    __mathlib_narrow                         0x08004429   Thumb Code    18  narrow.o(i.__mathlib_narrow)
    __support_ldexp                          0x0800443b   Thumb Code    20  ldexp.o(i.__support_ldexp)
    _is_digit                                0x0800444f   Thumb Code    14  __printf_wp.o(i._is_digit)
    frexp                                    0x08004461   Thumb Code   118  frexp.o(i.frexp)
    _get_lc_numeric                          0x080044ed   Thumb Code    44  lc_numeric_c.o(locale$$code)
    _get_lc_ctype                            0x08004519   Thumb Code    44  lc_ctype_c.o(locale$$code)
    __aeabi_d2f                              0x08004545   Thumb Code     0  d2f.o(x$fpl$d2f)
    _d2f                                     0x08004545   Thumb Code    98  d2f.o(x$fpl$d2f)
    __fpl_dcheck_NaN1                        0x080045a9   Thumb Code    10  dcheck1.o(x$fpl$dcheck1)
    __fpl_dcmp_Inf                           0x080045b9   Thumb Code    24  dcmpi.o(x$fpl$dcmpinf)
    __aeabi_cdcmpeq                          0x080045d1   Thumb Code     0  deqf.o(x$fpl$deqf)
    _dcmpeq                                  0x080045d1   Thumb Code   120  deqf.o(x$fpl$deqf)
    __aeabi_cdcmple                          0x08004649   Thumb Code     0  dleqf.o(x$fpl$dleqf)
    _dcmple                                  0x08004649   Thumb Code   120  dleqf.o(x$fpl$dleqf)
    __fpl_dcmple_InfNaN                      0x080046ab   Thumb Code     0  dleqf.o(x$fpl$dleqf)
    __aeabi_dmul                             0x080046c1   Thumb Code     0  dmul.o(x$fpl$dmul)
    _dmul                                    0x080046c1   Thumb Code   332  dmul.o(x$fpl$dmul)
    __fpl_dnaninf                            0x08004815   Thumb Code   156  dnaninf.o(x$fpl$dnaninf)
    __fpl_dretinf                            0x080048b1   Thumb Code    12  dretinf.o(x$fpl$dretinf)
    __aeabi_cdrcmple                         0x080048bd   Thumb Code     0  drleqf.o(x$fpl$drleqf)
    _drcmple                                 0x080048bd   Thumb Code   108  drleqf.o(x$fpl$drleqf)
    _fp_init                                 0x08004929   Thumb Code    26  fpinit.o(x$fpl$fpinit)
    __fplib_config_fpu_vfp                   0x08004941   Thumb Code     0  fpinit.o(x$fpl$fpinit)
    __fplib_config_pureend_doubles           0x08004941   Thumb Code     0  fpinit.o(x$fpl$fpinit)
    __fpl_fretinf                            0x08004943   Thumb Code    10  fretinf.o(x$fpl$fretinf)
    __ieee_status                            0x0800494d   Thumb Code     6  istatus.o(x$fpl$ieeestatus)
    _printf_fp_dec                           0x08004953   Thumb Code     4  printf1.o(x$fpl$printf1)
    _printf_fp_hex                           0x08004957   Thumb Code     4  printf2.o(x$fpl$printf2)
    __fpl_return_NaN                         0x0800495b   Thumb Code   100  retnan.o(x$fpl$retnan)
    __ARM_scalbn                             0x080049bf   Thumb Code    92  scalbn.o(x$fpl$scalbn)
    _scanf_real                              0x08004a1b   Thumb Code     4  scanf1.o(x$fpl$scanf1)
    _scanf_hex_real                          0x08004a1f   Thumb Code     4  scanf2.o(x$fpl$scanf2)
    _scanf_infnan                            0x08004a23   Thumb Code     4  scanf2.o(x$fpl$scanf2)
    __fpl_cmpreturn                          0x08004a27   Thumb Code    48  trapv.o(x$fpl$trapveneer)
    __I$use$fp                               0x08004a56   Number         0  usenofp.o(x$fpl$usenofp)
    Region$$Table$$Base                      0x08004c18   Number         0  anon$$obj.o(Region$$Table)
    Region$$Table$$Limit                     0x08004c38   Number         0  anon$$obj.o(Region$$Table)
    __aeabi_HUGE_VAL                         0x08004c38   Data           0  fpconst.o(c$$dinf)
    __aeabi_HUGE_VALL                        0x08004c38   Data           0  fpconst.o(c$$dinf)
    __aeabi_INFINITY                         0x08004c38   Data           0  fpconst.o(c$$dinf)
    __dInf                                   0x08004c38   Data           0  fpconst.o(c$$dinf)
    __huge_val                               0x08004c38   Data           0  fpconst.o(c$$dinf)
    __dbl_max                                0x08004c40   Data           0  fpconst.o(c$$dmax)
    __ctype                                  0x08004c71   Data           0  lc_ctype_c.o(locale$$data)
    extra                                    0x20000000   Data           4  code.o(.data.extra)
    red                                      0x20000004   Data           4  code.o(.data.red)
    t1                                       0x20000008   Data         800  timer.o(.data.t1)
    t2a                                      0x20000328   Data         800  timer.o(.data.t2a)
    t2b                                      0x20000648   Data         800  timer.o(.data.t2b)
    _random_number_data                      0x20000968   Data         228  rand.o(.bss)
    __libspace_start                         0x20000a4c   Data          96  libspace.o(.bss)
    D                                        0x20000aac   Data           4  code.o(.bss.D)
    __temporary_stack_top$libspace           0x20000aac   Data           0  libspace.o(.bss)
    a                                        0x20000ab0   Data           4  code.o(.bss.a)
    b                                        0x20000ab4   Data           4  code.o(.bss.b)
    c                                        0x20000ab8   Data           4  code.o(.bss.c)
    con_buffer_in                            0x20000abc   Data         500  code.o(.bss.con_buffer_in)
    con_buffer_outp                          0x20000cb0   Data         500  code.o(.bss.con_buffer_outp)
    con_flag                                 0x20000ea4   Data           4  code.o(.bss.con_flag)
    con_in                                   0x20000ea8   Data           4  code.o(.bss.con_in)
    con_out                                  0x20000eac   Data           4  code.o(.bss.con_out)
    counter                                  0x20000eb0   Data           4  timer.o(.bss.counter)
    delay                                    0x20000eb4   Data           4  code.o(.bss.delay)
    final_output                             0x20000eb8   Data         500  code.o(.bss.final_output)
    green                                    0x200010ac   Data           4  code.o(.bss.green)
    out                                      0x200010b4   Data           4  code.o(.bss.out)
    out_buffer                               0x200010b8   Data         500  code.o(.bss.out_buffer)
    slave_flag                               0x200012ac   Data           4  code.o(.bss.slave_flag)
    tim_flag                                 0x200012b0   Data           4  code.o(.bss.tim_flag)
    tmp                                      0x200012b4   Data         100  code.o(.bss.tmp)
    traffic1                                 0x20001318   Data         200  code.o(.bss.traffic1)
    traffic2                                 0x200013e0   Data         200  code.o(.bss.traffic2)
    traffic3                                 0x200014a8   Data         200  code.o(.bss.traffic3)
    traffic_monitor                          0x20001570   Data           4  code.o(.bss.traffic_monitor)
    u                                        0x20001574   Data           4  code.o(.bss.u)
    w                                        0x20001578   Data           4  code.o(.bss.w)
    x                                        0x2000157c   Data           4  code.o(.bss.x)
    y                                        0x20001580   Data           4  code.o(.bss.y)
    yellow                                   0x20001584   Data           4  code.o(.bss.yellow)
    z                                        0x20001588   Data           4  code.o(.bss.z)



==============================================================================

Memory Map of the image

  Image Entry point : 0x08000369

  Load Region LR_1 (Base: 0x08000000, Size: 0x000056dc, Max: 0xffffffff, ABSOLUTE, COMPRESSED[0x00004e04])

    Execution Region ER_RO (Exec base: 0x08000000, Load base: 0x08000000, Size: 0x00004d74, Max: 0xffffffff, ABSOLUTE)

    Exec Addr    Load Addr    Size         Type   Attr      Idx    E Section Name        Object

    0x08000000   0x08000000   0x000001c4   Data   RO          191    RESET               startup_stm32f446xx.o
    0x080001c4   0x080001c4   0x00000008   Code   RO          233  * !!!main             c_w.l(__main.o)
    0x080001cc   0x080001cc   0x00000034   Code   RO          700    !!!scatter          c_w.l(__scatter.o)
    0x08000200   0x08000200   0x0000003a   Code   RO          698    !!dczerorl          c_w.l(__dczerorl.o)
    0x0800023a   0x0800023a   0x00000002   PAD
    0x0800023c   0x0800023c   0x0000001c   Code   RO          702    !!handler_zi        c_w.l(__scatter_zi.o)
    0x08000258   0x08000258   0x00000000   Code   RO          317    .ARM.Collect$$_printf_percent$$00000000  c_w.l(_printf_percent.o)
    0x08000258   0x08000258   0x00000006   Code   RO          306    .ARM.Collect$$_printf_percent$$00000001  c_w.l(_printf_n.o)
    0x0800025e   0x0800025e   0x00000006   Code   RO          308    .ARM.Collect$$_printf_percent$$00000002  c_w.l(_printf_p.o)
    0x08000264   0x08000264   0x00000006   Code   RO          313    .ARM.Collect$$_printf_percent$$00000003  c_w.l(_printf_f.o)
    0x0800026a   0x0800026a   0x00000006   Code   RO          314    .ARM.Collect$$_printf_percent$$00000004  c_w.l(_printf_e.o)
    0x08000270   0x08000270   0x00000006   Code   RO          315    .ARM.Collect$$_printf_percent$$00000005  c_w.l(_printf_g.o)
    0x08000276   0x08000276   0x00000006   Code   RO          316    .ARM.Collect$$_printf_percent$$00000006  c_w.l(_printf_a.o)
    0x0800027c   0x0800027c   0x0000000a   Code   RO          321    .ARM.Collect$$_printf_percent$$00000007  c_w.l(_printf_ll.o)
    0x08000286   0x08000286   0x00000006   Code   RO          310    .ARM.Collect$$_printf_percent$$00000008  c_w.l(_printf_i.o)
    0x0800028c   0x0800028c   0x00000006   Code   RO          311    .ARM.Collect$$_printf_percent$$00000009  c_w.l(_printf_d.o)
    0x08000292   0x08000292   0x00000006   Code   RO          312    .ARM.Collect$$_printf_percent$$0000000A  c_w.l(_printf_u.o)
    0x08000298   0x08000298   0x00000006   Code   RO          309    .ARM.Collect$$_printf_percent$$0000000B  c_w.l(_printf_o.o)
    0x0800029e   0x0800029e   0x00000006   Code   RO          307    .ARM.Collect$$_printf_percent$$0000000C  c_w.l(_printf_x.o)
    0x080002a4   0x080002a4   0x00000006   Code   RO          318    .ARM.Collect$$_printf_percent$$0000000D  c_w.l(_printf_lli.o)
    0x080002aa   0x080002aa   0x00000006   Code   RO          319    .ARM.Collect$$_printf_percent$$0000000E  c_w.l(_printf_lld.o)
    0x080002b0   0x080002b0   0x00000006   Code   RO          320    .ARM.Collect$$_printf_percent$$0000000F  c_w.l(_printf_llu.o)
    0x080002b6   0x080002b6   0x00000006   Code   RO          325    .ARM.Collect$$_printf_percent$$00000010  c_w.l(_printf_llo.o)
    0x080002bc   0x080002bc   0x00000006   Code   RO          326    .ARM.Collect$$_printf_percent$$00000011  c_w.l(_printf_llx.o)
    0x080002c2   0x080002c2   0x0000000a   Code   RO          322    .ARM.Collect$$_printf_percent$$00000012  c_w.l(_printf_l.o)
    0x080002cc   0x080002cc   0x00000006   Code   RO          304    .ARM.Collect$$_printf_percent$$00000013  c_w.l(_printf_c.o)
    0x080002d2   0x080002d2   0x00000006   Code   RO          305    .ARM.Collect$$_printf_percent$$00000014  c_w.l(_printf_s.o)
    0x080002d8   0x080002d8   0x00000006   Code   RO          323    .ARM.Collect$$_printf_percent$$00000015  c_w.l(_printf_lc.o)
    0x080002de   0x080002de   0x00000006   Code   RO          324    .ARM.Collect$$_printf_percent$$00000016  c_w.l(_printf_ls.o)
    0x080002e4   0x080002e4   0x00000004   Code   RO          434    .ARM.Collect$$_printf_percent$$00000017  c_w.l(_printf_percent_end.o)
    0x080002e8   0x080002e8   0x00000002   Code   RO          515    .ARM.Collect$$libinit$$00000000  c_w.l(libinit.o)
    0x080002ea   0x080002ea   0x00000004   Code   RO          343    .ARM.Collect$$libinit$$00000001  c_w.l(libinit2.o)
    0x080002ee   0x080002ee   0x00000000   Code   RO          346    .ARM.Collect$$libinit$$00000004  c_w.l(libinit2.o)
    0x080002ee   0x080002ee   0x00000000   Code   RO          348    .ARM.Collect$$libinit$$00000006  c_w.l(libinit2.o)
    0x080002ee   0x080002ee   0x00000000   Code   RO          351    .ARM.Collect$$libinit$$0000000C  c_w.l(libinit2.o)
    0x080002ee   0x080002ee   0x00000000   Code   RO          353    .ARM.Collect$$libinit$$0000000E  c_w.l(libinit2.o)
    0x080002ee   0x080002ee   0x00000004   Code   RO          354    .ARM.Collect$$libinit$$0000000F  c_w.l(libinit2.o)
    0x080002f2   0x080002f2   0x00000000   Code   RO          355    .ARM.Collect$$libinit$$00000010  c_w.l(libinit2.o)
    0x080002f2   0x080002f2   0x00000006   Code   RO          356    .ARM.Collect$$libinit$$00000011  c_w.l(libinit2.o)
    0x080002f8   0x080002f8   0x00000000   Code   RO          358    .ARM.Collect$$libinit$$00000013  c_w.l(libinit2.o)
    0x080002f8   0x080002f8   0x0000000c   Code   RO          359    .ARM.Collect$$libinit$$00000014  c_w.l(libinit2.o)
    0x08000304   0x08000304   0x00000000   Code   RO          360    .ARM.Collect$$libinit$$00000015  c_w.l(libinit2.o)
    0x08000304   0x08000304   0x00000000   Code   RO          362    .ARM.Collect$$libinit$$00000017  c_w.l(libinit2.o)
    0x08000304   0x08000304   0x0000000a   Code   RO          363    .ARM.Collect$$libinit$$00000018  c_w.l(libinit2.o)
    0x0800030e   0x0800030e   0x00000000   Code   RO          364    .ARM.Collect$$libinit$$00000019  c_w.l(libinit2.o)
    0x0800030e   0x0800030e   0x00000000   Code   RO          366    .ARM.Collect$$libinit$$0000001B  c_w.l(libinit2.o)
    0x0800030e   0x0800030e   0x00000000   Code   RO          368    .ARM.Collect$$libinit$$0000001D  c_w.l(libinit2.o)
    0x0800030e   0x0800030e   0x00000000   Code   RO          370    .ARM.Collect$$libinit$$0000001F  c_w.l(libinit2.o)
    0x0800030e   0x0800030e   0x00000000   Code   RO          372    .ARM.Collect$$libinit$$00000021  c_w.l(libinit2.o)
    0x0800030e   0x0800030e   0x00000000   Code   RO          374    .ARM.Collect$$libinit$$00000023  c_w.l(libinit2.o)
    0x0800030e   0x0800030e   0x00000000   Code   RO          376    .ARM.Collect$$libinit$$00000025  c_w.l(libinit2.o)
    0x0800030e   0x0800030e   0x00000000   Code   RO          378    .ARM.Collect$$libinit$$00000027  c_w.l(libinit2.o)
    0x0800030e   0x0800030e   0x00000000   Code   RO          382    .ARM.Collect$$libinit$$0000002E  c_w.l(libinit2.o)
    0x0800030e   0x0800030e   0x00000000   Code   RO          384    .ARM.Collect$$libinit$$00000030  c_w.l(libinit2.o)
    0x0800030e   0x0800030e   0x00000000   Code   RO          386    .ARM.Collect$$libinit$$00000032  c_w.l(libinit2.o)
    0x0800030e   0x0800030e   0x00000000   Code   RO          388    .ARM.Collect$$libinit$$00000034  c_w.l(libinit2.o)
    0x0800030e   0x0800030e   0x00000002   Code   RO          389    .ARM.Collect$$libinit$$00000035  c_w.l(libinit2.o)
    0x08000310   0x08000310   0x00000002   Code   RO          623    .ARM.Collect$$libshutdown$$00000000  c_w.l(libshutdown.o)
    0x08000312   0x08000312   0x00000000   Code   RO          649    .ARM.Collect$$libshutdown$$00000002  c_w.l(libshutdown2.o)
    0x08000312   0x08000312   0x00000000   Code   RO          651    .ARM.Collect$$libshutdown$$00000004  c_w.l(libshutdown2.o)
    0x08000312   0x08000312   0x00000000   Code   RO          654    .ARM.Collect$$libshutdown$$00000007  c_w.l(libshutdown2.o)
    0x08000312   0x08000312   0x00000000   Code   RO          657    .ARM.Collect$$libshutdown$$0000000A  c_w.l(libshutdown2.o)
    0x08000312   0x08000312   0x00000000   Code   RO          659    .ARM.Collect$$libshutdown$$0000000C  c_w.l(libshutdown2.o)
    0x08000312   0x08000312   0x00000000   Code   RO          662    .ARM.Collect$$libshutdown$$0000000F  c_w.l(libshutdown2.o)
    0x08000312   0x08000312   0x00000002   Code   RO          663    .ARM.Collect$$libshutdown$$00000010  c_w.l(libshutdown2.o)
    0x08000314   0x08000314   0x00000000   Code   RO          235    .ARM.Collect$$rtentry$$00000000  c_w.l(__rtentry.o)
    0x08000314   0x08000314   0x00000000   Code   RO          401    .ARM.Collect$$rtentry$$00000002  c_w.l(__rtentry2.o)
    0x08000314   0x08000314   0x00000006   Code   RO          413    .ARM.Collect$$rtentry$$00000004  c_w.l(__rtentry4.o)
    0x0800031a   0x0800031a   0x00000000   Code   RO          403    .ARM.Collect$$rtentry$$00000009  c_w.l(__rtentry2.o)
    0x0800031a   0x0800031a   0x00000004   Code   RO          404    .ARM.Collect$$rtentry$$0000000A  c_w.l(__rtentry2.o)
    0x0800031e   0x0800031e   0x00000000   Code   RO          406    .ARM.Collect$$rtentry$$0000000C  c_w.l(__rtentry2.o)
    0x0800031e   0x0800031e   0x00000008   Code   RO          407    .ARM.Collect$$rtentry$$0000000D  c_w.l(__rtentry2.o)
    0x08000326   0x08000326   0x00000002   Code   RO          546    .ARM.Collect$$rtexit$$00000000  c_w.l(rtexit.o)
    0x08000328   0x08000328   0x00000000   Code   RO          581    .ARM.Collect$$rtexit$$00000002  c_w.l(rtexit2.o)
    0x08000328   0x08000328   0x00000004   Code   RO          582    .ARM.Collect$$rtexit$$00000003  c_w.l(rtexit2.o)
    0x0800032c   0x0800032c   0x00000006   Code   RO          583    .ARM.Collect$$rtexit$$00000004  c_w.l(rtexit2.o)
    0x08000332   0x08000332   0x00000002   PAD
    0x08000334   0x08000334   0x00000034   Code   RO          218    .emb_text           c_w.l(rand.o)
    0x08000368   0x08000368   0x00000040   Code   RO          192  * .text               startup_stm32f446xx.o
    0x080003a8   0x080003a8   0x0000002c   Code   RO          214    .text               c_w.l(sprintf.o)
    0x080003d4   0x080003d4   0x0000003c   Code   RO          216    .text               c_w.l(sscanf.o)
    0x08000410   0x08000410   0x0000003c   Code   RO          219    .text               c_w.l(rand.o)
    0x0800044c   0x0800044c   0x00000048   Code   RO          223    .text               c_w.l(strcpy.o)
    0x08000494   0x08000494   0x0000003e   Code   RO          225    .text               c_w.l(strlen.o)
    0x080004d2   0x080004d2   0x00000018   Code   RO          227    .text               c_w.l(strcat.o)
    0x080004ea   0x080004ea   0x00000006   PAD
    0x080004f0   0x080004f0   0x0000007c   Code   RO          229    .text               c_w.l(strcmpv7em.o)
    0x0800056c   0x0800056c   0x00000006   Code   RO          231    .text               c_w.l(heapauxi.o)
    0x08000572   0x08000572   0x0000004e   Code   RO          238    .text               c_w.l(_printf_pad.o)
    0x080005c0   0x080005c0   0x00000024   Code   RO          240    .text               c_w.l(_printf_truncate.o)
    0x080005e4   0x080005e4   0x00000052   Code   RO          242    .text               c_w.l(_printf_str.o)
    0x08000636   0x08000636   0x00000002   PAD
    0x08000638   0x08000638   0x00000078   Code   RO          244    .text               c_w.l(_printf_dec.o)
    0x080006b0   0x080006b0   0x00000028   Code   RO          246    .text               c_w.l(_printf_charcount.o)
    0x080006d8   0x080006d8   0x00000030   Code   RO          248    .text               c_w.l(_printf_char_common.o)
    0x08000708   0x08000708   0x0000000a   Code   RO          250    .text               c_w.l(_sputc.o)
    0x08000712   0x08000712   0x00000002   PAD
    0x08000714   0x08000714   0x000000bc   Code   RO          252    .text               c_w.l(_printf_wctomb.o)
    0x080007d0   0x080007d0   0x0000007c   Code   RO          255    .text               c_w.l(_printf_longlong_dec.o)
    0x0800084c   0x0800084c   0x00000070   Code   RO          261    .text               c_w.l(_printf_oct_int_ll.o)
    0x080008bc   0x080008bc   0x00000094   Code   RO          281    .text               c_w.l(_printf_hex_int_ll_ptr.o)
    0x08000950   0x08000950   0x00000188   Code   RO          301    .text               c_w.l(__printf_flags_ss_wp.o)
    0x08000ad8   0x08000ad8   0x00000156   Code   RO          327    .text               c_w.l(_scanf_longlong.o)
    0x08000c2e   0x08000c2e   0x0000014c   Code   RO          329    .text               c_w.l(_scanf_int.o)
    0x08000d7a   0x08000d7a   0x000000e0   Code   RO          331    .text               c_w.l(_scanf_str.o)
    0x08000e5a   0x08000e5a   0x00000002   PAD
    0x08000e5c   0x08000e5c   0x0000002c   Code   RO          333    .text               c_w.l(scanf_char.o)
    0x08000e88   0x08000e88   0x00000040   Code   RO          335    .text               c_w.l(_sgetc.o)
    0x08000ec8   0x08000ec8   0x00000114   Code   RO          337    .text               c_w.l(_scanf_mbtowc.o)
    0x08000fdc   0x08000fdc   0x000000e8   Code   RO          339    .text               c_w.l(_scanf_wctomb.o)
    0x080010c4   0x080010c4   0x000000d0   Code   RO          341    .text               c_w.l(_scanf_wstr.o)
    0x08001194   0x08001194   0x0000008a   Code   RO          415    .text               c_w.l(lludiv10.o)
    0x0800121e   0x0800121e   0x00000012   Code   RO          417    .text               c_w.l(isspace.o)
    0x08001230   0x08001230   0x000000b2   Code   RO          419    .text               c_w.l(_printf_intcommon.o)
    0x080012e2   0x080012e2   0x0000041c   Code   RO          421    .text               c_w.l(_printf_fp_dec.o)
    0x080016fe   0x080016fe   0x00000002   PAD
    0x08001700   0x08001700   0x000002fc   Code   RO          425    .text               c_w.l(_printf_fp_hex.o)
    0x080019fc   0x080019fc   0x0000002c   Code   RO          430    .text               c_w.l(_printf_char.o)
    0x08001a28   0x08001a28   0x0000002c   Code   RO          432    .text               c_w.l(_printf_wchar.o)
    0x08001a54   0x08001a54   0x0000001c   Code   RO          435    .text               c_w.l(_chval.o)
    0x08001a70   0x08001a70   0x00000374   Code   RO          437    .text               c_w.l(_scanf.o)
    0x08001de4   0x08001de4   0x000004f8   Code   RO          439    .text               c_w.l(scanf_fp.o)
    0x080022dc   0x080022dc   0x0000001e   Code   RO          443    .text               c_w.l(_scanf_wcharmap.o)
    0x080022fa   0x080022fa   0x00000040   Code   RO          445    .text               c_w.l(_mbrtoc16.o)
    0x0800233a   0x0800233a   0x00000048   Code   RO          447    .text               c_w.l(_c16rtomb.o)
    0x08002382   0x08002382   0x0000004a   Code   RO          453    .text               c_w.l(sys_stackheap_outer.o)
    0x080023cc   0x080023cc   0x00000010   Code   RO          455    .text               c_w.l(rt_ctype_table.o)
    0x080023dc   0x080023dc   0x00000008   Code   RO          460    .text               c_w.l(rt_locale_intlibspace.o)
    0x080023e4   0x080023e4   0x00000008   Code   RO          465    .text               c_w.l(rt_errno_addr_intlibspace.o)
    0x080023ec   0x080023ec   0x00000026   Code   RO          467    .text               c_w.l(llshl.o)
    0x08002412   0x08002412   0x00000002   PAD
    0x08002414   0x08002414   0x00000080   Code   RO          469    .text               c_w.l(_printf_fp_infnan.o)
    0x08002494   0x08002494   0x000000e4   Code   RO          471    .text               c_w.l(bigflt0.o)
    0x08002578   0x08002578   0x00000012   Code   RO          504    .text               c_w.l(exit.o)
    0x0800258a   0x0800258a   0x00000002   PAD
    0x0800258c   0x0800258c   0x00000008   Code   RO          543    .text               c_w.l(libspace.o)
    0x08002594   0x08002594   0x00000016   Code   RO          550    .text               c_w.l(_rserrno.o)
    0x080025aa   0x080025aa   0x00000002   PAD
    0x080025ac   0x080025ac   0x00000320   Code   RO          552    .text               c_w.l(scanf_hexfp.o)
    0x080028cc   0x080028cc   0x00000134   Code   RO          554    .text               c_w.l(scanf_infnan.o)
    0x08002a00   0x08002a00   0x00000002   Code   RO          577    .text               c_w.l(use_no_semi.o)
    0x08002a02   0x08002a02   0x00000000   Code   RO          579    .text               c_w.l(indicate_semi.o)
    0x08002a02   0x08002a02   0x00000002   PAD
    0x08002a04   0x08002a04   0x0000000c   Code   RO          613    .text               c_w.l(sys_exit.o)
    0x08002a10   0x08002a10   0x00000066   Code   RO          169    .text.SPI3_Config   spi.o
    0x08002a76   0x08002a76   0x00000002   PAD
    0x08002a78   0x08002a78   0x00000012   Code   RO          177    .text.SPI3_Enable   spi.o
    0x08002a8a   0x08002a8a   0x00000002   PAD
    0x08002a8c   0x08002a8c   0x0000008c   Code   RO          128    .text.SPI3_IRQHandler  interrupthandler.o
    0x08002b18   0x08002b18   0x00000052   Code   RO           79    .text.SysTick_Config  sys_init.o
    0x08002b6a   0x08002b6a   0x00000002   PAD
    0x08002b6c   0x08002b6c   0x00000010   Code   RO           75    .text.SysTick_Handler  sys_init.o
    0x08002b7c   0x08002b7c   0x00000012   Code   RO          199    .text.SystemInit    system_stm32f4xx.o
    0x08002b8e   0x08002b8e   0x00000002   PAD
    0x08002b90   0x08002b90   0x00000288   Code   RO          137    .text.TIM6_DAC_IRQHandler  timer.o
    0x08002e18   0x08002e18   0x000000b2   Code   RO          111    .text.UART2_Config  usart.o
    0x08002eca   0x08002eca   0x00000002   PAD
    0x08002ecc   0x08002ecc   0x00000024   Code   RO           97    .text.UART_SendChar  usart.o
    0x08002ef0   0x08002ef0   0x00000030   Code   RO          105    .text.UART_SendString  usart.o
    0x08002f20   0x08002f20   0x0000010c   Code   RO          126    .text.USART2_IRQHandler  interrupthandler.o
    0x0800302c   0x0800302c   0x00000030   Code   RO          113    .text.__NVIC_EnableIRQ  usart.o
    0x0800305c   0x0800305c   0x00000030   Code   RO          171    .text.__NVIC_EnableIRQ  spi.o
    0x0800308c   0x0800308c   0x00000042   Code   RO           85    .text.__NVIC_SetPriority  sys_init.o
    0x080030ce   0x080030ce   0x00000002   PAD
    0x080030d0   0x080030d0   0x0000010c   Code   RO           67    .text.gpio_usart_init  gpio.o
    0x080031dc   0x080031dc   0x000000d0   Code   RO            4    .text.handle_input  code.o
    0x080032ac   0x080032ac   0x0000009e   Code   RO            2    .text.handle_string  code.o
    0x0800334a   0x0800334a   0x00000002   PAD
    0x0800334c   0x0800334c   0x000000d6   Code   RO           59    .text.initClock     clock.o
    0x08003422   0x08003422   0x00000002   PAD
    0x08003424   0x08003424   0x00000336   Code   RO           16    .text.main          code.o
    0x0800375a   0x0800375a   0x00000002   PAD
    0x0800375c   0x0800375c   0x00000030   Code   RO           83    .text.ms_delay      sys_init.o
    0x0800378c   0x0800378c   0x000001d8   Code   RO            6    .text.process_output  code.o
    0x08003964   0x08003964   0x00000010   Code   RO           77    .text.sysInit       sys_init.o
    0x08003974   0x08003974   0x00000012   Code   RO           10    .text.trafficGenerator  code.o
    0x08003986   0x08003986   0x0000003e   Code   RO          474    CL$$btod_d2e        c_w.l(btod.o)
    0x080039c4   0x080039c4   0x00000046   Code   RO          476    CL$$btod_d2e_denorm_low  c_w.l(btod.o)
    0x08003a0a   0x08003a0a   0x00000060   Code   RO          475    CL$$btod_d2e_norm_op1  c_w.l(btod.o)
    0x08003a6a   0x08003a6a   0x00000002   PAD
    0x08003a6c   0x08003a6c   0x00000338   Code   RO          484    CL$$btod_div_common  c_w.l(btod.o)
    0x08003da4   0x08003da4   0x00000084   Code   RO          482    CL$$btod_e2d        c_w.l(btod.o)
    0x08003e28   0x08003e28   0x000000dc   Code   RO          481    CL$$btod_e2e        c_w.l(btod.o)
    0x08003f04   0x08003f04   0x0000002a   Code   RO          478    CL$$btod_ediv       c_w.l(btod.o)
    0x08003f2e   0x08003f2e   0x0000002a   Code   RO          480    CL$$btod_edivd      c_w.l(btod.o)
    0x08003f58   0x08003f58   0x0000002a   Code   RO          477    CL$$btod_emul       c_w.l(btod.o)
    0x08003f82   0x08003f82   0x0000002a   Code   RO          479    CL$$btod_emuld      c_w.l(btod.o)
    0x08003fac   0x08003fac   0x00000244   Code   RO          483    CL$$btod_mult_common  c_w.l(btod.o)
    0x080041f0   0x080041f0   0x00000030   Code   RO          529    i.__ARM_fpclassify  m_wm.l(fpclassify.o)
    0x08004220   0x08004220   0x000000f8   Code   RO          531    i.__hardfp___mathlib_tofloat  m_wm.l(narrow.o)
    0x08004318   0x08004318   0x000000d0   Code   RO          605    i.__hardfp_ldexp    m_wm.l(ldexp.o)
    0x080043e8   0x080043e8   0x00000020   Code   RO          632    i.__mathlib_dbl_overflow  m_wm.l(dunder.o)
    0x08004408   0x08004408   0x00000020   Code   RO          634    i.__mathlib_dbl_underflow  m_wm.l(dunder.o)
    0x08004428   0x08004428   0x00000012   Code   RO          532    i.__mathlib_narrow  m_wm.l(narrow.o)
    0x0800443a   0x0800443a   0x00000014   Code   RO          607    i.__support_ldexp   m_wm.l(ldexp.o)
    0x0800444e   0x0800444e   0x0000000e   Code   RO          294    i._is_digit         c_w.l(__printf_wp.o)
    0x0800445c   0x0800445c   0x00000004   PAD
    0x08004460   0x08004460   0x0000008c   Code   RO          573    i.frexp             m_wm.l(frexp.o)
    0x080044ec   0x080044ec   0x0000002c   Code   RO          502    locale$$code        c_w.l(lc_numeric_c.o)
    0x08004518   0x08004518   0x0000002c   Code   RO          559    locale$$code        c_w.l(lc_ctype_c.o)
    0x08004544   0x08004544   0x00000062   Code   RO          565    x$fpl$d2f           fz_wm.l(d2f.o)
    0x080045a6   0x080045a6   0x00000002   PAD
    0x080045a8   0x080045a8   0x00000010   Code   RO          670    x$fpl$dcheck1       fz_wm.l(dcheck1.o)
    0x080045b8   0x080045b8   0x00000018   Code   RO          595    x$fpl$dcmpinf       fz_wm.l(dcmpi.o)
    0x080045d0   0x080045d0   0x00000078   Code   RO          567    x$fpl$deqf          fz_wm.l(deqf.o)
    0x08004648   0x08004648   0x00000078   Code   RO          597    x$fpl$dleqf         fz_wm.l(dleqf.o)
    0x080046c0   0x080046c0   0x00000154   Code   RO          599    x$fpl$dmul          fz_wm.l(dmul.o)
    0x08004814   0x08004814   0x0000009c   Code   RO          601    x$fpl$dnaninf       fz_wm.l(dnaninf.o)
    0x080048b0   0x080048b0   0x0000000c   Code   RO          624    x$fpl$dretinf       fz_wm.l(dretinf.o)
    0x080048bc   0x080048bc   0x0000006c   Code   RO          569    x$fpl$drleqf        fz_wm.l(drleqf.o)
    0x08004928   0x08004928   0x0000001a   Code   RO          451    x$fpl$fpinit        fz_wm.l(fpinit.o)
    0x08004942   0x08004942   0x0000000a   Code   RO          603    x$fpl$fretinf       fz_wm.l(fretinf.o)
    0x0800494c   0x0800494c   0x00000006   Code   RO          520    x$fpl$ieeestatus    fz_wm.l(istatus.o)
    0x08004952   0x08004952   0x00000004   Code   RO          390    x$fpl$printf1       fz_wm.l(printf1.o)
    0x08004956   0x08004956   0x00000004   Code   RO          392    x$fpl$printf2       fz_wm.l(printf2.o)
    0x0800495a   0x0800495a   0x00000064   Code   RO          692    x$fpl$retnan        fz_wm.l(retnan.o)
    0x080049be   0x080049be   0x0000005c   Code   RO          626    x$fpl$scalbn        fz_wm.l(scalbn.o)
    0x08004a1a   0x08004a1a   0x00000004   Code   RO          398    x$fpl$scanf1        fz_wm.l(scanf1.o)
    0x08004a1e   0x08004a1e   0x00000008   Code   RO          522    x$fpl$scanf2        fz_wm.l(scanf2.o)
    0x08004a26   0x08004a26   0x00000030   Code   RO          694    x$fpl$trapveneer    fz_wm.l(trapv.o)
    0x08004a56   0x08004a56   0x00000000   Code   RO          528    x$fpl$usenofp       fz_wm.l(usenofp.o)
    0x08004a56   0x08004a56   0x00000002   PAD
    0x08004a58   0x08004a58   0x00000008   Data   RO          253    .constdata          c_w.l(_printf_wctomb.o)
    0x08004a60   0x08004a60   0x00000028   Data   RO          282    .constdata          c_w.l(_printf_hex_int_ll_ptr.o)
    0x08004a88   0x08004a88   0x00000011   Data   RO          302    .constdata          c_w.l(__printf_flags_ss_wp.o)
    0x08004a99   0x08004a99   0x00000026   Data   RO          426    .constdata          c_w.l(_printf_fp_hex.o)
    0x08004abf   0x08004abf   0x00000001   PAD
    0x08004ac0   0x08004ac0   0x00000094   Data   RO          472    .constdata          c_w.l(bigflt0.o)
    0x08004b54   0x08004b54   0x0000009b   Data   RO           20    .rodata.str1.1      code.o
    0x08004bef   0x08004bef   0x00000029   Data   RO          147    .rodata.str1.1      timer.o
    0x08004c18   0x08004c18   0x00000020   Data   RO          697    Region$$Table       anon$$obj.o
    0x08004c38   0x08004c38   0x00000008   Data   RO          516    c$$dinf             fz_wm.l(fpconst.o)
    0x08004c40   0x08004c40   0x00000008   Data   RO          519    c$$dmax             fz_wm.l(fpconst.o)
    0x08004c48   0x08004c48   0x0000001c   Data   RO          501    locale$$data        c_w.l(lc_numeric_c.o)
    0x08004c64   0x08004c64   0x00000110   Data   RO          558    locale$$data        c_w.l(lc_ctype_c.o)


    Execution Region ER_RW (Exec base: 0x20000000, Load base: 0x08004d74, Size: 0x00000968, Max: 0xffffffff, ABSOLUTE, COMPRESSED[0x00000090])

    Exec Addr    Load Addr    Size         Type   Attr      Idx    E Section Name        Object

    0x20000000   COMPRESSED   0x00000004   Data   RW           19    .data.extra         code.o
    0x20000004   COMPRESSED   0x00000004   Data   RW           18    .data.red           code.o
    0x20000008   COMPRESSED   0x00000320   Data   RW          144    .data.t1            timer.o
    0x20000328   COMPRESSED   0x00000320   Data   RW          145    .data.t2a           timer.o
    0x20000648   COMPRESSED   0x00000320   Data   RW          146    .data.t2b           timer.o


    Execution Region ER_ZI (Exec base: 0x20000968, Load base: 0x08004e04, Size: 0x00001228, Max: 0xffffffff, ABSOLUTE)

    Exec Addr    Load Addr    Size         Type   Attr      Idx    E Section Name        Object

    0x20000968        -       0x000000e4   Zero   RW          220    .bss                c_w.l(rand.o)
    0x20000a4c        -       0x00000060   Zero   RW          544    .bss                c_w.l(libspace.o)
    0x20000aac        -       0x00000004   Zero   RW           29    .bss.D              code.o
    0x20000ab0        -       0x00000004   Zero   RW           44    .bss.a              code.o
    0x20000ab4        -       0x00000004   Zero   RW           45    .bss.b              code.o
    0x20000ab8        -       0x00000004   Zero   RW           46    .bss.c              code.o
    0x20000abc        -       0x000001f4   Zero   RW           48    .bss.con_buffer_in  code.o
    0x20000cb0        -       0x000001f4   Zero   RW           49    .bss.con_buffer_outp  code.o
    0x20000ea4        -       0x00000004   Zero   RW           38    .bss.con_flag       code.o
    0x20000ea8        -       0x00000004   Zero   RW           36    .bss.con_in         code.o
    0x20000eac        -       0x00000004   Zero   RW           37    .bss.con_out        code.o
    0x20000eb0        -       0x00000004   Zero   RW          143    .bss.counter        timer.o
    0x20000eb4        -       0x00000004   Zero   RW           43    .bss.delay          code.o
    0x20000eb8        -       0x000001f4   Zero   RW           42    .bss.final_output   code.o
    0x200010ac        -       0x00000004   Zero   RW           21    .bss.green          code.o
    0x200010b0        -       0x00000004   Zero   RW           87    .bss.msTicks        sys_init.o
    0x200010b4        -       0x00000004   Zero   RW           41    .bss.out            code.o
    0x200010b8        -       0x000001f4   Zero   RW           30    .bss.out_buffer     code.o
    0x200012ac        -       0x00000004   Zero   RW           40    .bss.slave_flag     code.o
    0x200012b0        -       0x00000004   Zero   RW           39    .bss.tim_flag       code.o
    0x200012b4        -       0x00000064   Zero   RW           34    .bss.tmp            code.o
    0x20001318        -       0x000000c8   Zero   RW           31    .bss.traffic1       code.o
    0x200013e0        -       0x000000c8   Zero   RW           32    .bss.traffic2       code.o
    0x200014a8        -       0x000000c8   Zero   RW           33    .bss.traffic3       code.o
    0x20001570        -       0x00000004   Zero   RW           23    .bss.traffic_monitor  code.o
    0x20001574        -       0x00000004   Zero   RW           28    .bss.u              code.o
    0x20001578        -       0x00000004   Zero   RW           25    .bss.w              code.o
    0x2000157c        -       0x00000004   Zero   RW           24    .bss.x              code.o
    0x20001580        -       0x00000004   Zero   RW           26    .bss.y              code.o
    0x20001584        -       0x00000004   Zero   RW           22    .bss.yellow         code.o
    0x20001588        -       0x00000004   Zero   RW           27    .bss.z              code.o
    0x2000158c   0x08004e04   0x00000004   PAD
    0x20001590        -       0x00000200   Zero   RW          190    HEAP                startup_stm32f446xx.o
    0x20001790        -       0x00000400   Zero   RW          189    STACK               startup_stm32f446xx.o


==============================================================================

Image component sizes


      Code (inc. data)   RO Data    RW Data    ZI Data      Debug   Object Name

       214          0          0          0          0       1779   clock.o
      1678          0        155          8       2776       4685   code.o
       268          0          0          0          0       1702   gpio.o
       408          0          0          0          0       1465   interrupthandler.o
       168          0          0          0          0       6143   spi.o
        64         26        452          0       1536        872   startup_stm32f446xx.o
       228          0          0          0          4       4662   sys_init.o
        18          0          0          0          0       2742   system_stm32f4xx.o
       648          0         41       2400          4       5680   timer.o
       310          0          0          0          0       6514   usart.o

    ----------------------------------------------------------------------
      4022         26        680       2408       4324      36244   Object Totals
         0          0         32          0          0          0   (incl. Generated)
        18          0          0          0          4          0   (incl. Padding)

    ----------------------------------------------------------------------

      Code (inc. data)   RO Data    RW Data    ZI Data      Debug   Library Member Name

        58          0          0          0          0          0   __dczerorl.o
         8          0          0          0          0         68   __main.o
       392          4         17          0          0         92   __printf_flags_ss_wp.o
        14          0          0          0          0         68   __printf_wp.o
         0          0          0          0          0          0   __rtentry.o
        12          0          0          0          0          0   __rtentry2.o
         6          0          0          0          0          0   __rtentry4.o
        52          8          0          0          0          0   __scatter.o
        28          0          0          0          0          0   __scatter_zi.o
        72          0          0          0          0         96   _c16rtomb.o
        28          0          0          0          0         68   _chval.o
        64          0          0          0          0         84   _mbrtoc16.o
         6          0          0          0          0          0   _printf_a.o
         6          0          0          0          0          0   _printf_c.o
        44          0          0          0          0        108   _printf_char.o
        48          6          0          0          0         96   _printf_char_common.o
        40          0          0          0          0         68   _printf_charcount.o
         6          0          0          0          0          0   _printf_d.o
       120         16          0          0          0         92   _printf_dec.o
         6          0          0          0          0          0   _printf_e.o
         6          0          0          0          0          0   _printf_f.o
      1052          0          0          0          0        148   _printf_fp_dec.o
       764          8         38          0          0        100   _printf_fp_hex.o
       128         16          0          0          0         84   _printf_fp_infnan.o
         6          0          0          0          0          0   _printf_g.o
       148          4         40          0          0        160   _printf_hex_int_ll_ptr.o
         6          0          0          0          0          0   _printf_i.o
       178          0          0          0          0         88   _printf_intcommon.o
        10          0          0          0          0          0   _printf_l.o
         6          0          0          0          0          0   _printf_lc.o
        10          0          0          0          0          0   _printf_ll.o
         6          0          0          0          0          0   _printf_lld.o
         6          0          0          0          0          0   _printf_lli.o
         6          0          0          0          0          0   _printf_llo.o
         6          0          0          0          0          0   _printf_llu.o
         6          0          0          0          0          0   _printf_llx.o
       124         16          0          0          0         92   _printf_longlong_dec.o
         6          0          0          0          0          0   _printf_ls.o
         6          0          0          0          0          0   _printf_n.o
         6          0          0          0          0          0   _printf_o.o
       112          8          0          0          0        124   _printf_oct_int_ll.o
         6          0          0          0          0          0   _printf_p.o
        78          0          0          0          0        108   _printf_pad.o
         0          0          0          0          0          0   _printf_percent.o
         4          0          0          0          0          0   _printf_percent_end.o
         6          0          0          0          0          0   _printf_s.o
        82          0          0          0          0         80   _printf_str.o
        36          0          0          0          0         84   _printf_truncate.o
         6          0          0          0          0          0   _printf_u.o
        44          0          0          0          0        108   _printf_wchar.o
       188          6          8          0          0         92   _printf_wctomb.o
         6          0          0          0          0          0   _printf_x.o
        22          0          0          0          0        100   _rserrno.o
       884          6          0          0          0        100   _scanf.o
       332          0          0          0          0         96   _scanf_int.o
       342          0          0          0          0        100   _scanf_longlong.o
       276          0          0          0          0        100   _scanf_mbtowc.o
       224          0          0          0          0         96   _scanf_str.o
        30          0          0          0          0         76   _scanf_wcharmap.o
       232          0          0          0          0        100   _scanf_wctomb.o
       208          0          0          0          0         96   _scanf_wstr.o
        64          0          0          0          0         84   _sgetc.o
        10          0          0          0          0         68   _sputc.o
       228          4        148          0          0         96   bigflt0.o
      2152        136          0          0          0        956   btod.o
        18          0          0          0          0         80   exit.o
         6          0          0          0          0        152   heapauxi.o
         0          0          0          0          0          0   indicate_semi.o
        18          0          0          0          0         76   isspace.o
        44         10        272          0          0         76   lc_ctype_c.o
        44         10         28          0          0         76   lc_numeric_c.o
         2          0          0          0          0          0   libinit.o
        38          0          0          0          0          0   libinit2.o
         2          0          0          0          0          0   libshutdown.o
         2          0          0          0          0          0   libshutdown2.o
         8          4          0          0         96         68   libspace.o
        38          0          0          0          0         68   llshl.o
       138          0          0          0          0         80   lludiv10.o
       112         18          0          0        228        160   rand.o
        16          4          0          0          0         76   rt_ctype_table.o
         8          4          0          0          0         68   rt_errno_addr_intlibspace.o
         8          4          0          0          0         68   rt_locale_intlibspace.o
         2          0          0          0          0          0   rtexit.o
        10          0          0          0          0          0   rtexit2.o
        44          8          0          0          0         84   scanf_char.o
      1272         16          0          0          0        168   scanf_fp.o
       800         14          0          0          0        100   scanf_hexfp.o
       308         16          0          0          0        100   scanf_infnan.o
        44          6          0          0          0         84   sprintf.o
        60          8          0          0          0         84   sscanf.o
        24          0          0          0          0         68   strcat.o
       124          0          0          0          0         88   strcmpv7em.o
        72          0          0          0          0         80   strcpy.o
        62          0          0          0          0         76   strlen.o
        12          4          0          0          0         68   sys_exit.o
        74          0          0          0          0         80   sys_stackheap_outer.o
         2          0          0          0          0         68   use_no_semi.o
        98          4          0          0          0        140   d2f.o
        16          4          0          0          0        116   dcheck1.o
        24          0          0          0          0        116   dcmpi.o
       120          4          0          0          0        140   deqf.o
       120          4          0          0          0        140   dleqf.o
       340         12          0          0          0        152   dmul.o
       156          4          0          0          0        140   dnaninf.o
        12          0          0          0          0        116   dretinf.o
       108          0          0          0          0        128   drleqf.o
         0          0         16          0          0          0   fpconst.o
        26          0          0          0          0        116   fpinit.o
        10          0          0          0          0        116   fretinf.o
         6          0          0          0          0        116   istatus.o
         4          0          0          0          0        116   printf1.o
         4          0          0          0          0        116   printf2.o
       100          0          0          0          0        116   retnan.o
        92          0          0          0          0        116   scalbn.o
         4          0          0          0          0        116   scanf1.o
         8          0          0          0          0        132   scanf2.o
        48          0          0          0          0        116   trapv.o
         0          0          0          0          0          0   usenofp.o
        64         16          0          0          0        248   dunder.o
        48          0          0          0          0        124   fpclassify.o
       140         22          0          0          0        132   frexp.o
       228          8          0          0          0        308   ldexp.o
       266         16          0          0          0        308   narrow.o

    ----------------------------------------------------------------------
     14558        458        568          0        324       9856   Library Totals
        36          0          1          0          0          0   (incl. Padding)

    ----------------------------------------------------------------------

      Code (inc. data)   RO Data    RW Data    ZI Data      Debug   Library Name

     12480        364        551          0        324       6372   c_w.l
      1296         32         16          0          0       2364   fz_wm.l
       746         62          0          0          0       1120   m_wm.l

    ----------------------------------------------------------------------
     14558        458        568          0        324       9856   Library Totals

    ----------------------------------------------------------------------

==============================================================================


      Code (inc. data)   RO Data    RW Data    ZI Data      Debug   

     18580        484       1248       2408       4648      39956   Grand Totals
     18580        484       1248        144       4648      39956   ELF Image Totals (compressed)
     18580        484       1248        144          0          0   ROM Totals

==============================================================================

    Total RO  Size (Code + RO Data)                19828 (  19.36kB)
    Total RW  Size (RW Data + ZI Data)              7056 (   6.89kB)
    Total ROM Size (Code + RO Data + RW Data)      19972 (  19.50kB)

==============================================================================

