Component: Arm Compiler for Embedded 6.19 Tool: armlink [5e73cb00]

==============================================================================

Section Cross References

    code.o(.text.handle_string) refers to strlen.o(.text) for strlen
    code.o(.text.handle_string) refers to code.o(.bss.green) for green
    code.o(.text.handle_string) refers to code.o(.bss.yellow) for yellow
    code.o(.text.handle_string) refers to code.o(.data.red) for red
    code.o(.text.handle_string) refers to code.o(.data.extra) for extra
    code.o(.text.handle_string) refers to code.o(.rodata.str1.1) for .L.str
    code.o(.text.handle_string) refers to sprintf.o(.text) for sprintf
    code.o(.text.handle_string) refers to code.o(.bss.traffic_monitor) for traffic_monitor
    code.o(.ARM.exidx.text.handle_string) refers to code.o(.text.handle_string) for [Anonymous Symbol]
    code.o(.text.handle_input) refers to code.o(.bss.u) for u
    code.o(.text.handle_input) refers to code.o(.bss.z) for z
    code.o(.text.handle_input) refers to code.o(.bss.y) for y
    code.o(.text.handle_input) refers to code.o(.rodata.str1.1) for .L.str.2
    code.o(.text.handle_input) refers to code.o(.bss.x) for x
    code.o(.text.handle_input) refers to code.o(.bss.w) for w
    code.o(.text.handle_input) refers to sscanf.o(.text) for sscanf
    code.o(.text.handle_input) refers to code.o(.bss.D) for D
    code.o(.text.handle_input) refers to strcmpv7em.o(.text) for strcmp
    code.o(.ARM.exidx.text.handle_input) refers to code.o(.text.handle_input) for [Anonymous Symbol]
    code.o(.text.process_output) refers to code.o(.bss.out_buffer) for out_buffer
    code.o(.text.process_output) refers to code.o(.text.handle_input) for handle_input
    code.o(.text.process_output) refers to code.o(.bss.w) for w
    code.o(.text.process_output) refers to code.o(.bss.green) for green
    code.o(.text.process_output) refers to code.o(.bss.y) for y
    code.o(.text.process_output) refers to code.o(.bss.yellow) for yellow
    code.o(.text.process_output) refers to code.o(.bss.z) for z
    code.o(.text.process_output) refers to code.o(.data.red) for red
    code.o(.text.process_output) refers to code.o(.bss.u) for u
    code.o(.text.process_output) refers to code.o(.data.extra) for extra
    code.o(.text.process_output) refers to code.o(.bss.D) for D
    code.o(.text.process_output) refers to code.o(.bss.traffic_monitor) for traffic_monitor
    code.o(.text.process_output) refers to code.o(.bss.traffic1) for traffic1
    code.o(.text.process_output) refers to code.o(.rodata.str1.1) for .L.str.7
    code.o(.text.process_output) refers to strcpy.o(.text) for strcpy
    code.o(.text.process_output) refers to code.o(.bss.traffic2) for traffic2
    code.o(.text.process_output) refers to code.o(.bss.traffic3) for traffic3
    code.o(.text.process_output) refers to code.o(.bss.tmp) for tmp
    code.o(.text.process_output) refers to code.o(.text.handle_string) for handle_string
    code.o(.text.process_output) refers to strcat.o(.text) for strcat
    code.o(.text.process_output) refers to code.o(.bss.x) for x
    code.o(.text.process_output) refers to usart.o(.text.UART_SendString) for UART_SendString
    code.o(.ARM.exidx.text.process_output) refers to code.o(.text.process_output) for [Anonymous Symbol]
    code.o(.text.intToString) refers to code.o(.bss.intToString.str) for intToString.str
    code.o(.text.intToString) refers to code.o(.rodata.str1.1) for .L.str.1
    code.o(.text.intToString) refers to sprintf.o(.text) for sprintf
    code.o(.ARM.exidx.text.intToString) refers to code.o(.text.intToString) for [Anonymous Symbol]
    code.o(.text.trafficGenerator) refers to rand.o(.emb_text) for rand
    code.o(.ARM.exidx.text.trafficGenerator) refers to code.o(.text.trafficGenerator) for [Anonymous Symbol]
    code.o(.text.read) refers to spi.o(.text.CS_Enable) for CS_Enable
    code.o(.text.read) refers to spi.o(.text.SPI2_Transmit) for SPI2_Transmit
    code.o(.text.read) refers to spi.o(.text.CS_Disable) for CS_Disable
    code.o(.ARM.exidx.text.read) refers to code.o(.text.read) for [Anonymous Symbol]
    code.o(.text.write) refers to spi.o(.text.CS_Enable) for CS_Enable
    code.o(.text.write) refers to strlen.o(.text) for strlen
    code.o(.text.write) refers to sys_init.o(.text.ms_delay) for ms_delay
    code.o(.text.write) refers to spi.o(.text.SPI2_Transmit) for SPI2_Transmit
    code.o(.text.write) refers to spi.o(.text.CS_Disable) for CS_Disable
    code.o(.ARM.exidx.text.write) refers to code.o(.text.write) for [Anonymous Symbol]
    code.o(.text.control_to_light) refers to code.o(.text.write) for write
    code.o(.text.control_to_light) refers to usart.o(.text.UART_SendString) for UART_SendString
    code.o(.ARM.exidx.text.control_to_light) refers to code.o(.text.control_to_light) for [Anonymous Symbol]
    code.o(.text.main) refers to clock.o(.text.initClock) for initClock
    code.o(.text.main) refers to sys_init.o(.text.sysInit) for sysInit
[...]
    ../clib/scanf.c                          0x00000000   Number         0  sscanf.o ABSOLUTE
    ../clib/scanf.c                          0x00000000   Number         0  _scanf_longlong.o ABSOLUTE
    ../clib/scanf.c                          0x00000000   Number         0  _scanf_int.o ABSOLUTE
    ../clib/scanf.c                          0x00000000   Number         0  _scanf_str.o ABSOLUTE
    ../clib/scanf.c                          0x00000000   Number         0  scanf_char.o ABSOLUTE
    ../clib/scanf.c                          0x00000000   Number         0  _sgetc.o ABSOLUTE
    ../clib/scanf.c                          0x00000000   Number         0  _scanf_mbtowc.o ABSOLUTE
    ../clib/scanf.c                          0x00000000   Number         0  _scanf_wctomb.o ABSOLUTE
    ../clib/scanf.c                          0x00000000   Number         0  _scanf_wstr.o ABSOLUTE
    ../clib/scanf.c                          0x00000000   Number         0  _chval.o ABSOLUTE
    ../clib/scanf.c                          0x00000000   Number         0  _scanf.o ABSOLUTE
    ../clib/scanf.c                          0x00000000   Number         0  scanf_fp.o ABSOLUTE
    ../clib/scanf.c                          0x00000000   Number         0  scanf_fp_accurate.o ABSOLUTE
    ../clib/scanf.c                          0x00000000   Number         0  _scanf_wcharmap.o ABSOLUTE
    ../clib/scanf.c                          0x00000000   Number         0  scanf_hexfp.o ABSOLUTE
    ../clib/scanf.c                          0x00000000   Number         0  scanf_infnan.o ABSOLUTE
    ../clib/signal.c                         0x00000000   Number         0  defsig_rtmem_outer.o ABSOLUTE
    ../clib/signal.c                         0x00000000   Number         0  defsig_rtmem_formal.o ABSOLUTE
    ../clib/signal.c                         0x00000000   Number         0  defsig_exit.o ABSOLUTE
    ../clib/signal.c                         0x00000000   Number         0  defsig_rtmem_inner.o ABSOLUTE
    ../clib/signal.c                         0x00000000   Number         0  __raise.o ABSOLUTE
    ../clib/signal.c                         0x00000000   Number         0  defsig_general.o ABSOLUTE
    ../clib/signal.c                         0x00000000   Number         0  defsig_abrt_inner.o ABSOLUTE
    ../clib/signal.c                         0x00000000   Number         0  defsig_fpe_inner.o ABSOLUTE
    ../clib/signal.c                         0x00000000   Number         0  defsig_rtred_inner.o ABSOLUTE
    ../clib/signal.c                         0x00000000   Number         0  defsig_stak_inner.o ABSOLUTE
    ../clib/signal.c                         0x00000000   Number         0  defsig_pvfn_inner.o ABSOLUTE
    ../clib/signal.c                         0x00000000   Number         0  defsig_cppl_inner.o ABSOLUTE
    ../clib/signal.c                         0x00000000   Number         0  defsig_segv_inner.o ABSOLUTE
    ../clib/signal.c                         0x00000000   Number         0  defsig_other.o ABSOLUTE
    ../clib/signal.s                         0x00000000   Number         0  defsig.o ABSOLUTE
    ../clib/stdlib.c                         0x00000000   Number         0  rand.o ABSOLUTE
    ../clib/stdlib.c                         0x00000000   Number         0  rand.o ABSOLUTE
    ../clib/stdlib.c                         0x00000000   Number         0  exit.o ABSOLUTE
    ../clib/string.c                         0x00000000   Number         0  strcpy.o ABSOLUTE
    ../clib/string.c                         0x00000000   Number         0  strlen.o ABSOLUTE
    ../clib/string.c                         0x00000000   Number         0  strcat.o ABSOLUTE
    ../fplib/d2f.s                           0x00000000   Number         0  d2f.o ABSOLUTE
    ../fplib/daddsub.s                       0x00000000   Number         0  daddsub_clz.o ABSOLUTE
    ../fplib/dcheck1.s                       0x00000000   Number         0  dcheck1.o ABSOLUTE
    ../fplib/dcmpi.s                         0x00000000   Number         0  dcmpi.o ABSOLUTE
    ../fplib/ddiv.s                          0x00000000   Number         0  ddiv.o ABSOLUTE
    ../fplib/deqf.s                          0x00000000   Number         0  deqf.o ABSOLUTE
    ../fplib/dleqf.s                         0x00000000   Number         0  dleqf.o ABSOLUTE
    ../fplib/dmul.s                          0x00000000   Number         0  dmul.o ABSOLUTE
    ../fplib/dnaninf.s                       0x00000000   Number         0  dnaninf.o ABSOLUTE
    ../fplib/dretinf.s                       0x00000000   Number         0  dretinf.o ABSOLUTE
    ../fplib/drleqf.s                        0x00000000   Number         0  drleqf.o ABSOLUTE
    ../fplib/fpconst.s                       0x00000000   Number         0  fpconst.o ABSOLUTE
    ../fplib/fpinit.s                        0x00000000   Number         0  fpinit.o ABSOLUTE
    ../fplib/fretinf.s                       0x00000000   Number         0  fretinf.o ABSOLUTE
    ../fplib/istatus.s                       0x00000000   Number         0  istatus.o ABSOLUTE
    ../fplib/printf1.s                       0x00000000   Number         0  printf1.o ABSOLUTE
    ../fplib/printf2.s                       0x00000000   Number         0  printf2.o ABSOLUTE
    ../fplib/printf2a.s                      0x00000000   Number         0  printf2a.o ABSOLUTE
    ../fplib/printf2b.s                      0x00000000   Number         0  printf2b.o ABSOLUTE
    ../fplib/retnan.s                        0x00000000   Number         0  retnan.o ABSOLUTE
    ../fplib/scalbn.s                        0x00000000   Number         0  scalbn.o ABSOLUTE
    ../fplib/scanf1.s                        0x00000000   Number         0  scanf1.o ABSOLUTE
    ../fplib/scanf2.s                        0x00000000   Number         0  scanf2.o ABSOLUTE
    ../fplib/scanf2a.s                       0x00000000   Number         0  scanf2a.o ABSOLUTE
    ../fplib/scanf2b.s                       0x00000000   Number         0  scanf2b.o ABSOLUTE
    ../fplib/trapv.s                         0x00000000   Number         0  trapv.o ABSOLUTE
    ../fplib/usenofp.s                       0x00000000   Number         0  usenofp.o ABSOLUTE
    ../mathlib/dunder.c                      0x00000000   Number         0  dunder.o ABSOLUTE
    ../mathlib/fpclassify.c                  0x00000000   Number         0  fpclassify.o ABSOLUTE
    ../mathlib/frexp.c                       0x00000000   Number         0  frexp.o ABSOLUTE
    ../mathlib/ldexp.c                       0x00000000   Number         0  ldexp.o ABSOLUTE
    ../mathlib/narrow.c                      0x00000000   Number         0  narrow.o ABSOLUTE
    CLOCK.c                                  0x00000000   Number         0  clock.o ABSOLUTE
    GPIO.c                                   0x00000000   Number         0  gpio.o ABSOLUTE
    InterruptHandler.c                       0x00000000   Number         0  interrupthandler.o ABSOLUTE
    RTE/Device/STM32F446RETx/startup_stm32f446xx.s 0x00000000   Number         0  startup_stm32f446xx.o ABSOLUTE
    SPI.c                                    0x00000000   Number         0  spi.o ABSOLUTE
    SYS_INIT.c                               0x00000000   Number         0  sys_init.o ABSOLUTE
    Timer.c                                  0x00000000   Number         0  timer.o ABSOLUTE
    USART.c                                  0x00000000   Number         0  usart.o ABSOLUTE
    code.c                                   0x00000000   Number         0  code.o ABSOLUTE
    dc.s                                     0x00000000   Number         0  dc.o ABSOLUTE
    system_stm32f4xx.c                       0x00000000   Number         0  system_stm32f4xx.o ABSOLUTE
    RESET                                    0x08000000   Section      452  startup_stm32f446xx.o(RESET)
    !!!main                                  0x080001c4   Section        8  __main.o(!!!main)
    !!!scatter                               0x080001cc   Section       52  __scatter.o(!!!scatter)
    !!dczerorl                               0x08000200   Section       58  __dczerorl.o(!!dczerorl)
    !!handler_zi                             0x0800023c   Section       28  __scatter_zi.o(!!handler_zi)
    .ARM.Collect$$_printf_percent$$00000000  0x08000258   Section        0  _printf_percent.o(.ARM.Collect$$_printf_percent$$00000000)
    .ARM.Collect$$_printf_percent$$00000001  0x08000258   Section        6  _printf_n.o(.ARM.Collect$$_printf_percent$$00000001)
    .ARM.Collect$$_printf_percent$$00000002  0x0800025e   Section        6  _printf_p.o(.ARM.Collect$$_printf_percent$$00000002)
    .ARM.Collect$$_printf_percent$$00000003  0x08000264   Section        6  _printf_f.o(.ARM.Collect$$_printf_percent$$00000003)
    .ARM.Collect$$_printf_percent$$00000004  0x0800026a   Section        6  _printf_e.o(.ARM.Collect$$_printf_percent$$00000004)
    .ARM.Collect$$_printf_percent$$00000005  0x08000270   Section        6  _printf_g.o(.ARM.Collect$$_printf_percent$$00000005)
    .ARM.Collect$$_printf_percent$$00000006  0x08000276   Section        6  _printf_a.o(.ARM.Collect$$_printf_percent$$00000006)
    .ARM.Collect$$_printf_percent$$00000007  0x0800027c   Section       10  _printf_ll.o(.ARM.Collect$$_printf_percent$$00000007)
    .ARM.Collect$$_printf_percent$$00000008  0x08000286   Section        6  _printf_i.o(.ARM.Collect$$_printf_percent$$00000008)
    .ARM.Collect$$_printf_percent$$00000009  0x0800028c   Section        6  _printf_d.o(.ARM.Collect$$_printf_percent$$00000009)
    .ARM.Collect$$_printf_percent$$0000000A  0x08000292   Section        6  _printf_u.o(.ARM.Collect$$_printf_percent$$0000000A)
    .ARM.Collect$$_printf_percent$$0000000B  0x08000298   Section        6  _printf_o.o(.ARM.Collect$$_printf_percent$$0000000B)
    .ARM.Collect$$_printf_percent$$0000000C  0x0800029e   Section        6  _printf_x.o(.ARM.Collect$$_printf_percent$$0000000C)
    .ARM.Collect$$_printf_percent$$0000000D  0x080002a4   Section        6  _printf_lli.o(.ARM.Collect$$_printf_percent$$0000000D)
    .ARM.Collect$$_printf_percent$$0000000E  0x080002aa   Section        6  _printf_lld.o(.ARM.Collect$$_printf_percent$$0000000E)
    .ARM.Collect$$_printf_percent$$0000000F  0x080002b0   Section        6  _printf_llu.o(.ARM.Collect$$_printf_percent$$0000000F)
    .ARM.Collect$$_printf_percent$$00000010  0x080002b6   Section        6  _printf_llo.o(.ARM.Collect$$_printf_percent$$00000010)
    .ARM.Collect$$_printf_percent$$00000011  0x080002bc   Section        6  _printf_llx.o(.ARM.Collect$$_printf_percent$$00000011)
    .ARM.Collect$$_printf_percent$$00000012  0x080002c2   Section       10  _printf_l.o(.ARM.Collect$$_printf_percent$$00000012)
    .ARM.Collect$$_printf_percent$$00000013  0x080002cc   Section        6  _printf_c.o(.ARM.Collect$$_printf_percent$$00000013)
    .ARM.Collect$$_printf_percent$$00000014  0x080002d2   Section        6  _printf_s.o(.ARM.Collect$$_printf_percent$$00000014)
    .ARM.Collect$$_printf_percent$$00000015  0x080002d8   Section        6  _printf_lc.o(.ARM.Collect$$_printf_percent$$00000015)
    .ARM.Collect$$_printf_percent$$00000016  0x080002de   Section        6  _printf_ls.o(.ARM.Collect$$_printf_percent$$00000016)
    .ARM.Collect$$_printf_percent$$00000017  0x080002e4   Section        4  _printf_percent_end.o(.ARM.Collect$$_printf_percent$$00000017)
    .ARM.Collect$$libinit$$00000000          0x080002e8   Section        2  libinit.o(.ARM.Collect$$libinit$$00000000)
    .ARM.Collect$$libinit$$00000001          0x080002ea   Section        4  libinit2.o(.ARM.Collect$$libinit$$00000001)
    .ARM.Collect$$libinit$$00000004          0x080002ee   Section        0  libinit2.o(.ARM.Collect$$libinit$$00000004)
    .ARM.Collect$$libinit$$00000006          0x080002ee   Section        0  libinit2.o(.ARM.Collect$$libinit$$00000006)
    .ARM.Collect$$libinit$$0000000C          0x080002ee   Section        0  libinit2.o(.ARM.Collect$$libinit$$0000000C)
    .ARM.Collect$$libinit$$0000000E          0x080002ee   Section        0  libinit2.o(.ARM.Collect$$libinit$$0000000E)
    .ARM.Collect$$libinit$$00000010          0x080002ee   Section        0  libinit2.o(.ARM.Collect$$libinit$$00000010)
    .ARM.Collect$$libinit$$00000011          0x080002ee   Section        6  libinit2.o(.ARM.Collect$$libinit$$00000011)
    .ARM.Collect$$libinit$$00000013          0x080002f4   Section        0  libinit2.o(.ARM.Collect$$libinit$$00000013)
    .ARM.Collect$$libinit$$00000014          0x080002f4   Section       12  libinit2.o(.ARM.Collect$$libinit$$00000014)
    .ARM.Collect$$libinit$$00000015          0x08000300   Section        0  libinit2.o(.ARM.Collect$$libinit$$00000015)
    .ARM.Collect$$libinit$$00000017          0x08000300   Section        0  libinit2.o(.ARM.Collect$$libinit$$00000017)
    .ARM.Collect$$libinit$$00000018          0x08000300   Section       10  libinit2.o(.ARM.Collect$$libinit$$00000018)
    .ARM.Collect$$libinit$$00000019          0x0800030a   Section        0  libinit2.o(.ARM.Collect$$libinit$$00000019)
    .ARM.Collect$$libinit$$0000001B          0x0800030a   Section        0  libinit2.o(.ARM.Collect$$libinit$$0000001B)
    .ARM.Collect$$libinit$$0000001D          0x0800030a   Section        0  libinit2.o(.ARM.Collect$$libinit$$0000001D)
    .ARM.Collect$$libinit$$0000001F          0x0800030a   Section        0  libinit2.o(.ARM.Collect$$libinit$$0000001F)
    .ARM.Collect$$libinit$$00000021          0x0800030a   Section        0  libinit2.o(.ARM.Collect$$libinit$$00000021)
    .ARM.Collect$$libinit$$00000023          0x0800030a   Section        0  libinit2.o(.ARM.Collect$$libinit$$00000023)
    .ARM.Collect$$libinit$$00000025          0x0800030a   Section        0  libinit2.o(.ARM.Collect$$libinit$$00000025)
    .ARM.Collect$$libinit$$00000027          0x0800030a   Section        0  libinit2.o(.ARM.Collect$$libinit$$00000027)
    .ARM.Collect$$libinit$$0000002E          0x0800030a   Section        0  libinit2.o(.ARM.Collect$$libinit$$0000002E)
    .ARM.Collect$$libinit$$00000030          0x0800030a   Section        0  libinit2.o(.ARM.Collect$$libinit$$00000030)
    .ARM.Collect$$libinit$$00000032          0x0800030a   Section        0  libinit2.o(.ARM.Collect$$libinit$$00000032)
    .ARM.Collect$$libinit$$00000034          0x0800030a   Section        0  libinit2.o(.ARM.Collect$$libinit$$00000034)
    .ARM.Collect$$libinit$$00000035          0x0800030a   Section        2  libinit2.o(.ARM.Collect$$libinit$$00000035)
    .ARM.Collect$$libshutdown$$00000000      0x0800030c   Section        2  libshutdown.o(.ARM.Collect$$libshutdown$$00000000)
    .ARM.Collect$$libshutdown$$00000002      0x0800030e   Section        0  libshutdown2.o(.ARM.Collect$$libshutdown$$00000002)
    .ARM.Collect$$libshutdown$$00000004      0x0800030e   Section        0  libshutdown2.o(.ARM.Collect$$libshutdown$$00000004)
    .ARM.Collect$$libshutdown$$00000007      0x0800030e   Section        0  libshutdown2.o(.ARM.Collect$$libshutdown$$00000007)
    .ARM.Collect$$libshutdown$$0000000A      0x0800030e   Section        0  libshutdown2.o(.ARM.Collect$$libshutdown$$0000000A)
    .ARM.Collect$$libshutdown$$0000000C      0x0800030e   Section        0  libshutdown2.o(.ARM.Collect$$libshutdown$$0000000C)
    .ARM.Collect$$libshutdown$$0000000F      0x0800030e   Section        0  libshutdown2.o(.ARM.Collect$$libshutdown$$0000000F)
    .ARM.Collect$$libshutdown$$00000010      0x0800030e   Section        2  libshutdown2.o(.ARM.Collect$$libshutdown$$00000010)
    .ARM.Collect$$rtentry$$00000000          0x08000310   Section        0  __rtentry.o(.ARM.Collect$$rtentry$$00000000)
    .ARM.Collect$$rtentry$$00000002          0x08000310   Section        0  __rtentry2.o(.ARM.Collect$$rtentry$$00000002)
    .ARM.Collect$$rtentry$$00000004          0x08000310   Section        6  __rtentry4.o(.ARM.Collect$$rtentry$$00000004)
    .ARM.Collect$$rtentry$$00000009          0x08000316   Section        0  __rtentry2.o(.ARM.Collect$$rtentry$$00000009)
    .ARM.Collect$$rtentry$$0000000A          0x08000316   Section        4  __rtentry2.o(.ARM.Collect$$rtentry$$0000000A)
    .ARM.Collect$$rtentry$$0000000C          0x0800031a   Section        0  __rtentry2.o(.ARM.Collect$$rtentry$$0000000C)
    .ARM.Collect$$rtentry$$0000000D          0x0800031a   Section        8  __rtentry2.o(.ARM.Collect$$rtentry$$0000000D)
    .ARM.Collect$$rtexit$$00000000           0x08000322   Section        2  rtexit.o(.ARM.Collect$$rtexit$$00000000)
    .ARM.Collect$$rtexit$$00000002           0x08000324   Section        0  rtexit2.o(.ARM.Collect$$rtexit$$00000002)
    .ARM.Collect$$rtexit$$00000003           0x08000324   Section        4  rtexit2.o(.ARM.Collect$$rtexit$$00000003)
    .ARM.Collect$$rtexit$$00000004           0x08000328   Section        6  rtexit2.o(.ARM.Collect$$rtexit$$00000004)
    $v0                                      0x08000330   Number         0  startup_stm32f446xx.o(.text)
    .text                                    0x08000330   Section       64  startup_stm32f446xx.o(.text)
    .text                                    0x08000370   Section        0  sprintf.o(.text)
    .text                                    0x0800039c   Section        0  strcpy.o(.text)
    .text                                    0x080003e4   Section        0  strlen.o(.text)
    .text                                    0x08000422   Section        0  strcat.o(.text)
    .text                                    0x08000440   Section      124  strcmpv7em.o(.text)
    .text                                    0x080004bc   Section        0  heapauxi.o(.text)
    .text                                    0x080004c2   Section        0  _printf_pad.o(.text)
    .text                                    0x08000510   Section        0  _printf_truncate.o(.text)
    .text                                    0x08000534   Section        0  _printf_str.o(.text)
    .text                                    0x08000588   Section        0  _printf_dec.o(.text)
    .text                                    0x08000600   Section        0  _printf_charcount.o(.text)
    _printf_input_char                       0x08000629   Thumb Code    10  _printf_char_common.o(.text)
    .text                                    0x08000628   Section        0  _printf_char_common.o(.text)
    .text                                    0x08000658   Section        0  _sputc.o(.text)
    .text                                    0x08000664   Section        0  _printf_wctomb.o(.text)
    .text                                    0x08000720   Section        0  _printf_longlong_dec.o(.text)
    _printf_longlong_oct_internal            0x0800079d   Thumb Code     0  _printf_oct_int_ll.o(.text)
    .text                                    0x0800079c   Section        0  _printf_oct_int_ll.o(.text)
    _printf_hex_common                       0x0800080d   Thumb Code     0  _printf_hex_int_ll_ptr.o(.text)
    .text                                    0x0800080c   Section        0  _printf_hex_int_ll_ptr.o(.text)
    .text                                    0x080008a0   Section        0  __printf_flags_ss_wp.o(.text)
    .text                                    0x08000a28   Section      138  lludiv10.o(.text)
    .text                                    0x08000ab2   Section        0  _printf_intcommon.o(.text)
    _fp_digits                               0x08000b65   Thumb Code   432  _printf_fp_dec.o(.text)
    .text                                    0x08000b64   Section        0  _printf_fp_dec.o(.text)
    .text                                    0x08000f80   Section        0  _printf_fp_hex.o(.text)
    .text                                    0x0800127c   Section        0  _printf_char.o(.text)
    .text                                    0x080012a8   Section        0  _printf_wchar.o(.text)
    .text                                    0x080012d4   Section        0  _c16rtomb.o(.text)
    .text                                    0x0800131c   Section       74  sys_stackheap_outer.o(.text)
    .text                                    0x08001368   Section       16  rt_ctype_table.o(.text)
    .text                                    0x08001378   Section        8  rt_locale_intlibspace.o(.text)
    .text                                    0x08001380   Section        0  _printf_fp_infnan.o(.text)
    .text                                    0x08001400   Section        0  bigflt0.o(.text)
    .text                                    0x080014e4   Section        0  exit.o(.text)
    .text                                    0x080014f8   Section        8  libspace.o(.text)
    .text                                    0x08001500   Section        2  use_no_semi.o(.text)
    .text                                    0x08001502   Section        0  indicate_semi.o(.text)
    .text                                    0x08001504   Section        0  sys_exit.o(.text)
    [Anonymous Symbol]                       0x08001510   Section        0  spi.o(.text.CS_Disable)
    [Anonymous Symbol]                       0x08001520   Section        0  spi.o(.text.CS_Enable)
    [Anonymous Symbol]                       0x08001530   Section        0  spi.o(.text.SPI2_Config)
    [Anonymous Symbol]                       0x08001598   Section        0  spi.o(.text.SPI2_Enable)
    [Anonymous Symbol]                       0x080015ac   Section        0  spi.o(.text.SPI2_Transmit)
    [Anonymous Symbol]                       0x0800163c   Section        0  interrupthandler.o(.text.SPI3_IRQHandler)
    SysTick_Config                           0x08001675   Thumb Code    82  sys_init.o(.text.SysTick_Config)
    [Anonymous Symbol]                       0x08001674   Section        0  sys_init.o(.text.SysTick_Config)
    [Anonymous Symbol]                       0x080016c8   Section        0  sys_init.o(.text.SysTick_Handler)
    [Anonymous Symbol]                       0x080016d8   Section        0  system_stm32f4xx.o(.text.SystemInit)
    [Anonymous Symbol]                       0x080016ec   Section        0  timer.o(.text.TIM6_Config)
    [Anonymous Symbol]                       0x08001744   Section        0  timer.o(.text.TIM6_DAC_IRQHandler)
    [Anonymous Symbol]                       0x080019cc   Section        0  usart.o(.text.UART2_Config)
    [Anonymous Symbol]                       0x08001a80   Section        0  usart.o(.text.UART_SendChar)
    [Anonymous Symbol]                       0x08001aa4   Section        0  usart.o(.text.UART_SendString)
    [Anonymous Symbol]                       0x08001acc   Section        0  interrupthandler.o(.text.USART2_IRQHandler)
    __NVIC_EnableIRQ                         0x08001bd9   Thumb Code    48  usart.o(.text.__NVIC_EnableIRQ)
    [Anonymous Symbol]                       0x08001bd8   Section        0  usart.o(.text.__NVIC_EnableIRQ)
    __NVIC_EnableIRQ                         0x08001c09   Thumb Code    48  timer.o(.text.__NVIC_EnableIRQ)
    [Anonymous Symbol]                       0x08001c08   Section        0  timer.o(.text.__NVIC_EnableIRQ)
    __NVIC_SetPriority                       0x08001c39   Thumb Code    66  sys_init.o(.text.__NVIC_SetPriority)
    [Anonymous Symbol]                       0x08001c38   Section        0  sys_init.o(.text.__NVIC_SetPriority)
    [Anonymous Symbol]                       0x08001c7c   Section        0  code.o(.text.control_to_light)
    [Anonymous Symbol]                       0x08001c9c   Section        0  gpio.o(.text.gpio_usart_init)
    [Anonymous Symbol]                       0x08001dc8   Section        0  clock.o(.text.initClock)
    [Anonymous Symbol]                       0x08001ea0   Section        0  code.o(.text.main)
    [Anonymous Symbol]                       0x08001f34   Section        0  sys_init.o(.text.ms_delay)
    [Anonymous Symbol]                       0x08001f64   Section        0  sys_init.o(.text.sysInit)
    [Anonymous Symbol]                       0x08001f74   Section        0  code.o(.text.write)
    CL$$btod_d2e                             0x08001fc4   Section       62  btod.o(CL$$btod_d2e)
    CL$$btod_d2e_denorm_low                  0x08002002   Section       70  btod.o(CL$$btod_d2e_denorm_low)
    CL$$btod_d2e_norm_op1                    0x08002048   Section       96  btod.o(CL$$btod_d2e_norm_op1)
    CL$$btod_div_common                      0x080020a8   Section      824  btod.o(CL$$btod_div_common)
    CL$$btod_e2e                             0x080023e0   Section      220  btod.o(CL$$btod_e2e)
    CL$$btod_ediv                            0x080024bc   Section       42  btod.o(CL$$btod_ediv)
    CL$$btod_emul                            0x080024e6   Section       42  btod.o(CL$$btod_emul)
    CL$$btod_mult_common                     0x08002510   Section      580  btod.o(CL$$btod_mult_common)
    i.__ARM_fpclassify                       0x08002754   Section        0  fpclassify.o(i.__ARM_fpclassify)
    i._is_digit                              0x08002784   Section        0  __printf_wp.o(i._is_digit)
    locale$$code                             0x08002794   Section       44  lc_numeric_c.o(locale$$code)
    locale$$code                             0x080027c0   Section       44  lc_ctype_c.o(locale$$code)
    $v0                                      0x080027ec   Number         0  fpinit.o(x$fpl$fpinit)
    x$fpl$fpinit                             0x080027ec   Section       26  fpinit.o(x$fpl$fpinit)
    $v0                                      0x08002806   Number         0  printf1.o(x$fpl$printf1)
    x$fpl$printf1                            0x08002806   Section        4  printf1.o(x$fpl$printf1)
    $v0                                      0x0800280a   Number         0  printf2.o(x$fpl$printf2)
    x$fpl$printf2                            0x0800280a   Section        4  printf2.o(x$fpl$printf2)
    x$fpl$usenofp                            0x0800280e   Section        0  usenofp.o(x$fpl$usenofp)
    initial_mbstate                          0x08002810   Data           8  _printf_wctomb.o(.constdata)
    .constdata                               0x08002810   Section        8  _printf_wctomb.o(.constdata)
    uc_hextab                                0x08002818   Data          20  _printf_hex_int_ll_ptr.o(.constdata)
    .constdata                               0x08002818   Section       40  _printf_hex_int_ll_ptr.o(.constdata)
    lc_hextab                                0x0800282c   Data          20  _printf_hex_int_ll_ptr.o(.constdata)
    maptable                                 0x08002840   Data          17  __printf_flags_ss_wp.o(.constdata)
    .constdata                               0x08002840   Section       17  __printf_flags_ss_wp.o(.constdata)
    lc_hextab                                0x08002851   Data          19  _printf_fp_hex.o(.constdata)
    .constdata                               0x08002851   Section       38  _printf_fp_hex.o(.constdata)
    uc_hextab                                0x08002864   Data          19  _printf_fp_hex.o(.constdata)
    tenpwrs_x                                0x08002878   Data          60  bigflt0.o(.constdata)
    .constdata                               0x08002878   Section      148  bigflt0.o(.constdata)
    tenpwrs_i                                0x080028b4   Data          64  bigflt0.o(.constdata)
    .L.str.1                                 0x0800290c   Data           5  timer.o(.rodata.str1.1)
    [Anonymous Symbol]                       0x0800290c   Section        0  timer.o(.rodata.str1.1)
    .L.str                                   0x08002911   Data          36  timer.o(.rodata.str1.1)
    .L.str.2                                 0x08002934   Data           1  timer.o(.rodata.str1.1)
    .L.str.7                                 0x08002934   Data           1  timer.o(.rodata.str1.1)
    locale$$data                             0x08002958   Section       28  lc_numeric_c.o(locale$$data)
    __lcnum_c_name                           0x0800295c   Data           2  lc_numeric_c.o(locale$$data)
    __lcnum_c_start                          0x08002964   Data           0  lc_numeric_c.o(locale$$data)
    __lcnum_c_point                          0x08002970   Data           0  lc_numeric_c.o(locale$$data)
    __lcnum_c_thousands                      0x08002972   Data           0  lc_numeric_c.o(locale$$data)
    __lcnum_c_grouping                       0x08002973   Data           0  lc_numeric_c.o(locale$$data)
    __lcnum_c_end                            0x08002974   Data           0  lc_numeric_c.o(locale$$data)
    locale$$data                             0x08002974   Section      272  lc_ctype_c.o(locale$$data)
    __lcctype_c_name                         0x08002978   Data           2  lc_ctype_c.o(locale$$data)
    __lcctype_c_start                        0x08002980   Data           0  lc_ctype_c.o(locale$$data)
    __lcctype_c_end                          0x08002a84   Data           0  lc_ctype_c.o(locale$$data)
    .bss                                     0x20000960   Section       96  libspace.o(.bss)
    msTicks                                  0x20000fac   Data           4  sys_init.o(.bss.msTicks)
    [Anonymous Symbol]                       0x20000fac   Section        0  sys_init.o(.bss.msTicks)
    Heap_Mem                                 0x20001210   Data         512  startup_stm32f446xx.o(HEAP)
    HEAP                                     0x20001210   Section      512  startup_stm32f446xx.o(HEAP)
    Stack_Mem                                0x20001410   Data        1024  startup_stm32f446xx.o(STACK)
    STACK                                    0x20001410   Section     1024  startup_stm32f446xx.o(STACK)
    __initial_sp                             0x20001810   Data           0  startup_stm32f446xx.o(STACK)

    Global Symbols

    Symbol Name                              Value     Ov Type        Size  Object(Section)

    BuildAttributes$$THM_ISAv4$E$P$D$K$B$S$7EM$VFPi3$EXTD16$VFPS$VFMA$PE$A:L22UL41UL21$X:L11$S22US41US21$IEEE1$IW$~IW$USESV6$~STKCKD$USESV7$~SHL$OTIME$ROPI$IEEEX$EBA8$UX$STANDARDLIB$REQ8$PRES8$EABIv2 0x00000000   Number         0  anon$$obj.o ABSOLUTE
    _printf_flags                            0x00000000   Number         0  printf_stubs.o ABSOLUTE
    _printf_return_value                     0x00000000   Number         0  printf_stubs.o ABSOLUTE
    _printf_sizespec                         0x00000000   Number         0  printf_stubs.o ABSOLUTE
    _printf_widthprec                        0x00000000   Number         0  printf_stubs.o ABSOLUTE
    __ARM_exceptions_init                     - Undefined Weak Reference
    __alloca_initialize                       - Undefined Weak Reference
    __arm_preinit_                            - Undefined Weak Reference
    __arm_relocate_pie_                       - Undefined Weak Reference
    __cpp_initialize__aeabi_                  - Undefined Weak Reference
    __cxa_finalize                            - Undefined Weak Reference
    __sigvec_lookup                           - Undefined Weak Reference
    _atexit_init                              - Undefined Weak Reference
    _call_atexit_fns                          - Undefined Weak Reference
    _clock_init                               - Undefined Weak Reference
    _fp_trap_init                             - Undefined Weak Reference
    _fp_trap_shutdown                         - Undefined Weak Reference
    _get_lc_collate                           - Undefined Weak Reference
    _get_lc_monetary                          - Undefined Weak Reference
    _get_lc_time                              - Undefined Weak Reference
    _getenv_init                              - Undefined Weak Reference
    _handle_redirection                       - Undefined Weak Reference
    _init_alloc                               - Undefined Weak Reference
    _init_user_alloc                          - Undefined Weak Reference
    _initio                                   - Undefined Weak Reference
    _printf_mbtowc                            - Undefined Weak Reference
    _printf_wc                                - Undefined Weak Reference
    _signal_finish                            - Undefined Weak Reference
    _signal_init                              - Undefined Weak Reference
    _terminate_alloc                          - Undefined Weak Reference
    _terminate_user_alloc                     - Undefined Weak Reference
    _terminateio                              - Undefined Weak Reference
    __Vectors_Size                           0x000001c4   Number         0  startup_stm32f446xx.o ABSOLUTE
    __Vectors                                0x08000000   Data           4  startup_stm32f446xx.o(RESET)
    __Vectors_End                            0x080001c4   Data           0  startup_stm32f446xx.o(RESET)
    __main                                   0x080001c5   Thumb Code     8  __main.o(!!!main)
    __scatterload                            0x080001cd   Thumb Code     0  __scatter.o(!!!scatter)
    __scatterload_rt2                        0x080001cd   Thumb Code    44  __scatter.o(!!!scatter)
    __scatterload_rt2_thumb_only             0x080001cd   Thumb Code     0  __scatter.o(!!!scatter)
    __scatterload_null                       0x080001db   Thumb Code     0  __scatter.o(!!!scatter)
    __decompress                             0x08000201   Thumb Code    58  __dczerorl.o(!!dczerorl)
    __decompress0                            0x08000201   Thumb Code     0  __dczerorl.o(!!dczerorl)
    __scatterload_zeroinit                   0x0800023d   Thumb Code    28  __scatter_zi.o(!!handler_zi)
    _printf_n                                0x08000259   Thumb Code     0  _printf_n.o(.ARM.Collect$$_printf_percent$$00000001)
    _printf_percent                          0x08000259   Thumb Code     0  _printf_percent.o(.ARM.Collect$$_printf_percent$$00000000)
    _printf_p                                0x0800025f   Thumb Code     0  _printf_p.o(.ARM.Collect$$_printf_percent$$00000002)
    _printf_f                                0x08000265   Thumb Code     0  _printf_f.o(.ARM.Collect$$_printf_percent$$00000003)
    _printf_e                                0x0800026b   Thumb Code     0  _printf_e.o(.ARM.Collect$$_printf_percent$$00000004)
    _printf_g                                0x08000271   Thumb Code     0  _printf_g.o(.ARM.Collect$$_printf_percent$$00000005)
    _printf_a                                0x08000277   Thumb Code     0  _printf_a.o(.ARM.Collect$$_printf_percent$$00000006)
    _printf_ll                               0x0800027d   Thumb Code     0  _printf_ll.o(.ARM.Collect$$_printf_percent$$00000007)
    _printf_i                                0x08000287   Thumb Code     0  _printf_i.o(.ARM.Collect$$_printf_percent$$00000008)
    _printf_d                                0x0800028d   Thumb Code     0  _printf_d.o(.ARM.Collect$$_printf_percent$$00000009)
    _printf_u                                0x08000293   Thumb Code     0  _printf_u.o(.ARM.Collect$$_printf_percent$$0000000A)
    _printf_o                                0x08000299   Thumb Code     0  _printf_o.o(.ARM.Collect$$_printf_percent$$0000000B)
    _printf_x                                0x0800029f   Thumb Code     0  _printf_x.o(.ARM.Collect$$_printf_percent$$0000000C)
    _printf_lli                              0x080002a5   Thumb Code     0  _printf_lli.o(.ARM.Collect$$_printf_percent$$0000000D)
    _printf_lld                              0x080002ab   Thumb Code     0  _printf_lld.o(.ARM.Collect$$_printf_percent$$0000000E)
    _printf_llu                              0x080002b1   Thumb Code     0  _printf_llu.o(.ARM.Collect$$_printf_percent$$0000000F)
    _printf_llo                              0x080002b7   Thumb Code     0  _printf_llo.o(.ARM.Collect$$_printf_percent$$00000010)
    _printf_llx                              0x080002bd   Thumb Code     0  _printf_llx.o(.ARM.Collect$$_printf_percent$$00000011)
    _printf_l                                0x080002c3   Thumb Code     0  _printf_l.o(.ARM.Collect$$_printf_percent$$00000012)
    _printf_c                                0x080002cd   Thumb Code     0  _printf_c.o(.ARM.Collect$$_printf_percent$$00000013)
    _printf_s                                0x080002d3   Thumb Code     0  _printf_s.o(.ARM.Collect$$_printf_percent$$00000014)
    _printf_lc                               0x080002d9   Thumb Code     0  _printf_lc.o(.ARM.Collect$$_printf_percent$$00000015)
    _printf_ls                               0x080002df   Thumb Code     0  _printf_ls.o(.ARM.Collect$$_printf_percent$$00000016)
    _printf_percent_end                      0x080002e5   Thumb Code     0  _printf_percent_end.o(.ARM.Collect$$_printf_percent$$00000017)
    __rt_lib_init                            0x080002e9   Thumb Code     0  libinit.o(.ARM.Collect$$libinit$$00000000)
    __rt_lib_init_fp_1                       0x080002eb   Thumb Code     0  libinit2.o(.ARM.Collect$$libinit$$00000001)
    __rt_lib_init_heap_1                     0x080002ef   Thumb Code     0  libinit2.o(.ARM.Collect$$libinit$$0000000C)
    __rt_lib_init_lc_common                  0x080002ef   Thumb Code     0  libinit2.o(.ARM.Collect$$libinit$$00000011)
    __rt_lib_init_preinit_1                  0x080002ef   Thumb Code     0  libinit2.o(.ARM.Collect$$libinit$$00000006)
    __rt_lib_init_rand_1                     0x080002ef   Thumb Code     0  libinit2.o(.ARM.Collect$$libinit$$00000010)
    __rt_lib_init_relocate_pie_1             0x080002ef   Thumb Code     0  libinit2.o(.ARM.Collect$$libinit$$00000004)
    __rt_lib_init_user_alloc_1               0x080002ef   Thumb Code     0  libinit2.o(.ARM.Collect$$libinit$$0000000E)
    __rt_lib_init_lc_collate_1               0x080002f5   Thumb Code     0  libinit2.o(.ARM.Collect$$libinit$$00000013)
    __rt_lib_init_lc_ctype_2                 0x080002f5   Thumb Code     0  libinit2.o(.ARM.Collect$$libinit$$00000014)
    __rt_lib_init_lc_ctype_1                 0x08000301   Thumb Code     0  libinit2.o(.ARM.Collect$$libinit$$00000015)
    __rt_lib_init_lc_monetary_1              0x08000301   Thumb Code     0  libinit2.o(.ARM.Collect$$libinit$$00000017)
    __rt_lib_init_lc_numeric_2               0x08000301   Thumb Code     0  libinit2.o(.ARM.Collect$$libinit$$00000018)
    __rt_lib_init_alloca_1                   0x0800030b   Thumb Code     0  libinit2.o(.ARM.Collect$$libinit$$00000030)
    __rt_lib_init_argv_1                     0x0800030b   Thumb Code     0  libinit2.o(.ARM.Collect$$libinit$$0000002E)
    __rt_lib_init_atexit_1                   0x0800030b   Thumb Code     0  libinit2.o(.ARM.Collect$$libinit$$0000001D)
    __rt_lib_init_clock_1                    0x0800030b   Thumb Code     0  libinit2.o(.ARM.Collect$$libinit$$00000023)
    __rt_lib_init_cpp_1                      0x0800030b   Thumb Code     0  libinit2.o(.ARM.Collect$$libinit$$00000034)
    __rt_lib_init_exceptions_1               0x0800030b   Thumb Code     0  libinit2.o(.ARM.Collect$$libinit$$00000032)
    __rt_lib_init_fp_trap_1                  0x0800030b   Thumb Code     0  libinit2.o(.ARM.Collect$$libinit$$00000021)
    __rt_lib_init_getenv_1                   0x0800030b   Thumb Code     0  libinit2.o(.ARM.Collect$$libinit$$00000025)
    __rt_lib_init_lc_numeric_1               0x0800030b   Thumb Code     0  libinit2.o(.ARM.Collect$$libinit$$00000019)
    __rt_lib_init_lc_time_1                  0x0800030b   Thumb Code     0  libinit2.o(.ARM.Collect$$libinit$$0000001B)
    __rt_lib_init_return                     0x0800030b   Thumb Code     0  libinit2.o(.ARM.Collect$$libinit$$00000035)
    __rt_lib_init_signal_1                   0x0800030b   Thumb Code     0  libinit2.o(.ARM.Collect$$libinit$$0000001F)
    __rt_lib_init_stdio_1                    0x0800030b   Thumb Code     0  libinit2.o(.ARM.Collect$$libinit$$00000027)
    __rt_lib_shutdown                        0x0800030d   Thumb Code     0  libshutdown.o(.ARM.Collect$$libshutdown$$00000000)
    __rt_lib_shutdown_cpp_1                  0x0800030f   Thumb Code     0  libshutdown2.o(.ARM.Collect$$libshutdown$$00000002)
    __rt_lib_shutdown_fp_trap_1              0x0800030f   Thumb Code     0  libshutdown2.o(.ARM.Collect$$libshutdown$$00000007)
    __rt_lib_shutdown_heap_1                 0x0800030f   Thumb Code     0  libshutdown2.o(.ARM.Collect$$libshutdown$$0000000F)
    __rt_lib_shutdown_return                 0x0800030f   Thumb Code     0  libshutdown2.o(.ARM.Collect$$libshutdown$$00000010)
    __rt_lib_shutdown_signal_1               0x0800030f   Thumb Code     0  libshutdown2.o(.ARM.Collect$$libshutdown$$0000000A)
    __rt_lib_shutdown_stdio_1                0x0800030f   Thumb Code     0  libshutdown2.o(.ARM.Collect$$libshutdown$$00000004)
    __rt_lib_shutdown_user_alloc_1           0x0800030f   Thumb Code     0  libshutdown2.o(.ARM.Collect$$libshutdown$$0000000C)
    __rt_entry                               0x08000311   Thumb Code     0  __rtentry.o(.ARM.Collect$$rtentry$$00000000)
    __rt_entry_presh_1                       0x08000311   Thumb Code     0  __rtentry2.o(.ARM.Collect$$rtentry$$00000002)
    __rt_entry_sh                            0x08000311   Thumb Code     0  __rtentry4.o(.ARM.Collect$$rtentry$$00000004)
    __rt_entry_li                            0x08000317   Thumb Code     0  __rtentry2.o(.ARM.Collect$$rtentry$$0000000A)
    __rt_entry_postsh_1                      0x08000317   Thumb Code     0  __rtentry2.o(.ARM.Collect$$rtentry$$00000009)
    __rt_entry_main                          0x0800031b   Thumb Code     0  __rtentry2.o(.ARM.Collect$$rtentry$$0000000D)
    __rt_entry_postli_1                      0x0800031b   Thumb Code     0  __rtentry2.o(.ARM.Collect$$rtentry$$0000000C)
    __rt_exit                                0x08000323   Thumb Code     0  rtexit.o(.ARM.Collect$$rtexit$$00000000)
    __rt_exit_ls                             0x08000325   Thumb Code     0  rtexit2.o(.ARM.Collect$$rtexit$$00000003)
    __rt_exit_prels_1                        0x08000325   Thumb Code     0  rtexit2.o(.ARM.Collect$$rtexit$$00000002)
    __rt_exit_exit                           0x08000329   Thumb Code     0  rtexit2.o(.ARM.Collect$$rtexit$$00000004)
    Reset_Handler                            0x08000331   Thumb Code     8  startup_stm32f446xx.o(.text)
    NMI_Handler                              0x08000339   Thumb Code     2  startup_stm32f446xx.o(.text)
    HardFault_Handler                        0x0800033b   Thumb Code     2  startup_stm32f446xx.o(.text)
    MemManage_Handler                        0x0800033d   Thumb Code     2  startup_stm32f446xx.o(.text)
    BusFault_Handler                         0x0800033f   Thumb Code     2  startup_stm32f446xx.o(.text)
    UsageFault_Handler                       0x08000341   Thumb Code     2  startup_stm32f446xx.o(.text)
    SVC_Handler                              0x08000343   Thumb Code     2  startup_stm32f446xx.o(.text)
    DebugMon_Handler                         0x08000345   Thumb Code     2  startup_stm32f446xx.o(.text)
    PendSV_Handler                           0x08000347   Thumb Code     2  startup_stm32f446xx.o(.text)
    ADC_IRQHandler                           0x0800034b   Thumb Code     0  startup_stm32f446xx.o(.text)
    CAN1_RX0_IRQHandler                      0x0800034b   Thumb Code     0  startup_stm32f446xx.o(.text)
    CAN1_RX1_IRQHandler                      0x0800034b   Thumb Code     0  startup_stm32f446xx.o(.text)
    CAN1_SCE_IRQHandler                      0x0800034b   Thumb Code     0  startup_stm32f446xx.o(.text)
    CAN1_TX_IRQHandler                       0x0800034b   Thumb Code     0  startup_stm32f446xx.o(.text)
    CAN2_RX0_IRQHandler                      0x0800034b   Thumb Code     0  startup_stm32f446xx.o(.text)
    CAN2_RX1_IRQHandler                      0x0800034b   Thumb Code     0  startup_stm32f446xx.o(.text)
    CAN2_SCE_IRQHandler                      0x0800034b   Thumb Code     0  startup_stm32f446xx.o(.text)
    CAN2_TX_IRQHandler                       0x0800034b   Thumb Code     0  startup_stm32f446xx.o(.text)
    CEC_IRQHandler                           0x0800034b   Thumb Code     0  startup_stm32f446xx.o(.text)
    DCMI_IRQHandler                          0x0800034b   Thumb Code     0  startup_stm32f446xx.o(.text)
    DMA1_Stream0_IRQHandler                  0x0800034b   Thumb Code     0  startup_stm32f446xx.o(.text)
    DMA1_Stream1_IRQHandler                  0x0800034b   Thumb Code     0  startup_stm32f446xx.o(.text)
    DMA1_Stream2_IRQHandler                  0x0800034b   Thumb Code     0  startup_stm32f446xx.o(.text)
    DMA1_Stream3_IRQHandler                  0x0800034b   Thumb Code     0  startup_stm32f446xx.o(.text)
    DMA1_Stream4_IRQHandler                  0x0800034b   Thumb Code     0  startup_stm32f446xx.o(.text)
    DMA1_Stream5_IRQHandler                  0x0800034b   Thumb Code     0  startup_stm32f446xx.o(.text)
    DMA1_Stream6_IRQHandler                  0x0800034b   Thumb Code     0  startup_stm32f446xx.o(.text)
    DMA1_Stream7_IRQHandler                  0x0800034b   Thumb Code     0  startup_stm32f446xx.o(.text)
    DMA2_Stream0_IRQHandler                  0x0800034b   Thumb Code     0  startup_stm32f446xx.o(.text)
    DMA2_Stream1_IRQHandler                  0x0800034b   Thumb Code     0  startup_stm32f446xx.o(.text)
    DMA2_Stream2_IRQHandler                  0x0800034b   Thumb Code     0  startup_stm32f446xx.o(.text)
    DMA2_Stream3_IRQHandler                  0x0800034b   Thumb Code     0  startup_stm32f446xx.o(.text)
    DMA2_Stream4_IRQHandler                  0x0800034b   Thumb Code     0  startup_stm32f446xx.o(.text)
    DMA2_Stream5_IRQHandler                  0x0800034b   Thumb Code     0  startup_stm32f446xx.o(.text)
    DMA2_Stream6_IRQHandler                  0x0800034b   Thumb Code     0  startup_stm32f446xx.o(.text)
    DMA2_Stream7_IRQHandler                  0x0800034b   Thumb Code     0  startup_stm32f446xx.o(.text)
    EXTI0_IRQHandler                         0x0800034b   Thumb Code     0  startup_stm32f446xx.o(.text)
    EXTI15_10_IRQHandler                     0x0800034b   Thumb Code     0  startup_stm32f446xx.o(.text)
    EXTI1_IRQHandler                         0x0800034b   Thumb Code     0  startup_stm32f446xx.o(.text)
    EXTI2_IRQHandler                         0x0800034b   Thumb Code     0  startup_stm32f446xx.o(.text)
    EXTI3_IRQHandler                         0x0800034b   Thumb Code     0  startup_stm32f446xx.o(.text)
    EXTI4_IRQHandler                         0x0800034b   Thumb Code     0  startup_stm32f446xx.o(.text)
    EXTI9_5_IRQHandler                       0x0800034b   Thumb Code     0  startup_stm32f446xx.o(.text)
    FLASH_IRQHandler                         0x0800034b   Thumb Code     0  startup_stm32f446xx.o(.text)
    FMC_IRQHandler                           0x0800034b   Thumb Code     0  startup_stm32f446xx.o(.text)
    FMPI2C1_ER_IRQHandler                    0x0800034b   Thumb Code     0  startup_stm32f446xx.o(.text)
    FMPI2C1_EV_IRQHandler                    0x0800034b   Thumb Code     0  startup_stm32f446xx.o(.text)
    FPU_IRQHandler                           0x0800034b   Thumb Code     0  startup_stm32f446xx.o(.text)
    I2C1_ER_IRQHandler                       0x0800034b   Thumb Code     0  startup_stm32f446xx.o(.text)
    I2C1_EV_IRQHandler                       0x0800034b   Thumb Code     0  startup_stm32f446xx.o(.text)
    I2C2_ER_IRQHandler                       0x0800034b   Thumb Code     0  startup_stm32f446xx.o(.text)
    I2C2_EV_IRQHandler                       0x0800034b   Thumb Code     0  startup_stm32f446xx.o(.text)
    I2C3_ER_IRQHandler                       0x0800034b   Thumb Code     0  startup_stm32f446xx.o(.text)
    I2C3_EV_IRQHandler                       0x0800034b   Thumb Code     0  startup_stm32f446xx.o(.text)
    OTG_FS_IRQHandler                        0x0800034b   Thumb Code     0  startup_stm32f446xx.o(.text)
    OTG_FS_WKUP_IRQHandler                   0x0800034b   Thumb Code     0  startup_stm32f446xx.o(.text)
    OTG_HS_EP1_IN_IRQHandler                 0x0800034b   Thumb Code     0  startup_stm32f446xx.o(.text)
    OTG_HS_EP1_OUT_IRQHandler                0x0800034b   Thumb Code     0  startup_stm32f446xx.o(.text)
    OTG_HS_IRQHandler                        0x0800034b   Thumb Code     0  startup_stm32f446xx.o(.text)
    OTG_HS_WKUP_IRQHandler                   0x0800034b   Thumb Code     0  startup_stm32f446xx.o(.text)
    PVD_IRQHandler                           0x0800034b   Thumb Code     0  startup_stm32f446xx.o(.text)
    QUADSPI_IRQHandler                       0x0800034b   Thumb Code     0  startup_stm32f446xx.o(.text)
    RCC_IRQHandler                           0x0800034b   Thumb Code     0  startup_stm32f446xx.o(.text)
    RTC_Alarm_IRQHandler                     0x0800034b   Thumb Code     0  startup_stm32f446xx.o(.text)
    RTC_WKUP_IRQHandler                      0x0800034b   Thumb Code     0  startup_stm32f446xx.o(.text)
    SAI1_IRQHandler                          0x0800034b   Thumb Code     0  startup_stm32f446xx.o(.text)
    SAI2_IRQHandler                          0x0800034b   Thumb Code     0  startup_stm32f446xx.o(.text)
    SDIO_IRQHandler                          0x0800034b   Thumb Code     0  startup_stm32f446xx.o(.text)
    SPDIF_RX_IRQHandler                      0x0800034b   Thumb Code     0  startup_stm32f446xx.o(.text)
    SPI1_IRQHandler                          0x0800034b   Thumb Code     0  startup_stm32f446xx.o(.text)
    SPI2_IRQHandler                          0x0800034b   Thumb Code     0  startup_stm32f446xx.o(.text)
    SPI4_IRQHandler                          0x0800034b   Thumb Code     0  startup_stm32f446xx.o(.text)
    TAMP_STAMP_IRQHandler                    0x0800034b   Thumb Code     0  startup_stm32f446xx.o(.text)
    TIM1_BRK_TIM9_IRQHandler                 0x0800034b   Thumb Code     0  startup_stm32f446xx.o(.text)
    TIM1_CC_IRQHandler                       0x0800034b   Thumb Code     0  startup_stm32f446xx.o(.text)
    TIM1_TRG_COM_TIM11_IRQHandler            0x0800034b   Thumb Code     0  startup_stm32f446xx.o(.text)
    TIM1_UP_TIM10_IRQHandler                 0x0800034b   Thumb Code     0  startup_stm32f446xx.o(.text)
    TIM2_IRQHandler                          0x0800034b   Thumb Code     0  startup_stm32f446xx.o(.text)
    TIM3_IRQHandler                          0x0800034b   Thumb Code     0  startup_stm32f446xx.o(.text)
    TIM4_IRQHandler                          0x0800034b   Thumb Code     0  startup_stm32f446xx.o(.text)
    TIM5_IRQHandler                          0x0800034b   Thumb Code     0  startup_stm32f446xx.o(.text)
    TIM7_IRQHandler                          0x0800034b   Thumb Code     0  startup_stm32f446xx.o(.text)
    TIM8_BRK_TIM12_IRQHandler                0x0800034b   Thumb Code     0  startup_stm32f446xx.o(.text)
    TIM8_CC_IRQHandler                       0x0800034b   Thumb Code     0  startup_stm32f446xx.o(.text)
    TIM8_TRG_COM_TIM14_IRQHandler            0x0800034b   Thumb Code     0  startup_stm32f446xx.o(.text)
    TIM8_UP_TIM13_IRQHandler                 0x0800034b   Thumb Code     0  startup_stm32f446xx.o(.text)
    UART4_IRQHandler                         0x0800034b   Thumb Code     0  startup_stm32f446xx.o(.text)
    UART5_IRQHandler                         0x0800034b   Thumb Code     0  startup_stm32f446xx.o(.text)
    USART1_IRQHandler                        0x0800034b   Thumb Code     0  startup_stm32f446xx.o(.text)
    USART3_IRQHandler                        0x0800034b   Thumb Code     0  startup_stm32f446xx.o(.text)
    USART6_IRQHandler                        0x0800034b   Thumb Code     0  startup_stm32f446xx.o(.text)
    WWDG_IRQHandler                          0x0800034b   Thumb Code     0  startup_stm32f446xx.o(.text)
    __user_initial_stackheap                 0x0800034d   Thumb Code     0  startup_stm32f446xx.o(.text)
    sprintf                                  0x08000371   Thumb Code    38  sprintf.o(.text)
    strcpy                                   0x0800039d   Thumb Code    72  strcpy.o(.text)
    strlen                                   0x080003e5   Thumb Code    62  strlen.o(.text)
    strcat                                   0x08000423   Thumb Code    24  strcat.o(.text)
    strcmp                                   0x08000441   Thumb Code   124  strcmpv7em.o(.text)
    __use_two_region_memory                  0x080004bd   Thumb Code     2  heapauxi.o(.text)
    __rt_heap_escrow$2region                 0x080004bf   Thumb Code     2  heapauxi.o(.text)
    __rt_heap_expand$2region                 0x080004c1   Thumb Code     2  heapauxi.o(.text)
    _printf_pre_padding                      0x080004c3   Thumb Code    44  _printf_pad.o(.text)
    _printf_post_padding                     0x080004ef   Thumb Code    34  _printf_pad.o(.text)
    _printf_truncate_signed                  0x08000511   Thumb Code    18  _printf_truncate.o(.text)
    _printf_truncate_unsigned                0x08000523   Thumb Code    18  _printf_truncate.o(.text)
    _printf_str                              0x08000535   Thumb Code    82  _printf_str.o(.text)
    _printf_int_dec                          0x08000589   Thumb Code   104  _printf_dec.o(.text)
    _printf_charcount                        0x08000601   Thumb Code    40  _printf_charcount.o(.text)
    _printf_char_common                      0x08000633   Thumb Code    32  _printf_char_common.o(.text)
    _sputc                                   0x08000659   Thumb Code    10  _sputc.o(.text)
    _printf_wctomb                           0x08000665   Thumb Code   182  _printf_wctomb.o(.text)
    _printf_longlong_dec                     0x08000721   Thumb Code   108  _printf_longlong_dec.o(.text)
    _printf_longlong_oct                     0x0800079d   Thumb Code    68  _printf_oct_int_ll.o(.text)
    _printf_int_oct                          0x080007e1   Thumb Code    24  _printf_oct_int_ll.o(.text)
    _printf_ll_oct                           0x080007f9   Thumb Code    12  _printf_oct_int_ll.o(.text)
    _printf_longlong_hex                     0x0800080d   Thumb Code    86  _printf_hex_int_ll_ptr.o(.text)
    _printf_int_hex                          0x08000863   Thumb Code    28  _printf_hex_int_ll_ptr.o(.text)
    _printf_ll_hex                           0x0800087f   Thumb Code    12  _printf_hex_int_ll_ptr.o(.text)
    _printf_hex_ptr                          0x0800088b   Thumb Code    18  _printf_hex_int_ll_ptr.o(.text)
    __printf                                 0x080008a1   Thumb Code   388  __printf_flags_ss_wp.o(.text)
    _ll_udiv10                               0x08000a29   Thumb Code   138  lludiv10.o(.text)
    _printf_int_common                       0x08000ab3   Thumb Code   178  _printf_intcommon.o(.text)
    _printf_fp_dec_real                      0x08000d15   Thumb Code   620  _printf_fp_dec.o(.text)
    _printf_fp_hex_real                      0x08000f81   Thumb Code   756  _printf_fp_hex.o(.text)
    _printf_cs_common                        0x0800127d   Thumb Code    20  _printf_char.o(.text)
    _printf_char                             0x08001291   Thumb Code    16  _printf_char.o(.text)
    _printf_string                           0x080012a1   Thumb Code     8  _printf_char.o(.text)
    _printf_lcs_common                       0x080012a9   Thumb Code    20  _printf_wchar.o(.text)
    _printf_wchar                            0x080012bd   Thumb Code    16  _printf_wchar.o(.text)
    _printf_wstring                          0x080012cd   Thumb Code     8  _printf_wchar.o(.text)
    _c16rtomb                                0x080012d5   Thumb Code    72  _c16rtomb.o(.text)
    _wcrtomb                                 0x080012d5   Thumb Code     0  _c16rtomb.o(.text)
    __user_setup_stackheap                   0x0800131d   Thumb Code    74  sys_stackheap_outer.o(.text)
    __rt_ctype_table                         0x08001369   Thumb Code    16  rt_ctype_table.o(.text)
    __rt_locale                              0x08001379   Thumb Code     8  rt_locale_intlibspace.o(.text)
    _printf_fp_infnan                        0x08001381   Thumb Code   112  _printf_fp_infnan.o(.text)
    _btod_etento                             0x08001401   Thumb Code   224  bigflt0.o(.text)
    exit                                     0x080014e5   Thumb Code    18  exit.o(.text)
    __user_libspace                          0x080014f9   Thumb Code     8  libspace.o(.text)
    __user_perproc_libspace                  0x080014f9   Thumb Code     0  libspace.o(.text)
    __user_perthread_libspace                0x080014f9   Thumb Code     0  libspace.o(.text)
    __I$use$semihosting                      0x08001501   Thumb Code     0  use_no_semi.o(.text)
    __use_no_semihosting_swi                 0x08001501   Thumb Code     2  use_no_semi.o(.text)
    __semihosting_library_function           0x08001503   Thumb Code     0  indicate_semi.o(.text)
    _sys_exit                                0x08001505   Thumb Code     8  sys_exit.o(.text)
    CS_Disable                               0x08001511   Thumb Code    16  spi.o(.text.CS_Disable)
    CS_Enable                                0x08001521   Thumb Code    16  spi.o(.text.CS_Enable)
    SPI2_Config                              0x08001531   Thumb Code   102  spi.o(.text.SPI2_Config)
    SPI2_Enable                              0x08001599   Thumb Code    18  spi.o(.text.SPI2_Enable)
    SPI2_Transmit                            0x080015ad   Thumb Code   144  spi.o(.text.SPI2_Transmit)
    SPI3_IRQHandler                          0x0800163d   Thumb Code    56  interrupthandler.o(.text.SPI3_IRQHandler)
    SysTick_Handler                          0x080016c9   Thumb Code    16  sys_init.o(.text.SysTick_Handler)
    SystemInit                               0x080016d9   Thumb Code    18  system_stm32f4xx.o(.text.SystemInit)
    TIM6_Config                              0x080016ed   Thumb Code    86  timer.o(.text.TIM6_Config)
    TIM6_DAC_IRQHandler                      0x08001745   Thumb Code   648  timer.o(.text.TIM6_DAC_IRQHandler)
    UART2_Config                             0x080019cd   Thumb Code   178  usart.o(.text.UART2_Config)
    UART_SendChar                            0x08001a81   Thumb Code    36  usart.o(.text.UART_SendChar)
    UART_SendString                          0x08001aa5   Thumb Code    40  usart.o(.text.UART_SendString)
    USART2_IRQHandler                        0x08001acd   Thumb Code   268  interrupthandler.o(.text.USART2_IRQHandler)
    control_to_light                         0x08001c7d   Thumb Code    30  code.o(.text.control_to_light)
    gpio_usart_init                          0x08001c9d   Thumb Code   298  gpio.o(.text.gpio_usart_init)
    initClock                                0x08001dc9   Thumb Code   214  clock.o(.text.initClock)
    main                                     0x08001ea1   Thumb Code   146  code.o(.text.main)
    ms_delay                                 0x08001f35   Thumb Code    48  sys_init.o(.text.ms_delay)
    sysInit                                  0x08001f65   Thumb Code    16  sys_init.o(.text.sysInit)
    write                                    0x08001f75   Thumb Code    80  code.o(.text.write)
    _btod_d2e                                0x08001fc5   Thumb Code    62  btod.o(CL$$btod_d2e)
    _d2e_denorm_low                          0x08002003   Thumb Code    70  btod.o(CL$$btod_d2e_denorm_low)
    _d2e_norm_op1                            0x08002049   Thumb Code    96  btod.o(CL$$btod_d2e_norm_op1)
    __btod_div_common                        0x080020a9   Thumb Code   696  btod.o(CL$$btod_div_common)
    _e2e                                     0x080023e1   Thumb Code   220  btod.o(CL$$btod_e2e)
    _btod_ediv                               0x080024bd   Thumb Code    42  btod.o(CL$$btod_ediv)
    _btod_emul                               0x080024e7   Thumb Code    42  btod.o(CL$$btod_emul)
    __btod_mult_common                       0x08002511   Thumb Code   580  btod.o(CL$$btod_mult_common)
    __ARM_fpclassify                         0x08002755   Thumb Code    48  fpclassify.o(i.__ARM_fpclassify)
    _is_digit                                0x08002785   Thumb Code    14  __printf_wp.o(i._is_digit)
    _get_lc_numeric                          0x08002795   Thumb Code    44  lc_numeric_c.o(locale$$code)
    _get_lc_ctype                            0x080027c1   Thumb Code    44  lc_ctype_c.o(locale$$code)
    _fp_init                                 0x080027ed   Thumb Code    26  fpinit.o(x$fpl$fpinit)
    __fplib_config_fpu_vfp                   0x08002805   Thumb Code     0  fpinit.o(x$fpl$fpinit)
    __fplib_config_pureend_doubles           0x08002805   Thumb Code     0  fpinit.o(x$fpl$fpinit)
    _printf_fp_dec                           0x08002807   Thumb Code     4  printf1.o(x$fpl$printf1)
    _printf_fp_hex                           0x0800280b   Thumb Code     4  printf2.o(x$fpl$printf2)
    __I$use$fp                               0x0800280e   Number         0  usenofp.o(x$fpl$usenofp)
    Region$$Table$$Base                      0x08002938   Number         0  anon$$obj.o(Region$$Table)
    Region$$Table$$Limit                     0x08002958   Number         0  anon$$obj.o(Region$$Table)
    __ctype                                  0x08002981   Data           0  lc_ctype_c.o(locale$$data)
    t1                                       0x20000000   Data         800  timer.o(.data.t1)
    t2a                                      0x20000320   Data         800  timer.o(.data.t2a)
    t2b                                      0x20000640   Data         800  timer.o(.data.t2b)
    __libspace_start                         0x20000960   Data          96  libspace.o(.bss)
    __temporary_stack_top$libspace           0x200009c0   Data           0  libspace.o(.bss)
    con_buffer_in                            0x200009c0   Data         500  code.o(.bss.con_buffer_in)
    con_buffer_outp                          0x20000bb4   Data         500  code.o(.bss.con_buffer_outp)
    con_flag                                 0x20000da8   Data           4  code.o(.bss.con_flag)
    con_in                                   0x20000dac   Data           4  code.o(.bss.con_in)
    con_out                                  0x20000db0   Data           4  code.o(.bss.con_out)
    counter                                  0x20000db4   Data           4  timer.o(.bss.counter)
    final_output                             0x20000db8   Data         500  code.o(.bss.final_output)
    traffic1                                 0x20000fb0   Data         200  code.o(.bss.traffic1)
    traffic2                                 0x20001078   Data         200  code.o(.bss.traffic2)
    traffic3                                 0x20001140   Data         200  code.o(.bss.traffic3)
    traffic_monitor                          0x20001208   Data           4  code.o(.bss.traffic_monitor)



==============================================================================

Memory Map of the image

  Image Entry point : 0x08000331

  Load Region LR_1 (Base: 0x08000000, Size: 0x000033e4, Max: 0xffffffff, ABSOLUTE, COMPRESSED[0x00002b10])

    Execution Region ER_RO (Exec base: 0x08000000, Load base: 0x08000000, Size: 0x00002a84, Max: 0xffffffff, ABSOLUTE)

    Exec Addr    Load Addr    Size         Type   Attr      Idx    E Section Name        Object

    0x08000000   0x08000000   0x000001c4   Data   RO          193    RESET               startup_stm32f446xx.o
    0x080001c4   0x080001c4   0x00000008   Code   RO          235  * !!!main             c_w.l(__main.o)
    0x080001cc   0x080001cc   0x00000034   Code   RO          702    !!!scatter          c_w.l(__scatter.o)
    0x08000200   0x08000200   0x0000003a   Code   RO          700    !!dczerorl          c_w.l(__dczerorl.o)
    0x0800023a   0x0800023a   0x00000002   PAD
    0x0800023c   0x0800023c   0x0000001c   Code   RO          704    !!handler_zi        c_w.l(__scatter_zi.o)
    0x08000258   0x08000258   0x00000000   Code   RO          319    .ARM.Collect$$_printf_percent$$00000000  c_w.l(_printf_percent.o)
    0x08000258   0x08000258   0x00000006   Code   RO          308    .ARM.Collect$$_printf_percent$$00000001  c_w.l(_printf_n.o)
    0x0800025e   0x0800025e   0x00000006   Code   RO          310    .ARM.Collect$$_printf_percent$$00000002  c_w.l(_printf_p.o)
    0x08000264   0x08000264   0x00000006   Code   RO          315    .ARM.Collect$$_printf_percent$$00000003  c_w.l(_printf_f.o)
    0x0800026a   0x0800026a   0x00000006   Code   RO          316    .ARM.Collect$$_printf_percent$$00000004  c_w.l(_printf_e.o)
    0x08000270   0x08000270   0x00000006   Code   RO          317    .ARM.Collect$$_printf_percent$$00000005  c_w.l(_printf_g.o)
    0x08000276   0x08000276   0x00000006   Code   RO          318    .ARM.Collect$$_printf_percent$$00000006  c_w.l(_printf_a.o)
    0x0800027c   0x0800027c   0x0000000a   Code   RO          323    .ARM.Collect$$_printf_percent$$00000007  c_w.l(_printf_ll.o)
    0x08000286   0x08000286   0x00000006   Code   RO          312    .ARM.Collect$$_printf_percent$$00000008  c_w.l(_printf_i.o)
    0x0800028c   0x0800028c   0x00000006   Code   RO          313    .ARM.Collect$$_printf_percent$$00000009  c_w.l(_printf_d.o)
    0x08000292   0x08000292   0x00000006   Code   RO          314    .ARM.Collect$$_printf_percent$$0000000A  c_w.l(_printf_u.o)
    0x08000298   0x08000298   0x00000006   Code   RO          311    .ARM.Collect$$_printf_percent$$0000000B  c_w.l(_printf_o.o)
    0x0800029e   0x0800029e   0x00000006   Code   RO          309    .ARM.Collect$$_printf_percent$$0000000C  c_w.l(_printf_x.o)
    0x080002a4   0x080002a4   0x00000006   Code   RO          320    .ARM.Collect$$_printf_percent$$0000000D  c_w.l(_printf_lli.o)
    0x080002aa   0x080002aa   0x00000006   Code   RO          321    .ARM.Collect$$_printf_percent$$0000000E  c_w.l(_printf_lld.o)
    0x080002b0   0x080002b0   0x00000006   Code   RO          322    .ARM.Collect$$_printf_percent$$0000000F  c_w.l(_printf_llu.o)
    0x080002b6   0x080002b6   0x00000006   Code   RO          327    .ARM.Collect$$_printf_percent$$00000010  c_w.l(_printf_llo.o)
    0x080002bc   0x080002bc   0x00000006   Code   RO          328    .ARM.Collect$$_printf_percent$$00000011  c_w.l(_printf_llx.o)
    0x080002c2   0x080002c2   0x0000000a   Code   RO          324    .ARM.Collect$$_printf_percent$$00000012  c_w.l(_printf_l.o)
    0x080002cc   0x080002cc   0x00000006   Code   RO          306    .ARM.Collect$$_printf_percent$$00000013  c_w.l(_printf_c.o)
    0x080002d2   0x080002d2   0x00000006   Code   RO          307    .ARM.Collect$$_printf_percent$$00000014  c_w.l(_printf_s.o)
    0x080002d8   0x080002d8   0x00000006   Code   RO          325    .ARM.Collect$$_printf_percent$$00000015  c_w.l(_printf_lc.o)
    0x080002de   0x080002de   0x00000006   Code   RO          326    .ARM.Collect$$_printf_percent$$00000016  c_w.l(_printf_ls.o)
    0x080002e4   0x080002e4   0x00000004   Code   RO          436    .ARM.Collect$$_printf_percent$$00000017  c_w.l(_printf_percent_end.o)
    0x080002e8   0x080002e8   0x00000002   Code   RO          517    .ARM.Collect$$libinit$$00000000  c_w.l(libinit.o)
    0x080002ea   0x080002ea   0x00000004   Code   RO          345    .ARM.Collect$$libinit$$00000001  c_w.l(libinit2.o)
    0x080002ee   0x080002ee   0x00000000   Code   RO          348    .ARM.Collect$$libinit$$00000004  c_w.l(libinit2.o)
    0x080002ee   0x080002ee   0x00000000   Code   RO          350    .ARM.Collect$$libinit$$00000006  c_w.l(libinit2.o)
    0x080002ee   0x080002ee   0x00000000   Code   RO          353    .ARM.Collect$$libinit$$0000000C  c_w.l(libinit2.o)
    0x080002ee   0x080002ee   0x00000000   Code   RO          355    .ARM.Collect$$libinit$$0000000E  c_w.l(libinit2.o)
    0x080002ee   0x080002ee   0x00000000   Code   RO          357    .ARM.Collect$$libinit$$00000010  c_w.l(libinit2.o)
    0x080002ee   0x080002ee   0x00000006   Code   RO          358    .ARM.Collect$$libinit$$00000011  c_w.l(libinit2.o)
    0x080002f4   0x080002f4   0x00000000   Code   RO          360    .ARM.Collect$$libinit$$00000013  c_w.l(libinit2.o)
    0x080002f4   0x080002f4   0x0000000c   Code   RO          361    .ARM.Collect$$libinit$$00000014  c_w.l(libinit2.o)
    0x08000300   0x08000300   0x00000000   Code   RO          362    .ARM.Collect$$libinit$$00000015  c_w.l(libinit2.o)
    0x08000300   0x08000300   0x00000000   Code   RO          364    .ARM.Collect$$libinit$$00000017  c_w.l(libinit2.o)
    0x08000300   0x08000300   0x0000000a   Code   RO          365    .ARM.Collect$$libinit$$00000018  c_w.l(libinit2.o)
    0x0800030a   0x0800030a   0x00000000   Code   RO          366    .ARM.Collect$$libinit$$00000019  c_w.l(libinit2.o)
    0x0800030a   0x0800030a   0x00000000   Code   RO          368    .ARM.Collect$$libinit$$0000001B  c_w.l(libinit2.o)
    0x0800030a   0x0800030a   0x00000000   Code   RO          370    .ARM.Collect$$libinit$$0000001D  c_w.l(libinit2.o)
    0x0800030a   0x0800030a   0x00000000   Code   RO          372    .ARM.Collect$$libinit$$0000001F  c_w.l(libinit2.o)
    0x0800030a   0x0800030a   0x00000000   Code   RO          374    .ARM.Collect$$libinit$$00000021  c_w.l(libinit2.o)
    0x0800030a   0x0800030a   0x00000000   Code   RO          376    .ARM.Collect$$libinit$$00000023  c_w.l(libinit2.o)
    0x0800030a   0x0800030a   0x00000000   Code   RO          378    .ARM.Collect$$libinit$$00000025  c_w.l(libinit2.o)
    0x0800030a   0x0800030a   0x00000000   Code   RO          380    .ARM.Collect$$libinit$$00000027  c_w.l(libinit2.o)
    0x0800030a   0x0800030a   0x00000000   Code   RO          384    .ARM.Collect$$libinit$$0000002E  c_w.l(libinit2.o)
    0x0800030a   0x0800030a   0x00000000   Code   RO          386    .ARM.Collect$$libinit$$00000030  c_w.l(libinit2.o)
    0x0800030a   0x0800030a   0x00000000   Code   RO          388    .ARM.Collect$$libinit$$00000032  c_w.l(libinit2.o)
    0x0800030a   0x0800030a   0x00000000   Code   RO          390    .ARM.Collect$$libinit$$00000034  c_w.l(libinit2.o)
    0x0800030a   0x0800030a   0x00000002   Code   RO          391    .ARM.Collect$$libinit$$00000035  c_w.l(libinit2.o)
    0x0800030c   0x0800030c   0x00000002   Code   RO          625    .ARM.Collect$$libshutdown$$00000000  c_w.l(libshutdown.o)
    0x0800030e   0x0800030e   0x00000000   Code   RO          651    .ARM.Collect$$libshutdown$$00000002  c_w.l(libshutdown2.o)
    0x0800030e   0x0800030e   0x00000000   Code   RO          653    .ARM.Collect$$libshutdown$$00000004  c_w.l(libshutdown2.o)
    0x0800030e   0x0800030e   0x00000000   Code   RO          656    .ARM.Collect$$libshutdown$$00000007  c_w.l(libshutdown2.o)
    0x0800030e   0x0800030e   0x00000000   Code   RO          659    .ARM.Collect$$libshutdown$$0000000A  c_w.l(libshutdown2.o)
    0x0800030e   0x0800030e   0x00000000   Code   RO          661    .ARM.Collect$$libshutdown$$0000000C  c_w.l(libshutdown2.o)
    0x0800030e   0x0800030e   0x00000000   Code   RO          664    .ARM.Collect$$libshutdown$$0000000F  c_w.l(libshutdown2.o)
    0x0800030e   0x0800030e   0x00000002   Code   RO          665    .ARM.Collect$$libshutdown$$00000010  c_w.l(libshutdown2.o)
    0x08000310   0x08000310   0x00000000   Code   RO          237    .ARM.Collect$$rtentry$$00000000  c_w.l(__rtentry.o)
    0x08000310   0x08000310   0x00000000   Code   RO          403    .ARM.Collect$$rtentry$$00000002  c_w.l(__rtentry2.o)
    0x08000310   0x08000310   0x00000006   Code   RO          415    .ARM.Collect$$rtentry$$00000004  c_w.l(__rtentry4.o)
    0x08000316   0x08000316   0x00000000   Code   RO          405    .ARM.Collect$$rtentry$$00000009  c_w.l(__rtentry2.o)
    0x08000316   0x08000316   0x00000004   Code   RO          406    .ARM.Collect$$rtentry$$0000000A  c_w.l(__rtentry2.o)
    0x0800031a   0x0800031a   0x00000000   Code   RO          408    .ARM.Collect$$rtentry$$0000000C  c_w.l(__rtentry2.o)
    0x0800031a   0x0800031a   0x00000008   Code   RO          409    .ARM.Collect$$rtentry$$0000000D  c_w.l(__rtentry2.o)
    0x08000322   0x08000322   0x00000002   Code   RO          548    .ARM.Collect$$rtexit$$00000000  c_w.l(rtexit.o)
    0x08000324   0x08000324   0x00000000   Code   RO          583    .ARM.Collect$$rtexit$$00000002  c_w.l(rtexit2.o)
    0x08000324   0x08000324   0x00000004   Code   RO          584    .ARM.Collect$$rtexit$$00000003  c_w.l(rtexit2.o)
    0x08000328   0x08000328   0x00000006   Code   RO          585    .ARM.Collect$$rtexit$$00000004  c_w.l(rtexit2.o)
    0x0800032e   0x0800032e   0x00000002   PAD
    0x08000330   0x08000330   0x00000040   Code   RO          194  * .text               startup_stm32f446xx.o
    0x08000370   0x08000370   0x0000002c   Code   RO          216    .text               c_w.l(sprintf.o)
    0x0800039c   0x0800039c   0x00000048   Code   RO          225    .text               c_w.l(strcpy.o)
    0x080003e4   0x080003e4   0x0000003e   Code   RO          227    .text               c_w.l(strlen.o)
    0x08000422   0x08000422   0x00000018   Code   RO          229    .text               c_w.l(strcat.o)
    0x0800043a   0x0800043a   0x00000006   PAD
    0x08000440   0x08000440   0x0000007c   Code   RO          231    .text               c_w.l(strcmpv7em.o)
    0x080004bc   0x080004bc   0x00000006   Code   RO          233    .text               c_w.l(heapauxi.o)
    0x080004c2   0x080004c2   0x0000004e   Code   RO          240    .text               c_w.l(_printf_pad.o)
    0x08000510   0x08000510   0x00000024   Code   RO          242    .text               c_w.l(_printf_truncate.o)
    0x08000534   0x08000534   0x00000052   Code   RO          244    .text               c_w.l(_printf_str.o)
    0x08000586   0x08000586   0x00000002   PAD
    0x08000588   0x08000588   0x00000078   Code   RO          246    .text               c_w.l(_printf_dec.o)
    0x08000600   0x08000600   0x00000028   Code   RO          248    .text               c_w.l(_printf_charcount.o)
    0x08000628   0x08000628   0x00000030   Code   RO          250    .text               c_w.l(_printf_char_common.o)
    0x08000658   0x08000658   0x0000000a   Code   RO          252    .text               c_w.l(_sputc.o)
    0x08000662   0x08000662   0x00000002   PAD
    0x08000664   0x08000664   0x000000bc   Code   RO          254    .text               c_w.l(_printf_wctomb.o)
    0x08000720   0x08000720   0x0000007c   Code   RO          257    .text               c_w.l(_printf_longlong_dec.o)
    0x0800079c   0x0800079c   0x00000070   Code   RO          263    .text               c_w.l(_printf_oct_int_ll.o)
    0x0800080c   0x0800080c   0x00000094   Code   RO          283    .text               c_w.l(_printf_hex_int_ll_ptr.o)
    0x080008a0   0x080008a0   0x00000188   Code   RO          303    .text               c_w.l(__printf_flags_ss_wp.o)
    0x08000a28   0x08000a28   0x0000008a   Code   RO          417    .text               c_w.l(lludiv10.o)
    0x08000ab2   0x08000ab2   0x000000b2   Code   RO          421    .text               c_w.l(_printf_intcommon.o)
    0x08000b64   0x08000b64   0x0000041c   Code   RO          423    .text               c_w.l(_printf_fp_dec.o)
    0x08000f80   0x08000f80   0x000002fc   Code   RO          427    .text               c_w.l(_printf_fp_hex.o)
    0x0800127c   0x0800127c   0x0000002c   Code   RO          432    .text               c_w.l(_printf_char.o)
    0x080012a8   0x080012a8   0x0000002c   Code   RO          434    .text               c_w.l(_printf_wchar.o)
    0x080012d4   0x080012d4   0x00000048   Code   RO          449    .text               c_w.l(_c16rtomb.o)
    0x0800131c   0x0800131c   0x0000004a   Code   RO          455    .text               c_w.l(sys_stackheap_outer.o)
    0x08001366   0x08001366   0x00000002   PAD
    0x08001368   0x08001368   0x00000010   Code   RO          457    .text               c_w.l(rt_ctype_table.o)
    0x08001378   0x08001378   0x00000008   Code   RO          462    .text               c_w.l(rt_locale_intlibspace.o)
    0x08001380   0x08001380   0x00000080   Code   RO          471    .text               c_w.l(_printf_fp_infnan.o)
    0x08001400   0x08001400   0x000000e4   Code   RO          473    .text               c_w.l(bigflt0.o)
    0x080014e4   0x080014e4   0x00000012   Code   RO          506    .text               c_w.l(exit.o)
    0x080014f6   0x080014f6   0x00000002   PAD
    0x080014f8   0x080014f8   0x00000008   Code   RO          545    .text               c_w.l(libspace.o)
    0x08001500   0x08001500   0x00000002   Code   RO          579    .text               c_w.l(use_no_semi.o)
    0x08001502   0x08001502   0x00000000   Code   RO          581    .text               c_w.l(indicate_semi.o)
    0x08001502   0x08001502   0x00000002   PAD
    0x08001504   0x08001504   0x0000000c   Code   RO          615    .text               c_w.l(sys_exit.o)
    0x08001510   0x08001510   0x00000010   Code   RO          169    .text.CS_Disable    spi.o
    0x08001520   0x08001520   0x00000010   Code   RO          167    .text.CS_Enable     spi.o
    0x08001530   0x08001530   0x00000066   Code   RO          157    .text.SPI2_Config   spi.o
    0x08001596   0x08001596   0x00000002   PAD
    0x08001598   0x08001598   0x00000012   Code   RO          163    .text.SPI2_Enable   spi.o
    0x080015aa   0x080015aa   0x00000002   PAD
    0x080015ac   0x080015ac   0x00000090   Code   RO          159    .text.SPI2_Transmit  spi.o
    0x0800163c   0x0800163c   0x00000038   Code   RO           99    .text.SPI3_IRQHandler  interrupthandler.o
    0x08001674   0x08001674   0x00000052   Code   RO           81    .text.SysTick_Config  sys_init.o
    0x080016c6   0x080016c6   0x00000002   PAD
    0x080016c8   0x080016c8   0x00000010   Code   RO           77    .text.SysTick_Handler  sys_init.o
    0x080016d8   0x080016d8   0x00000012   Code   RO          201    .text.SystemInit    system_stm32f4xx.o
    0x080016ea   0x080016ea   0x00000002   PAD
    0x080016ec   0x080016ec   0x00000056   Code   RO          141    .text.TIM6_Config   timer.o
    0x08001742   0x08001742   0x00000002   PAD
    0x08001744   0x08001744   0x00000288   Code   RO          139    .text.TIM6_DAC_IRQHandler  timer.o
    0x080019cc   0x080019cc   0x000000b2   Code   RO          124    .text.UART2_Config  usart.o
    0x08001a7e   0x08001a7e   0x00000002   PAD
    0x08001a80   0x08001a80   0x00000024   Code   RO          110    .text.UART_SendChar  usart.o
    0x08001aa4   0x08001aa4   0x00000028   Code   RO          118    .text.UART_SendString  usart.o
    0x08001acc   0x08001acc   0x0000010c   Code   RO           97    .text.USART2_IRQHandler  interrupthandler.o
    0x08001bd8   0x08001bd8   0x00000030   Code   RO          126    .text.__NVIC_EnableIRQ  usart.o
    0x08001c08   0x08001c08   0x00000030   Code   RO          143    .text.__NVIC_EnableIRQ  timer.o
    0x08001c38   0x08001c38   0x00000042   Code   RO           87    .text.__NVIC_SetPriority  sys_init.o
    0x08001c7a   0x08001c7a   0x00000002   PAD
    0x08001c7c   0x08001c7c   0x0000001e   Code   RO           16    .text.control_to_light  code.o
    0x08001c9a   0x08001c9a   0x00000002   PAD
    0x08001c9c   0x08001c9c   0x0000012a   Code   RO           69    .text.gpio_usart_init  gpio.o
    0x08001dc6   0x08001dc6   0x00000002   PAD
    0x08001dc8   0x08001dc8   0x000000d6   Code   RO           61    .text.initClock     clock.o
    0x08001e9e   0x08001e9e   0x00000002   PAD
    0x08001ea0   0x08001ea0   0x00000092   Code   RO           18    .text.main          code.o
    0x08001f32   0x08001f32   0x00000002   PAD
    0x08001f34   0x08001f34   0x00000030   Code   RO           85    .text.ms_delay      sys_init.o
    0x08001f64   0x08001f64   0x00000010   Code   RO           79    .text.sysInit       sys_init.o
    0x08001f74   0x08001f74   0x00000050   Code   RO           14    .text.write         code.o
    0x08001fc4   0x08001fc4   0x0000003e   Code   RO          476    CL$$btod_d2e        c_w.l(btod.o)
    0x08002002   0x08002002   0x00000046   Code   RO          478    CL$$btod_d2e_denorm_low  c_w.l(btod.o)
    0x08002048   0x08002048   0x00000060   Code   RO          477    CL$$btod_d2e_norm_op1  c_w.l(btod.o)
    0x080020a8   0x080020a8   0x00000338   Code   RO          486    CL$$btod_div_common  c_w.l(btod.o)
    0x080023e0   0x080023e0   0x000000dc   Code   RO          483    CL$$btod_e2e        c_w.l(btod.o)
    0x080024bc   0x080024bc   0x0000002a   Code   RO          480    CL$$btod_ediv       c_w.l(btod.o)
    0x080024e6   0x080024e6   0x0000002a   Code   RO          479    CL$$btod_emul       c_w.l(btod.o)
    0x08002510   0x08002510   0x00000244   Code   RO          485    CL$$btod_mult_common  c_w.l(btod.o)
    0x08002754   0x08002754   0x00000030   Code   RO          531    i.__ARM_fpclassify  m_wm.l(fpclassify.o)
    0x08002784   0x08002784   0x0000000e   Code   RO          296    i._is_digit         c_w.l(__printf_wp.o)
    0x08002792   0x08002792   0x00000002   PAD
    0x08002794   0x08002794   0x0000002c   Code   RO          504    locale$$code        c_w.l(lc_numeric_c.o)
    0x080027c0   0x080027c0   0x0000002c   Code   RO          561    locale$$code        c_w.l(lc_ctype_c.o)
    0x080027ec   0x080027ec   0x0000001a   Code   RO          453    x$fpl$fpinit        fz_wm.l(fpinit.o)
    0x08002806   0x08002806   0x00000004   Code   RO          392    x$fpl$printf1       fz_wm.l(printf1.o)
    0x0800280a   0x0800280a   0x00000004   Code   RO          394    x$fpl$printf2       fz_wm.l(printf2.o)
    0x0800280e   0x0800280e   0x00000000   Code   RO          530    x$fpl$usenofp       fz_wm.l(usenofp.o)
    0x0800280e   0x0800280e   0x00000002   PAD
    0x08002810   0x08002810   0x00000008   Data   RO          255    .constdata          c_w.l(_printf_wctomb.o)
    0x08002818   0x08002818   0x00000028   Data   RO          284    .constdata          c_w.l(_printf_hex_int_ll_ptr.o)
    0x08002840   0x08002840   0x00000011   Data   RO          304    .constdata          c_w.l(__printf_flags_ss_wp.o)
    0x08002851   0x08002851   0x00000026   Data   RO          428    .constdata          c_w.l(_printf_fp_hex.o)
    0x08002877   0x08002877   0x00000001   PAD
    0x08002878   0x08002878   0x00000094   Data   RO          474    .constdata          c_w.l(bigflt0.o)
    0x0800290c   0x0800290c   0x00000029   Data   RO          149    .rodata.str1.1      timer.o
    0x08002935   0x08002935   0x00000003   PAD
    0x08002938   0x08002938   0x00000020   Data   RO          699    Region$$Table       anon$$obj.o
    0x08002958   0x08002958   0x0000001c   Data   RO          503    locale$$data        c_w.l(lc_numeric_c.o)
    0x08002974   0x08002974   0x00000110   Data   RO          560    locale$$data        c_w.l(lc_ctype_c.o)


    Execution Region ER_RW (Exec base: 0x20000000, Load base: 0x08002a84, Size: 0x00000960, Max: 0xffffffff, ABSOLUTE, COMPRESSED[0x0000008c])

    Exec Addr    Load Addr    Size         Type   Attr      Idx    E Section Name        Object

    0x20000000   COMPRESSED   0x00000320   Data   RW          146    .data.t1            timer.o
    0x20000320   COMPRESSED   0x00000320   Data   RW          147    .data.t2a           timer.o
    0x20000640   COMPRESSED   0x00000320   Data   RW          148    .data.t2b           timer.o


    Execution Region ER_ZI (Exec base: 0x20000960, Load base: 0x08002b10, Size: 0x00000eb0, Max: 0xffffffff, ABSOLUTE)

    Exec Addr    Load Addr    Size         Type   Attr      Idx    E Section Name        Object

    0x20000960        -       0x00000060   Zero   RW          546    .bss                c_w.l(libspace.o)
    0x200009c0        -       0x000001f4   Zero   RW           38    .bss.con_buffer_in  code.o
    0x20000bb4        -       0x000001f4   Zero   RW           42    .bss.con_buffer_outp  code.o
    0x20000da8        -       0x00000004   Zero   RW           40    .bss.con_flag       code.o
    0x20000dac        -       0x00000004   Zero   RW           39    .bss.con_in         code.o
    0x20000db0        -       0x00000004   Zero   RW           45    .bss.con_out        code.o
    0x20000db4        -       0x00000004   Zero   RW          145    .bss.counter        timer.o
    0x20000db8        -       0x000001f4   Zero   RW           48    .bss.final_output   code.o
    0x20000fac        -       0x00000004   Zero   RW           89    .bss.msTicks        sys_init.o
    0x20000fb0        -       0x000000c8   Zero   RW           33    .bss.traffic1       code.o
    0x20001078        -       0x000000c8   Zero   RW           34    .bss.traffic2       code.o
    0x20001140        -       0x000000c8   Zero   RW           35    .bss.traffic3       code.o
    0x20001208        -       0x00000004   Zero   RW           25    .bss.traffic_monitor  code.o
    0x2000120c   0x08002b10   0x00000004   PAD
    0x20001210        -       0x00000200   Zero   RW          192    HEAP                startup_stm32f446xx.o
    0x20001410        -       0x00000400   Zero   RW          191    STACK               startup_stm32f446xx.o


==============================================================================

Image component sizes


      Code (inc. data)   RO Data    RW Data    ZI Data      Debug   Object Name

       214          0          0          0          0       1768   clock.o
       256          0          0          0       2116       3578   code.o
       298          0          0          0          0       1712   gpio.o
       324          0          0          0          0       1413   interrupthandler.o
       296          0          0          0          0       6133   spi.o
        64         26        452          0       1536        876   startup_stm32f446xx.o
       228          0          0          0          4       4651   sys_init.o
        18          0          0          0          0       2731   system_stm32f4xx.o
       782          0         41       2400          4       5669   timer.o
       302          0          0          0          0       6493   usart.o

    ----------------------------------------------------------------------
      2804         26        528       2400       3664      35024   Object Totals
         0          0         32          0          0          0   (incl. Generated)
        22          0          3          0          4          0   (incl. Padding)

    ----------------------------------------------------------------------

      Code (inc. data)   RO Data    RW Data    ZI Data      Debug   Library Member Name

        58          0          0          0          0          0   __dczerorl.o
         8          0          0          0          0         68   __main.o
       392          4         17          0          0         92   __printf_flags_ss_wp.o
        14          0          0          0          0         68   __printf_wp.o
         0          0          0          0          0          0   __rtentry.o
        12          0          0          0          0          0   __rtentry2.o
         6          0          0          0          0          0   __rtentry4.o
        52          8          0          0          0          0   __scatter.o
        28          0          0          0          0          0   __scatter_zi.o
        72          0          0          0          0         96   _c16rtomb.o
         6          0          0          0          0          0   _printf_a.o
         6          0          0          0          0          0   _printf_c.o
        44          0          0          0          0        108   _printf_char.o
        48          6          0          0          0         96   _printf_char_common.o
        40          0          0          0          0         68   _printf_charcount.o
         6          0          0          0          0          0   _printf_d.o
       120         16          0          0          0         92   _printf_dec.o
         6          0          0          0          0          0   _printf_e.o
         6          0          0          0          0          0   _printf_f.o
      1052          0          0          0          0        148   _printf_fp_dec.o
       764          8         38          0          0        100   _printf_fp_hex.o
       128         16          0          0          0         84   _printf_fp_infnan.o
         6          0          0          0          0          0   _printf_g.o
       148          4         40          0          0        160   _printf_hex_int_ll_ptr.o
         6          0          0          0          0          0   _printf_i.o
       178          0          0          0          0         88   _printf_intcommon.o
        10          0          0          0          0          0   _printf_l.o
         6          0          0          0          0          0   _printf_lc.o
        10          0          0          0          0          0   _printf_ll.o
         6          0          0          0          0          0   _printf_lld.o
         6          0          0          0          0          0   _printf_lli.o
         6          0          0          0          0          0   _printf_llo.o
         6          0          0          0          0          0   _printf_llu.o
         6          0          0          0          0          0   _printf_llx.o
       124         16          0          0          0         92   _printf_longlong_dec.o
         6          0          0          0          0          0   _printf_ls.o
         6          0          0          0          0          0   _printf_n.o
         6          0          0          0          0          0   _printf_o.o
       112          8          0          0          0        124   _printf_oct_int_ll.o
         6          0          0          0          0          0   _printf_p.o
        78          0          0          0          0        108   _printf_pad.o
         0          0          0          0          0          0   _printf_percent.o
         4          0          0          0          0          0   _printf_percent_end.o
         6          0          0          0          0          0   _printf_s.o
        82          0          0          0          0         80   _printf_str.o
        36          0          0          0          0         84   _printf_truncate.o
         6          0          0          0          0          0   _printf_u.o
        44          0          0          0          0        108   _printf_wchar.o
       188          6          8          0          0         92   _printf_wctomb.o
         6          0          0          0          0          0   _printf_x.o
        10          0          0          0          0         68   _sputc.o
       228          4        148          0          0         96   bigflt0.o
      1936        128          0          0          0        668   btod.o
        18          0          0          0          0         80   exit.o
         6          0          0          0          0        152   heapauxi.o
         0          0          0          0          0          0   indicate_semi.o
        44         10        272          0          0         76   lc_ctype_c.o
        44         10         28          0          0         76   lc_numeric_c.o
         2          0          0          0          0          0   libinit.o
        34          0          0          0          0          0   libinit2.o
         2          0          0          0          0          0   libshutdown.o
         2          0          0          0          0          0   libshutdown2.o
         8          4          0          0         96         68   libspace.o
       138          0          0          0          0         80   lludiv10.o
        16          4          0          0          0         76   rt_ctype_table.o
         8          4          0          0          0         68   rt_locale_intlibspace.o
         2          0          0          0          0          0   rtexit.o
        10          0          0          0          0          0   rtexit2.o
        44          6          0          0          0         84   sprintf.o
        24          0          0          0          0         68   strcat.o
       124          0          0          0          0         88   strcmpv7em.o
        72          0          0          0          0         80   strcpy.o
        62          0          0          0          0         76   strlen.o
        12          4          0          0          0         68   sys_exit.o
        74          0          0          0          0         80   sys_stackheap_outer.o
         2          0          0          0          0         68   use_no_semi.o
        26          0          0          0          0        116   fpinit.o
         4          0          0          0          0        116   printf1.o
         4          0          0          0          0        116   printf2.o
         0          0          0          0          0          0   usenofp.o
        48          0          0          0          0        124   fpclassify.o

    ----------------------------------------------------------------------
      7000        266        552          0         96       4548   Library Totals
        24          0          1          0          0          0   (incl. Padding)

    ----------------------------------------------------------------------

      Code (inc. data)   RO Data    RW Data    ZI Data      Debug   Library Name

      6894        266        551          0         96       4076   c_w.l
        34          0          0          0          0        348   fz_wm.l
        48          0          0          0          0        124   m_wm.l

    ----------------------------------------------------------------------
      7000        266        552          0         96       4548   Library Totals

    ----------------------------------------------------------------------

==============================================================================


      Code (inc. data)   RO Data    RW Data    ZI Data      Debug   

      9804        292       1080       2400       3760      37028   Grand Totals
      9804        292       1080        140       3760      37028   ELF Image Totals (compressed)
      9804        292       1080        140          0          0   ROM Totals

==============================================================================

    Total RO  Size (Code + RO Data)                10884 (  10.63kB)
    Total RW  Size (RW Data + ZI Data)              6160 (   6.02kB)
    Total ROM Size (Code + RO Data + RW Data)      11024 (  10.77kB)

==============================================================================

